src/components/AchievementPopup.tsx(3,43): error TS2792: Cannot find module 'lucide-react'. Did you mean to set the 'moduleResolution' option to 'nodenext', or to add aliases to the 'paths' option?
src/components/AchievementPopup.tsx(75,9): error TS2339: Property 'div' does not exist on type 'JSX.IntrinsicElements'.
src/components/AchievementPopup.tsx(80,9): error TS2339: Property 'div' does not exist on type 'JSX.IntrinsicElements'.
src/components/AchievementPopup.tsx(82,13): error TS2339: Property 'div' does not exist on type 'JSX.IntrinsicElements'.
src/components/AchievementPopup.tsx(97,13): error TS2339: Property 'div' does not exist on type 'JSX.IntrinsicElements'.
src/components/AchievementPopup.tsx(99,9): error TS2339: Property 'div' does not exist on type 'JSX.IntrinsicElements'.
src/components/AchievementPopup.tsx(103,7): error TS2339: Property 'div' does not exist on type 'JSX.IntrinsicElements'.
src/components/AchievementPopup.tsx(114,9): error TS2339: Property 'div' does not exist on type 'JSX.IntrinsicElements'.
src/components/AchievementPopup.tsx(116,11): error TS2339: Property 'button' does not exist on type 'JSX.IntrinsicElements'.
src/components/AchievementPopup.tsx(121,11): error TS2339: Property 'button' does not exist on type 'JSX.IntrinsicElements'.
src/components/AchievementPopup.tsx(124,11): error TS2339: Property 'div' does not exist on type 'JSX.IntrinsicElements'.
src/components/AchievementPopup.tsx(125,13): error TS2339: Property 'div' does not exist on type 'JSX.IntrinsicElements'.
src/components/AchievementPopup.tsx(127,15): error TS2339: Property 'div' does not exist on type 'JSX.IntrinsicElements'.
src/components/AchievementPopup.tsx(129,15): error TS2339: Property 'div' does not exist on type 'JSX.IntrinsicElements'.
src/components/AchievementPopup.tsx(130,13): error TS2339: Property 'div' does not exist on type 'JSX.IntrinsicElements'.
src/components/AchievementPopup.tsx(132,13): error TS2339: Property 'h1' does not exist on type 'JSX.IntrinsicElements'.
src/components/AchievementPopup.tsx(134,13): error TS2339: Property 'h1' does not exist on type 'JSX.IntrinsicElements'.
src/components/AchievementPopup.tsx(136,13): error TS2339: Property 'div' does not exist on type 'JSX.IntrinsicElements'.
src/components/AchievementPopup.tsx(138,13): error TS2339: Property 'div' does not exist on type 'JSX.IntrinsicElements'.
src/components/AchievementPopup.tsx(139,11): error TS2339: Property 'div' does not exist on type 'JSX.IntrinsicElements'.
src/components/AchievementPopup.tsx(142,11): error TS2339: Property 'div' does not exist on type 'JSX.IntrinsicElements'.
src/components/AchievementPopup.tsx(143,13): error TS2339: Property 'h2' does not exist on type 'JSX.IntrinsicElements'.
src/components/AchievementPopup.tsx(145,13): error TS2339: Property 'h2' does not exist on type 'JSX.IntrinsicElements'.
src/components/AchievementPopup.tsx(146,13): error TS2339: Property 'p' does not exist on type 'JSX.IntrinsicElements'.
src/components/AchievementPopup.tsx(148,13): error TS2339: Property 'p' does not exist on type 'JSX.IntrinsicElements'.
src/components/AchievementPopup.tsx(151,13): error TS2339: Property 'div' does not exist on type 'JSX.IntrinsicElements'.
src/components/AchievementPopup.tsx(152,15): error TS2339: Property 'div' does not exist on type 'JSX.IntrinsicElements'.
src/components/AchievementPopup.tsx(154,15): error TS2339: Property 'div' does not exist on type 'JSX.IntrinsicElements'.
src/components/AchievementPopup.tsx(155,15): error TS2339: Property 'div' does not exist on type 'JSX.IntrinsicElements'.
src/components/AchievementPopup.tsx(157,15): error TS2339: Property 'div' does not exist on type 'JSX.IntrinsicElements'.
src/components/AchievementPopup.tsx(158,13): error TS2339: Property 'div' does not exist on type 'JSX.IntrinsicElements'.
src/components/AchievementPopup.tsx(159,11): error TS2339: Property 'div' does not exist on type 'JSX.IntrinsicElements'.
src/components/AchievementPopup.tsx(162,11): error TS2339: Property 'button' does not exist on type 'JSX.IntrinsicElements'.
src/components/AchievementPopup.tsx(176,11): error TS2339: Property 'button' does not exist on type 'JSX.IntrinsicElements'.
src/components/AchievementPopup.tsx(179,11): error TS2339: Property 'div' does not exist on type 'JSX.IntrinsicElements'.
src/components/AchievementPopup.tsx(179,111): error TS2339: Property 'div' does not exist on type 'JSX.IntrinsicElements'.
src/components/AchievementPopup.tsx(180,11): error TS2339: Property 'div' does not exist on type 'JSX.IntrinsicElements'.
src/components/AchievementPopup.tsx(180,115): error TS2339: Property 'div' does not exist on type 'JSX.IntrinsicElements'.
src/components/AchievementPopup.tsx(181,9): error TS2339: Property 'div' does not exist on type 'JSX.IntrinsicElements'.
src/components/AchievementPopup.tsx(182,7): error TS2339: Property 'div' does not exist on type 'JSX.IntrinsicElements'.
src/components/AchievementShowcase.tsx(2,57): error TS2792: Cannot find module 'lucide-react'. Did you mean to set the 'moduleResolution' option to 'nodenext', or to add aliases to the 'paths' option?
src/components/AchievementShowcase.tsx(119,14): error TS2339: Property 'div' does not exist on type 'JSX.IntrinsicElements'.
src/components/AchievementShowcase.tsx(119,58): error TS2339: Property 'div' does not exist on type 'JSX.IntrinsicElements'.
src/components/AchievementShowcase.tsx(159,5): error TS2339: Property 'div' does not exist on type 'JSX.IntrinsicElements'.
src/components/AchievementShowcase.tsx(162,9): error TS2339: Property 'div' does not exist on type 'JSX.IntrinsicElements'.
src/components/AchievementShowcase.tsx(178,7): error TS2339: Property 'div' does not exist on type 'JSX.IntrinsicElements'.
src/components/AchievementShowcase.tsx(183,9): error TS2339: Property 'div' does not exist on type 'JSX.IntrinsicElements'.
src/components/AchievementShowcase.tsx(192,11): error TS2339: Property 'div' does not exist on type 'JSX.IntrinsicElements'.
src/components/AchievementShowcase.tsx(192,115): error TS2339: Property 'div' does not exist on type 'JSX.IntrinsicElements'.
src/components/AchievementShowcase.tsx(195,11): error TS2339: Property 'div' does not exist on type 'JSX.IntrinsicElements'.
src/components/AchievementShowcase.tsx(197,13): error TS2339: Property 'div' does not exist on type 'JSX.IntrinsicElements'.
src/components/AchievementShowcase.tsx(198,15): error TS2339: Property 'div' does not exist on type 'JSX.IntrinsicElements'.
src/components/AchievementShowcase.tsx(200,17): error TS2339: Property 'h2' does not exist on type 'JSX.IntrinsicElements'.
src/components/AchievementShowcase.tsx(200,87): error TS2339: Property 'h2' does not exist on type 'JSX.IntrinsicElements'.
src/components/AchievementShowcase.tsx(202,15): error TS2339: Property 'div' does not exist on type 'JSX.IntrinsicElements'.
src/components/AchievementShowcase.tsx(203,15): error TS2339: Property 'div' does not exist on type 'JSX.IntrinsicElements'.
src/components/AchievementShowcase.tsx(203,74): error TS2339: Property 'div' does not exist on type 'JSX.IntrinsicElements'.
src/components/AchievementShowcase.tsx(204,13): error TS2339: Property 'div' does not exist on type 'JSX.IntrinsicElements'.
src/components/AchievementShowcase.tsx(207,13): error TS2339: Property 'div' does not exist on type 'JSX.IntrinsicElements'.
src/components/AchievementShowcase.tsx(208,15): error TS2339: Property 'div' does not exist on type 'JSX.IntrinsicElements'.
src/components/AchievementShowcase.tsx(209,17): error TS2339: Property 'div' does not exist on type 'JSX.IntrinsicElements'.
src/components/AchievementShowcase.tsx(210,19): error TS2339: Property 'div' does not exist on type 'JSX.IntrinsicElements'.
src/components/AchievementShowcase.tsx(212,19): error TS2339: Property 'div' does not exist on type 'JSX.IntrinsicElements'.
src/components/AchievementShowcase.tsx(213,17): error TS2339: Property 'div' does not exist on type 'JSX.IntrinsicElements'.
src/components/AchievementShowcase.tsx(214,15): error TS2339: Property 'div' does not exist on type 'JSX.IntrinsicElements'.
src/components/AchievementShowcase.tsx(216,15): error TS2339: Property 'h3' does not exist on type 'JSX.IntrinsicElements'.
src/components/AchievementShowcase.tsx(218,15): error TS2339: Property 'h3' does not exist on type 'JSX.IntrinsicElements'.
src/components/AchievementShowcase.tsx(221,15): error TS2339: Property 'div' does not exist on type 'JSX.IntrinsicElements'.
src/components/AchievementShowcase.tsx(222,17): error TS2339: Property 'div' does not exist on type 'JSX.IntrinsicElements'.
src/components/AchievementShowcase.tsx(224,19): error TS2339: Property 'span' does not exist on type 'JSX.IntrinsicElements'.
src/components/AchievementShowcase.tsx(226,19): error TS2339: Property 'span' does not exist on type 'JSX.IntrinsicElements'.
src/components/AchievementShowcase.tsx(228,17): error TS2339: Property 'div' does not exist on type 'JSX.IntrinsicElements'.
src/components/AchievementShowcase.tsx(229,17): error TS2339: Property 'div' does not exist on type 'JSX.IntrinsicElements'.
src/components/AchievementShowcase.tsx(231,17): error TS2339: Property 'div' does not exist on type 'JSX.IntrinsicElements'.
src/components/AchievementShowcase.tsx(232,15): error TS2339: Property 'div' does not exist on type 'JSX.IntrinsicElements'.
src/components/AchievementShowcase.tsx(233,13): error TS2339: Property 'div' does not exist on type 'JSX.IntrinsicElements'.
src/components/AchievementShowcase.tsx(236,13): error TS2339: Property 'div' does not exist on type 'JSX.IntrinsicElements'.
src/components/AchievementShowcase.tsx(237,15): error TS2339: Property 'div' does not exist on type 'JSX.IntrinsicElements'.
src/components/AchievementShowcase.tsx(237,55): error TS2339: Property 'div' does not exist on type 'JSX.IntrinsicElements'.
src/components/AchievementShowcase.tsx(238,15): error TS2339: Property 'div' does not exist on type 'JSX.IntrinsicElements'.
src/components/AchievementShowcase.tsx(238,81): error TS2339: Property 'div' does not exist on type 'JSX.IntrinsicElements'.
src/components/AchievementShowcase.tsx(239,13): error TS2339: Property 'div' does not exist on type 'JSX.IntrinsicElements'.
src/components/AchievementShowcase.tsx(240,11): error TS2339: Property 'div' does not exist on type 'JSX.IntrinsicElements'.
src/components/AchievementShowcase.tsx(241,9): error TS2339: Property 'div' does not exist on type 'JSX.IntrinsicElements'.
src/components/AchievementShowcase.tsx(242,7): error TS2339: Property 'div' does not exist on type 'JSX.IntrinsicElements'.
src/components/AchievementShowcase.tsx(245,7): error TS2339: Property 'div' does not exist on type 'JSX.IntrinsicElements'.
src/components/AchievementShowcase.tsx(248,5): error TS2339: Property 'div' does not exist on type 'JSX.IntrinsicElements'.
src/components/AdaptiveButton.tsx(51,5): error TS2339: Property 'button' does not exist on type 'JSX.IntrinsicElements'.
src/components/AdaptiveButton.tsx(74,9): error TS2339: Property 'span' does not exist on type 'JSX.IntrinsicElements'.
src/components/AdaptiveButton.tsx(74,61): error TS2339: Property 'span' does not exist on type 'JSX.IntrinsicElements'.
src/components/AdaptiveButton.tsx(77,9): error TS2339: Property 'span' does not exist on type 'JSX.IntrinsicElements'.
src/components/AdaptiveButton.tsx(77,46): error TS2339: Property 'span' does not exist on type 'JSX.IntrinsicElements'.
src/components/AdaptiveButton.tsx(80,9): error TS2339: Property 'span' does not exist on type 'JSX.IntrinsicElements'.
src/components/AdaptiveButton.tsx(80,61): error TS2339: Property 'span' does not exist on type 'JSX.IntrinsicElements'.
src/components/AdaptiveButton.tsx(82,5): error TS2339: Property 'button' does not exist on type 'JSX.IntrinsicElements'.
src/components/AdaptivePanel.tsx(2,19): error TS2792: Cannot find module 'lucide-react'. Did you mean to set the 'moduleResolution' option to 'nodenext', or to add aliases to the 'paths' option?
src/components/AdaptivePanel.tsx(42,5): error TS2339: Property 'div' does not exist on type 'JSX.IntrinsicElements'.
src/components/AdaptivePanel.tsx(60,7): error TS2339: Property 'div' does not exist on type 'JSX.IntrinsicElements'.
src/components/AdaptivePanel.tsx(61,9): error TS2339: Property 'div' does not exist on type 'JSX.IntrinsicElements'.
src/components/AdaptivePanel.tsx(62,20): error TS2339: Property 'span' does not exist on type 'JSX.IntrinsicElements'.
src/components/AdaptivePanel.tsx(62,55): error TS2339: Property 'span' does not exist on type 'JSX.IntrinsicElements'.
src/components/AdaptivePanel.tsx(66,9): error TS2339: Property 'div' does not exist on type 'JSX.IntrinsicElements'.
src/components/AdaptivePanel.tsx(84,7): error TS2339: Property 'div' does not exist on type 'JSX.IntrinsicElements'.
src/components/AdaptivePanel.tsx(87,7): error TS2339: Property 'div' does not exist on type 'JSX.IntrinsicElements'.
src/components/AdaptivePanel.tsx(93,7): error TS2339: Property 'div' does not exist on type 'JSX.IntrinsicElements'.
src/components/AdaptivePanel.tsx(94,5): error TS2339: Property 'div' does not exist on type 'JSX.IntrinsicElements'.
src/components/AdaptiveText.tsx(51,5): error TS2339: Property 'span' does not exist on type 'JSX.IntrinsicElements'.
src/components/AdaptiveText.tsx(67,5): error TS2339: Property 'span' does not exist on type 'JSX.IntrinsicElements'.
src/components/AutomationShop.tsx(5,56): error TS2792: Cannot find module 'lucide-react'. Did you mean to set the 'moduleResolution' option to 'nodenext', or to add aliases to the 'paths' option?
src/components/AutomationShop.tsx(53,5): error TS2339: Property 'div' does not exist on type 'JSX.IntrinsicElements'.
src/components/AutomationShop.tsx(55,7): error TS2339: Property 'div' does not exist on type 'JSX.IntrinsicElements'.
src/components/AutomationShop.tsx(56,9): error TS2339: Property 'h2' does not exist on type 'JSX.IntrinsicElements'.
src/components/AutomationShop.tsx(59,9): error TS2339: Property 'h2' does not exist on type 'JSX.IntrinsicElements'.
src/components/AutomationShop.tsx(60,9): error TS2339: Property 'button' does not exist on type 'JSX.IntrinsicElements'.
src/components/AutomationShop.tsx(66,9): error TS2339: Property 'button' does not exist on type 'JSX.IntrinsicElements'.
src/components/AutomationShop.tsx(67,7): error TS2339: Property 'div' does not exist on type 'JSX.IntrinsicElements'.
src/components/AutomationShop.tsx(70,7): error TS2339: Property 'div' does not exist on type 'JSX.IntrinsicElements'.
src/components/AutomationShop.tsx(71,9): error TS2339: Property 'div' does not exist on type 'JSX.IntrinsicElements'.
src/components/AutomationShop.tsx(71,64): error TS2339: Property 'div' does not exist on type 'JSX.IntrinsicElements'.
src/components/AutomationShop.tsx(72,9): error TS2339: Property 'div' does not exist on type 'JSX.IntrinsicElements'.
src/components/AutomationShop.tsx(72,82): error TS2339: Property 'div' does not exist on type 'JSX.IntrinsicElements'.
src/components/AutomationShop.tsx(73,7): error TS2339: Property 'div' does not exist on type 'JSX.IntrinsicElements'.
src/components/AutomationShop.tsx(76,7): error TS2339: Property 'div' does not exist on type 'JSX.IntrinsicElements'.
src/components/AutomationShop.tsx(77,9): error TS2339: Property 'h3' does not exist on type 'JSX.IntrinsicElements'.
src/components/AutomationShop.tsx(77,76): error TS2339: Property 'h3' does not exist on type 'JSX.IntrinsicElements'.
src/components/AutomationShop.tsx(78,9): error TS2339: Property 'div' does not exist on type 'JSX.IntrinsicElements'.
src/components/AutomationShop.tsx(79,11): error TS2339: Property 'div' does not exist on type 'JSX.IntrinsicElements'.
src/components/AutomationShop.tsx(80,13): error TS2339: Property 'span' does not exist on type 'JSX.IntrinsicElements'.
src/components/AutomationShop.tsx(80,58): error TS2339: Property 'span' does not exist on type 'JSX.IntrinsicElements'.
src/components/AutomationShop.tsx(81,13): error TS2339: Property 'span' does not exist on type 'JSX.IntrinsicElements'.
src/components/AutomationShop.tsx(83,13): error TS2339: Property 'span' does not exist on type 'JSX.IntrinsicElements'.
src/components/AutomationShop.tsx(84,11): error TS2339: Property 'div' does not exist on type 'JSX.IntrinsicElements'.
src/components/AutomationShop.tsx(85,11): error TS2339: Property 'div' does not exist on type 'JSX.IntrinsicElements'.
src/components/AutomationShop.tsx(86,13): error TS2339: Property 'span' does not exist on type 'JSX.IntrinsicElements'.
src/components/AutomationShop.tsx(86,56): error TS2339: Property 'span' does not exist on type 'JSX.IntrinsicElements'.
src/components/AutomationShop.tsx(87,13): error TS2339: Property 'span' does not exist on type 'JSX.IntrinsicElements'.
src/components/AutomationShop.tsx(89,13): error TS2339: Property 'span' does not exist on type 'JSX.IntrinsicElements'.
src/components/AutomationShop.tsx(90,11): error TS2339: Property 'div' does not exist on type 'JSX.IntrinsicElements'.
src/components/AutomationShop.tsx(91,11): error TS2339: Property 'div' does not exist on type 'JSX.IntrinsicElements'.
src/components/AutomationShop.tsx(92,13): error TS2339: Property 'span' does not exist on type 'JSX.IntrinsicElements'.
src/components/AutomationShop.tsx(92,57): error TS2339: Property 'span' does not exist on type 'JSX.IntrinsicElements'.
src/components/AutomationShop.tsx(93,13): error TS2339: Property 'span' does not exist on type 'JSX.IntrinsicElements'.
src/components/AutomationShop.tsx(95,13): error TS2339: Property 'span' does not exist on type 'JSX.IntrinsicElements'.
src/components/AutomationShop.tsx(96,11): error TS2339: Property 'div' does not exist on type 'JSX.IntrinsicElements'.
src/components/AutomationShop.tsx(97,9): error TS2339: Property 'div' does not exist on type 'JSX.IntrinsicElements'.
src/components/AutomationShop.tsx(98,7): error TS2339: Property 'div' does not exist on type 'JSX.IntrinsicElements'.
src/components/AutomationShop.tsx(101,7): error TS2339: Property 'div' does not exist on type 'JSX.IntrinsicElements'.
src/components/AutomationShop.tsx(102,9): error TS2339: Property 'h3' does not exist on type 'JSX.IntrinsicElements'.
src/components/AutomationShop.tsx(102,72): error TS2339: Property 'h3' does not exist on type 'JSX.IntrinsicElements'.
src/components/AutomationShop.tsx(105,11): error TS2339: Property 'div' does not exist on type 'JSX.IntrinsicElements'.
src/components/AutomationShop.tsx(107,13): error TS2339: Property 'div' does not exist on type 'JSX.IntrinsicElements'.
src/components/AutomationShop.tsx(107,73): error TS2339: Property 'div' does not exist on type 'JSX.IntrinsicElements'.
src/components/AutomationShop.tsx(108,13): error TS2339: Property 'div' does not exist on type 'JSX.IntrinsicElements'.
src/components/AutomationShop.tsx(110,13): error TS2339: Property 'div' does not exist on type 'JSX.IntrinsicElements'.
src/components/AutomationShop.tsx(111,11): error TS2339: Property 'div' does not exist on type 'JSX.IntrinsicElements'.
src/components/AutomationShop.tsx(118,15): error TS2339: Property 'div' does not exist on type 'JSX.IntrinsicElements'.
src/components/AutomationShop.tsx(122,17): error TS2339: Property 'div' does not exist on type 'JSX.IntrinsicElements'.
src/components/AutomationShop.tsx(123,19): error TS2339: Property 'div' does not exist on type 'JSX.IntrinsicElements'.
src/components/AutomationShop.tsx(124,21): error TS2339: Property 'div' does not exist on type 'JSX.IntrinsicElements'.
src/components/AutomationShop.tsx(126,21): error TS2339: Property 'div' does not exist on type 'JSX.IntrinsicElements'.
src/components/AutomationShop.tsx(127,21): error TS2339: Property 'div' does not exist on type 'JSX.IntrinsicElements'.
src/components/AutomationShop.tsx(128,23): error TS2339: Property 'div' does not exist on type 'JSX.IntrinsicElements'.
src/components/AutomationShop.tsx(128,83): error TS2339: Property 'div' does not exist on type 'JSX.IntrinsicElements'.
src/components/AutomationShop.tsx(129,23): error TS2339: Property 'div' does not exist on type 'JSX.IntrinsicElements'.
src/components/AutomationShop.tsx(131,23): error TS2339: Property 'div' does not exist on type 'JSX.IntrinsicElements'.
src/components/AutomationShop.tsx(132,21): error TS2339: Property 'div' does not exist on type 'JSX.IntrinsicElements'.
src/components/AutomationShop.tsx(133,19): error TS2339: Property 'div' does not exist on type 'JSX.IntrinsicElements'.
src/components/AutomationShop.tsx(134,19): error TS2339: Property 'div' does not exist on type 'JSX.IntrinsicElements'.
src/components/AutomationShop.tsx(135,21): error TS2339: Property 'div' does not exist on type 'JSX.IntrinsicElements'.
src/components/AutomationShop.tsx(137,21): error TS2339: Property 'div' does not exist on type 'JSX.IntrinsicElements'.
src/components/AutomationShop.tsx(138,19): error TS2339: Property 'div' does not exist on type 'JSX.IntrinsicElements'.
src/components/AutomationShop.tsx(139,17): error TS2339: Property 'div' does not exist on type 'JSX.IntrinsicElements'.
src/components/AutomationShop.tsx(141,17): error TS2339: Property 'div' does not exist on type 'JSX.IntrinsicElements'.
src/components/AutomationShop.tsx(143,17): error TS2339: Property 'div' does not exist on type 'JSX.IntrinsicElements'.
src/components/AutomationShop.tsx(145,17): error TS2339: Property 'button' does not exist on type 'JSX.IntrinsicElements'.
src/components/AutomationShop.tsx(155,17): error TS2339: Property 'button' does not exist on type 'JSX.IntrinsicElements'.
src/components/AutomationShop.tsx(156,15): error TS2339: Property 'div' does not exist on type 'JSX.IntrinsicElements'.
src/components/AutomationShop.tsx(160,7): error TS2339: Property 'div' does not exist on type 'JSX.IntrinsicElements'.
src/components/AutomationShop.tsx(163,7): error TS2339: Property 'div' does not exist on type 'JSX.IntrinsicElements'.
src/components/AutomationShop.tsx(164,9): error TS2339: Property 'div' does not exist on type 'JSX.IntrinsicElements'.
src/components/AutomationShop.tsx(165,11): error TS2339: Property 'div' does not exist on type 'JSX.IntrinsicElements'.
src/components/AutomationShop.tsx(165,70): error TS2339: Property 'div' does not exist on type 'JSX.IntrinsicElements'.
src/components/AutomationShop.tsx(166,11): error TS2339: Property 'ul' does not exist on type 'JSX.IntrinsicElements'.
src/components/AutomationShop.tsx(167,13): error TS2339: Property 'li' does not exist on type 'JSX.IntrinsicElements'.
src/components/AutomationShop.tsx(167,62): error TS2339: Property 'li' does not exist on type 'JSX.IntrinsicElements'.
src/components/AutomationShop.tsx(168,13): error TS2339: Property 'li' does not exist on type 'JSX.IntrinsicElements'.
src/components/AutomationShop.tsx(168,57): error TS2339: Property 'li' does not exist on type 'JSX.IntrinsicElements'.
src/components/AutomationShop.tsx(169,13): error TS2339: Property 'li' does not exist on type 'JSX.IntrinsicElements'.
src/components/AutomationShop.tsx(169,60): error TS2339: Property 'li' does not exist on type 'JSX.IntrinsicElements'.
src/components/AutomationShop.tsx(170,13): error TS2339: Property 'li' does not exist on type 'JSX.IntrinsicElements'.
src/components/AutomationShop.tsx(170,56): error TS2339: Property 'li' does not exist on type 'JSX.IntrinsicElements'.
src/components/AutomationShop.tsx(171,11): error TS2339: Property 'ul' does not exist on type 'JSX.IntrinsicElements'.
src/components/AutomationShop.tsx(172,9): error TS2339: Property 'div' does not exist on type 'JSX.IntrinsicElements'.
src/components/AutomationShop.tsx(173,7): error TS2339: Property 'div' does not exist on type 'JSX.IntrinsicElements'.
src/components/AutomationShop.tsx(174,5): error TS2339: Property 'div' does not exist on type 'JSX.IntrinsicElements'.
src/components/CampaignPanel.tsx(3,39): error TS2792: Cannot find module 'lucide-react'. Did you mean to set the 'moduleResolution' option to 'nodenext', or to add aliases to the 'paths' option?
src/components/CampaignPanel.tsx(37,7): error TS2339: Property 'div' does not exist on type 'JSX.IntrinsicElements'.
src/components/CampaignPanel.tsx(39,9): error TS2339: Property 'div' does not exist on type 'JSX.IntrinsicElements'.
src/components/CampaignPanel.tsx(40,11): error TS2339: Property 'div' does not exist on type 'JSX.IntrinsicElements'.
src/components/CampaignPanel.tsx(40,101): error TS2339: Property 'div' does not exist on type 'JSX.IntrinsicElements'.
src/components/CampaignPanel.tsx(41,11): error TS2339: Property 'div' does not exist on type 'JSX.IntrinsicElements'.
src/components/CampaignPanel.tsx(42,13): error TS2339: Property 'div' does not exist on type 'JSX.IntrinsicElements'.
src/components/CampaignPanel.tsx(46,11): error TS2339: Property 'div' does not exist on type 'JSX.IntrinsicElements'.
src/components/CampaignPanel.tsx(47,9): error TS2339: Property 'div' does not exist on type 'JSX.IntrinsicElements'.
src/components/CampaignPanel.tsx(50,9): error TS2339: Property 'div' does not exist on type 'JSX.IntrinsicElements'.
src/components/CampaignPanel.tsx(51,11): error TS2339: Property 'div' does not exist on type 'JSX.IntrinsicElements'.
src/components/CampaignPanel.tsx(53,13): error TS2339: Property 'span' does not exist on type 'JSX.IntrinsicElements'.
src/components/CampaignPanel.tsx(53,86): error TS2339: Property 'span' does not exist on type 'JSX.IntrinsicElements'.
src/components/CampaignPanel.tsx(54,11): error TS2339: Property 'div' does not exist on type 'JSX.IntrinsicElements'.
src/components/CampaignPanel.tsx(55,11): error TS2339: Property 'div' does not exist on type 'JSX.IntrinsicElements'.
src/components/CampaignPanel.tsx(56,13): error TS2339: Property 'div' does not exist on type 'JSX.IntrinsicElements'.
src/components/CampaignPanel.tsx(63,11): error TS2339: Property 'div' does not exist on type 'JSX.IntrinsicElements'.
src/components/CampaignPanel.tsx(64,11): error TS2339: Property 'div' does not exist on type 'JSX.IntrinsicElements'.
src/components/CampaignPanel.tsx(64,113): error TS2339: Property 'div' does not exist on type 'JSX.IntrinsicElements'.
src/components/CampaignPanel.tsx(65,9): error TS2339: Property 'div' does not exist on type 'JSX.IntrinsicElements'.
src/components/CampaignPanel.tsx(68,9): error TS2339: Property 'div' does not exist on type 'JSX.IntrinsicElements'.
src/components/CampaignPanel.tsx(75,15): error TS2339: Property 'button' does not exist on type 'JSX.IntrinsicElements'.
src/components/CampaignPanel.tsx(90,17): error TS2339: Property 'div' does not exist on type 'JSX.IntrinsicElements'.
src/components/CampaignPanel.tsx(91,19): error TS2339: Property 'h3' does not exist on type 'JSX.IntrinsicElements'.
src/components/CampaignPanel.tsx(93,19): error TS2339: Property 'h3' does not exist on type 'JSX.IntrinsicElements'.
src/components/CampaignPanel.tsx(94,19): error TS2339: Property 'div' does not exist on type 'JSX.IntrinsicElements'.
src/components/CampaignPanel.tsx(95,21): error TS2339: Property 'div' does not exist on type 'JSX.IntrinsicElements'.
src/components/CampaignPanel.tsx(97,21): error TS2339: Property 'div' does not exist on type 'JSX.IntrinsicElements'.
src/components/CampaignPanel.tsx(98,19): error TS2339: Property 'div' does not exist on type 'JSX.IntrinsicElements'.
src/components/CampaignPanel.tsx(99,17): error TS2339: Property 'div' does not exist on type 'JSX.IntrinsicElements'.
src/components/CampaignPanel.tsx(101,17): error TS2339: Property 'p' does not exist on type 'JSX.IntrinsicElements'.
src/components/CampaignPanel.tsx(101,118): error TS2339: Property 'p' does not exist on type 'JSX.IntrinsicElements'.
src/components/CampaignPanel.tsx(103,17): error TS2339: Property 'div' does not exist on type 'JSX.IntrinsicElements'.
src/components/CampaignPanel.tsx(104,19): error TS2339: Property 'span' does not exist on type 'JSX.IntrinsicElements'.
src/components/CampaignPanel.tsx(104,119): error TS2339: Property 'span' does not exist on type 'JSX.IntrinsicElements'.
src/components/CampaignPanel.tsx(105,19): error TS2339: Property 'span' does not exist on type 'JSX.IntrinsicElements'.
src/components/CampaignPanel.tsx(105,120): error TS2339: Property 'span' does not exist on type 'JSX.IntrinsicElements'.
src/components/CampaignPanel.tsx(106,17): error TS2339: Property 'div' does not exist on type 'JSX.IntrinsicElements'.
src/components/CampaignPanel.tsx(109,19): error TS2339: Property 'div' does not exist on type 'JSX.IntrinsicElements'.
src/components/CampaignPanel.tsx(111,19): error TS2339: Property 'div' does not exist on type 'JSX.IntrinsicElements'.
src/components/CampaignPanel.tsx(113,15): error TS2339: Property 'button' does not exist on type 'JSX.IntrinsicElements'.
src/components/CampaignPanel.tsx(116,9): error TS2339: Property 'div' does not exist on type 'JSX.IntrinsicElements'.
src/components/CampaignPanel.tsx(117,7): error TS2339: Property 'div' does not exist on type 'JSX.IntrinsicElements'.
src/components/CampaignVisualEffects.tsx(3,48): error TS2792: Cannot find module 'lucide-react'. Did you mean to set the 'moduleResolution' option to 'nodenext', or to add aliases to the 'paths' option?
src/components/CampaignVisualEffects.tsx(119,5): error TS2339: Property 'div' does not exist on type 'JSX.IntrinsicElements'.
src/components/CampaignVisualEffects.tsx(131,11): error TS2339: Property 'div' does not exist on type 'JSX.IntrinsicElements'.
src/components/CampaignVisualEffects.tsx(143,13): error TS2339: Property 'div' does not exist on type 'JSX.IntrinsicElements'.
src/components/CampaignVisualEffects.tsx(153,13): error TS2339: Property 'div' does not exist on type 'JSX.IntrinsicElements'.
src/components/CampaignVisualEffects.tsx(155,13): error TS2339: Property 'div' does not exist on type 'JSX.IntrinsicElements'.
src/components/CampaignVisualEffects.tsx(158,13): error TS2339: Property 'div' does not exist on type 'JSX.IntrinsicElements'.
src/components/CampaignVisualEffects.tsx(160,13): error TS2339: Property 'div' does not exist on type 'JSX.IntrinsicElements'.
src/components/CampaignVisualEffects.tsx(161,11): error TS2339: Property 'div' does not exist on type 'JSX.IntrinsicElements'.
src/components/CampaignVisualEffects.tsx(167,9): error TS2339: Property 'div' does not exist on type 'JSX.IntrinsicElements'.
src/components/CampaignVisualEffects.tsx(168,11): error TS2339: Property 'div' does not exist on type 'JSX.IntrinsicElements'.
src/components/CampaignVisualEffects.tsx(174,13): error TS2339: Property 'div' does not exist on type 'JSX.IntrinsicElements'.
src/components/CampaignVisualEffects.tsx(175,15): error TS2339: Property 'div' does not exist on type 'JSX.IntrinsicElements'.
src/components/CampaignVisualEffects.tsx(179,15): error TS2339: Property 'div' does not exist on type 'JSX.IntrinsicElements'.
src/components/CampaignVisualEffects.tsx(180,15): error TS2339: Property 'div' does not exist on type 'JSX.IntrinsicElements'.
src/components/CampaignVisualEffects.tsx(182,15): error TS2339: Property 'div' does not exist on type 'JSX.IntrinsicElements'.
src/components/CampaignVisualEffects.tsx(183,13): error TS2339: Property 'div' does not exist on type 'JSX.IntrinsicElements'.
src/components/CampaignVisualEffects.tsx(184,11): error TS2339: Property 'div' does not exist on type 'JSX.IntrinsicElements'.
src/components/CampaignVisualEffects.tsx(185,9): error TS2339: Property 'div' does not exist on type 'JSX.IntrinsicElements'.
src/components/CampaignVisualEffects.tsx(187,5): error TS2339: Property 'div' does not exist on type 'JSX.IntrinsicElements'.
src/components/CharacterDialogue.tsx(2,41): error TS2792: Cannot find module 'framer-motion'. Did you mean to set the 'moduleResolution' option to 'nodenext', or to add aliases to the 'paths' option?
src/components/CharacterDialogue.tsx(3,67): error TS2792: Cannot find module 'lucide-react'. Did you mean to set the 'moduleResolution' option to 'nodenext', or to add aliases to the 'paths' option?
src/components/CharacterDialogue.tsx(93,11): error TS2339: Property 'div' does not exist on type 'JSX.IntrinsicElements'.
src/components/CharacterDialogue.tsx(94,13): error TS2339: Property 'div' does not exist on type 'JSX.IntrinsicElements'.
src/components/CharacterDialogue.tsx(95,15): error TS2339: Property 'div' does not exist on type 'JSX.IntrinsicElements'.
src/components/CharacterDialogue.tsx(97,15): error TS2339: Property 'div' does not exist on type 'JSX.IntrinsicElements'.
src/components/CharacterDialogue.tsx(98,15): error TS2339: Property 'div' does not exist on type 'JSX.IntrinsicElements'.
src/components/CharacterDialogue.tsx(99,17): error TS2339: Property 'h3' does not exist on type 'JSX.IntrinsicElements'.
src/components/CharacterDialogue.tsx(99,109): error TS2339: Property 'h3' does not exist on type 'JSX.IntrinsicElements'.
src/components/CharacterDialogue.tsx(100,17): error TS2339: Property 'p' does not exist on type 'JSX.IntrinsicElements'.
src/components/CharacterDialogue.tsx(100,118): error TS2339: Property 'p' does not exist on type 'JSX.IntrinsicElements'.
src/components/CharacterDialogue.tsx(101,15): error TS2339: Property 'div' does not exist on type 'JSX.IntrinsicElements'.
src/components/CharacterDialogue.tsx(102,13): error TS2339: Property 'div' does not exist on type 'JSX.IntrinsicElements'.
src/components/CharacterDialogue.tsx(103,13): error TS2339: Property 'button' does not exist on type 'JSX.IntrinsicElements'.
src/components/CharacterDialogue.tsx(108,13): error TS2339: Property 'button' does not exist on type 'JSX.IntrinsicElements'.
src/components/CharacterDialogue.tsx(109,11): error TS2339: Property 'div' does not exist on type 'JSX.IntrinsicElements'.
src/components/CharacterDialogue.tsx(112,11): error TS2339: Property 'div' does not exist on type 'JSX.IntrinsicElements'.
src/components/CharacterDialogue.tsx(113,13): error TS2339: Property 'div' does not exist on type 'JSX.IntrinsicElements'.
src/components/CharacterDialogue.tsx(114,15): error TS2339: Property 'div' does not exist on type 'JSX.IntrinsicElements'.
src/components/CharacterDialogue.tsx(116,15): error TS2339: Property 'div' does not exist on type 'JSX.IntrinsicElements'.
src/components/CharacterDialogue.tsx(117,15): error TS2339: Property 'p' does not exist on type 'JSX.IntrinsicElements'.
src/components/CharacterDialogue.tsx(119,30): error TS2339: Property 'span' does not exist on type 'JSX.IntrinsicElements'.
src/components/CharacterDialogue.tsx(119,63): error TS2339: Property 'span' does not exist on type 'JSX.IntrinsicElements'.
src/components/CharacterDialogue.tsx(120,15): error TS2339: Property 'p' does not exist on type 'JSX.IntrinsicElements'.
src/components/CharacterDialogue.tsx(121,13): error TS2339: Property 'div' does not exist on type 'JSX.IntrinsicElements'.
src/components/CharacterDialogue.tsx(131,19): error TS2339: Property 'button' does not exist on type 'JSX.IntrinsicElements'.
src/components/CharacterDialogue.tsx(136,21): error TS2339: Property 'span' does not exist on type 'JSX.IntrinsicElements'.
src/components/CharacterDialogue.tsx(136,69): error TS2339: Property 'span' does not exist on type 'JSX.IntrinsicElements'.
src/components/CharacterDialogue.tsx(138,19): error TS2339: Property 'button' does not exist on type 'JSX.IntrinsicElements'.
src/components/CharacterDialogue.tsx(142,11): error TS2339: Property 'div' does not exist on type 'JSX.IntrinsicElements'.
src/components/CharacterDialogue.tsx(145,11): error TS2339: Property 'div' does not exist on type 'JSX.IntrinsicElements'.
src/components/CharacterDialogue.tsx(146,13): error TS2339: Property 'div' does not exist on type 'JSX.IntrinsicElements'.
src/components/CharacterDialogue.tsx(148,15): error TS2339: Property 'span' does not exist on type 'JSX.IntrinsicElements'.
src/components/CharacterDialogue.tsx(148,94): error TS2339: Property 'span' does not exist on type 'JSX.IntrinsicElements'.
src/components/CharacterDialogue.tsx(149,13): error TS2339: Property 'div' does not exist on type 'JSX.IntrinsicElements'.
src/components/CharacterDialogue.tsx(150,13): error TS2339: Property 'div' does not exist on type 'JSX.IntrinsicElements'.
src/components/CharacterDialogue.tsx(152,13): error TS2339: Property 'div' does not exist on type 'JSX.IntrinsicElements'.
src/components/CharacterDialogue.tsx(153,11): error TS2339: Property 'div' does not exist on type 'JSX.IntrinsicElements'.
src/components/DataMarketPanel.tsx(15,8): error TS2792: Cannot find module 'lucide-react'. Did you mean to set the 'moduleResolution' option to 'nodenext', or to add aliases to the 'paths' option?
src/components/DataMarketPanel.tsx(16,41): error TS2792: Cannot find module 'framer-motion'. Did you mean to set the 'moduleResolution' option to 'nodenext', or to add aliases to the 'paths' option?
src/components/DataMarketPanel.tsx(86,7): error TS2339: Property 'div' does not exist on type 'JSX.IntrinsicElements'.
src/components/DataMarketPanel.tsx(88,9): error TS2339: Property 'div' does not exist on type 'JSX.IntrinsicElements'.
src/components/DataMarketPanel.tsx(89,11): error TS2339: Property 'div' does not exist on type 'JSX.IntrinsicElements'.
src/components/DataMarketPanel.tsx(91,13): error TS2339: Property 'div' does not exist on type 'JSX.IntrinsicElements'.
src/components/DataMarketPanel.tsx(93,15): error TS2339: Property 'div' does not exist on type 'JSX.IntrinsicElements'.
src/components/DataMarketPanel.tsx(93,132): error TS2339: Property 'div' does not exist on type 'JSX.IntrinsicElements'.
src/components/DataMarketPanel.tsx(94,13): error TS2339: Property 'div' does not exist on type 'JSX.IntrinsicElements'.
src/components/DataMarketPanel.tsx(95,11): error TS2339: Property 'div' does not exist on type 'JSX.IntrinsicElements'.
src/components/DataMarketPanel.tsx(96,11): error TS2339: Property 'div' does not exist on type 'JSX.IntrinsicElements'.
src/components/DataMarketPanel.tsx(102,11): error TS2339: Property 'div' does not exist on type 'JSX.IntrinsicElements'.
src/components/DataMarketPanel.tsx(103,9): error TS2339: Property 'div' does not exist on type 'JSX.IntrinsicElements'.
src/components/DataMarketPanel.tsx(106,9): error TS2339: Property 'div' does not exist on type 'JSX.IntrinsicElements'.
src/components/DataMarketPanel.tsx(122,17): error TS2339: Property 'div' does not exist on type 'JSX.IntrinsicElements'.
src/components/DataMarketPanel.tsx(123,19): error TS2339: Property 'div' does not exist on type 'JSX.IntrinsicElements'.
src/components/DataMarketPanel.tsx(124,21): error TS2339: Property 'div' does not exist on type 'JSX.IntrinsicElements'.
src/components/DataMarketPanel.tsx(126,21): error TS2339: Property 'div' does not exist on type 'JSX.IntrinsicElements'.
src/components/DataMarketPanel.tsx(127,21): error TS2339: Property 'div' does not exist on type 'JSX.IntrinsicElements'.
src/components/DataMarketPanel.tsx(128,23): error TS2339: Property 'h4' does not exist on type 'JSX.IntrinsicElements'.
src/components/DataMarketPanel.tsx(128,99): error TS2339: Property 'h4' does not exist on type 'JSX.IntrinsicElements'.
src/components/DataMarketPanel.tsx(129,23): error TS2339: Property 'div' does not exist on type 'JSX.IntrinsicElements'.
src/components/DataMarketPanel.tsx(129,126): error TS2339: Property 'div' does not exist on type 'JSX.IntrinsicElements'.
src/components/DataMarketPanel.tsx(130,21): error TS2339: Property 'div' does not exist on type 'JSX.IntrinsicElements'.
src/components/DataMarketPanel.tsx(131,19): error TS2339: Property 'div' does not exist on type 'JSX.IntrinsicElements'.
src/components/DataMarketPanel.tsx(133,19): error TS2339: Property 'div' does not exist on type 'JSX.IntrinsicElements'.
src/components/DataMarketPanel.tsx(134,21): error TS2339: Property 'div' does not exist on type 'JSX.IntrinsicElements'.
src/components/DataMarketPanel.tsx(137,23): error TS2339: Property 'span' does not exist on type 'JSX.IntrinsicElements'.
src/components/DataMarketPanel.tsx(141,23): error TS2339: Property 'span' does not exist on type 'JSX.IntrinsicElements'.
src/components/DataMarketPanel.tsx(142,21): error TS2339: Property 'div' does not exist on type 'JSX.IntrinsicElements'.
src/components/DataMarketPanel.tsx(143,21): error TS2339: Property 'div' does not exist on type 'JSX.IntrinsicElements'.
src/components/DataMarketPanel.tsx(143,99): error TS2339: Property 'div' does not exist on type 'JSX.IntrinsicElements'.
src/components/DataMarketPanel.tsx(144,19): error TS2339: Property 'div' does not exist on type 'JSX.IntrinsicElements'.
src/components/DataMarketPanel.tsx(145,17): error TS2339: Property 'div' does not exist on type 'JSX.IntrinsicElements'.
src/components/DataMarketPanel.tsx(155,23): error TS2339: Property 'div' does not exist on type 'JSX.IntrinsicElements'.
src/components/DataMarketPanel.tsx(156,25): error TS2339: Property 'p' does not exist on type 'JSX.IntrinsicElements'.
src/components/DataMarketPanel.tsx(158,25): error TS2339: Property 'p' does not exist on type 'JSX.IntrinsicElements'.
src/components/DataMarketPanel.tsx(161,25): error TS2339: Property 'div' does not exist on type 'JSX.IntrinsicElements'.
src/components/DataMarketPanel.tsx(162,27): error TS2339: Property 'div' does not exist on type 'JSX.IntrinsicElements'.
src/components/DataMarketPanel.tsx(164,31): error TS2339: Property 'button' does not exist on type 'JSX.IntrinsicElements'.
src/components/DataMarketPanel.tsx(172,31): error TS2339: Property 'button' does not exist on type 'JSX.IntrinsicElements'.
src/components/DataMarketPanel.tsx(174,27): error TS2339: Property 'div' does not exist on type 'JSX.IntrinsicElements'.
src/components/DataMarketPanel.tsx(176,27): error TS2339: Property 'div' does not exist on type 'JSX.IntrinsicElements'.
src/components/DataMarketPanel.tsx(178,31): error TS2339: Property 'button' does not exist on type 'JSX.IntrinsicElements'.
src/components/DataMarketPanel.tsx(186,33): error TS2339: Property 'div' does not exist on type 'JSX.IntrinsicElements'.
src/components/DataMarketPanel.tsx(187,35): error TS2339: Property 'span' does not exist on type 'JSX.IntrinsicElements'.
src/components/DataMarketPanel.tsx(187,77): error TS2339: Property 'span' does not exist on type 'JSX.IntrinsicElements'.
src/components/DataMarketPanel.tsx(188,35): error TS2339: Property 'span' does not exist on type 'JSX.IntrinsicElements'.
src/components/DataMarketPanel.tsx(188,124): error TS2339: Property 'span' does not exist on type 'JSX.IntrinsicElements'.
src/components/DataMarketPanel.tsx(189,33): error TS2339: Property 'div' does not exist on type 'JSX.IntrinsicElements'.
src/components/DataMarketPanel.tsx(190,33): error TS2339: Property 'div' does not exist on type 'JSX.IntrinsicElements'.
src/components/DataMarketPanel.tsx(191,35): error TS2339: Property 'div' does not exist on type 'JSX.IntrinsicElements'.
src/components/DataMarketPanel.tsx(193,37): error TS2339: Property 'span' does not exist on type 'JSX.IntrinsicElements'.
src/components/DataMarketPanel.tsx(193,122): error TS2339: Property 'span' does not exist on type 'JSX.IntrinsicElements'.
src/components/DataMarketPanel.tsx(194,35): error TS2339: Property 'div' does not exist on type 'JSX.IntrinsicElements'.
src/components/DataMarketPanel.tsx(195,35): error TS2339: Property 'div' does not exist on type 'JSX.IntrinsicElements'.
src/components/DataMarketPanel.tsx(195,124): error TS2339: Property 'div' does not exist on type 'JSX.IntrinsicElements'.
src/components/DataMarketPanel.tsx(196,33): error TS2339: Property 'div' does not exist on type 'JSX.IntrinsicElements'.
src/components/DataMarketPanel.tsx(203,31): error TS2339: Property 'button' does not exist on type 'JSX.IntrinsicElements'.
src/components/DataMarketPanel.tsx(205,27): error TS2339: Property 'div' does not exist on type 'JSX.IntrinsicElements'.
src/components/DataMarketPanel.tsx(206,25): error TS2339: Property 'div' does not exist on type 'JSX.IntrinsicElements'.
src/components/DataMarketPanel.tsx(207,23): error TS2339: Property 'div' does not exist on type 'JSX.IntrinsicElements'.
src/components/DataMarketPanel.tsx(214,9): error TS2339: Property 'div' does not exist on type 'JSX.IntrinsicElements'.
src/components/DataMarketPanel.tsx(217,9): error TS2339: Property 'div' does not exist on type 'JSX.IntrinsicElements'.
src/components/DataMarketPanel.tsx(219,11): error TS2339: Property 'div' does not exist on type 'JSX.IntrinsicElements'.
src/components/DataMarketPanel.tsx(220,13): error TS2339: Property 'h4' does not exist on type 'JSX.IntrinsicElements'.
src/components/DataMarketPanel.tsx(220,89): error TS2339: Property 'h4' does not exist on type 'JSX.IntrinsicElements'.
src/components/DataMarketPanel.tsx(221,13): error TS2339: Property 'p' does not exist on type 'JSX.IntrinsicElements'.
src/components/DataMarketPanel.tsx(223,13): error TS2339: Property 'p' does not exist on type 'JSX.IntrinsicElements'.
src/components/DataMarketPanel.tsx(224,11): error TS2339: Property 'div' does not exist on type 'JSX.IntrinsicElements'.
src/components/DataMarketPanel.tsx(225,9): error TS2339: Property 'div' does not exist on type 'JSX.IntrinsicElements'.
src/components/DataMarketPanel.tsx(226,7): error TS2339: Property 'div' does not exist on type 'JSX.IntrinsicElements'.
src/components/DepartmentPanel.tsx(3,46): error TS2792: Cannot find module 'lucide-react'. Did you mean to set the 'moduleResolution' option to 'nodenext', or to add aliases to the 'paths' option?
src/components/DepartmentPanel.tsx(79,7): error TS2339: Property 'div' does not exist on type 'JSX.IntrinsicElements'.
src/components/DepartmentPanel.tsx(86,13): error TS2339: Property 'div' does not exist on type 'JSX.IntrinsicElements'.
src/components/DepartmentPanel.tsx(92,15): error TS2339: Property 'div' does not exist on type 'JSX.IntrinsicElements'.
src/components/DepartmentPanel.tsx(93,17): error TS2339: Property 'div' does not exist on type 'JSX.IntrinsicElements'.
src/components/DepartmentPanel.tsx(94,19): error TS2339: Property 'div' does not exist on type 'JSX.IntrinsicElements'.
src/components/DepartmentPanel.tsx(96,19): error TS2339: Property 'div' does not exist on type 'JSX.IntrinsicElements'.
src/components/DepartmentPanel.tsx(97,19): error TS2339: Property 'div' does not exist on type 'JSX.IntrinsicElements'.
src/components/DepartmentPanel.tsx(98,21): error TS2339: Property 'h3' does not exist on type 'JSX.IntrinsicElements'.
src/components/DepartmentPanel.tsx(98,100): error TS2339: Property 'h3' does not exist on type 'JSX.IntrinsicElements'.
src/components/DepartmentPanel.tsx(99,21): error TS2339: Property 'div' does not exist on type 'JSX.IntrinsicElements'.
src/components/DepartmentPanel.tsx(99,106): error TS2339: Property 'div' does not exist on type 'JSX.IntrinsicElements'.
src/components/DepartmentPanel.tsx(100,19): error TS2339: Property 'div' does not exist on type 'JSX.IntrinsicElements'.
src/components/DepartmentPanel.tsx(101,17): error TS2339: Property 'div' does not exist on type 'JSX.IntrinsicElements'.
src/components/DepartmentPanel.tsx(102,17): error TS2339: Property 'div' does not exist on type 'JSX.IntrinsicElements'.
src/components/DepartmentPanel.tsx(103,19): error TS2339: Property 'div' does not exist on type 'JSX.IntrinsicElements'.
src/components/DepartmentPanel.tsx(105,19): error TS2339: Property 'div' does not exist on type 'JSX.IntrinsicElements'.
src/components/DepartmentPanel.tsx(107,21): error TS2339: Property 'div' does not exist on type 'JSX.IntrinsicElements'.
src/components/DepartmentPanel.tsx(109,21): error TS2339: Property 'div' does not exist on type 'JSX.IntrinsicElements'.
src/components/DepartmentPanel.tsx(111,17): error TS2339: Property 'div' does not exist on type 'JSX.IntrinsicElements'.
src/components/DepartmentPanel.tsx(112,15): error TS2339: Property 'div' does not exist on type 'JSX.IntrinsicElements'.
src/components/DepartmentPanel.tsx(114,15): error TS2339: Property 'div' does not exist on type 'JSX.IntrinsicElements'.
src/components/DepartmentPanel.tsx(116,15): error TS2339: Property 'div' does not exist on type 'JSX.IntrinsicElements'.
src/components/DepartmentPanel.tsx(118,15): error TS2339: Property 'div' does not exist on type 'JSX.IntrinsicElements'.
src/components/DepartmentPanel.tsx(119,17): error TS2339: Property 'button' does not exist on type 'JSX.IntrinsicElements'.
src/components/DepartmentPanel.tsx(129,17): error TS2339: Property 'button' does not exist on type 'JSX.IntrinsicElements'.
src/components/DepartmentPanel.tsx(131,19): error TS2339: Property 'button' does not exist on type 'JSX.IntrinsicElements'.
src/components/DepartmentPanel.tsx(136,19): error TS2339: Property 'button' does not exist on type 'JSX.IntrinsicElements'.
src/components/DepartmentPanel.tsx(138,15): error TS2339: Property 'div' does not exist on type 'JSX.IntrinsicElements'.
src/components/DepartmentPanel.tsx(139,13): error TS2339: Property 'div' does not exist on type 'JSX.IntrinsicElements'.
src/components/DepartmentPanel.tsx(152,7): error TS2339: Property 'div' does not exist on type 'JSX.IntrinsicElements'.
src/components/GameUI.tsx(3,203): error TS2792: Cannot find module 'lucide-react'. Did you mean to set the 'moduleResolution' option to 'nodenext', or to add aliases to the 'paths' option?
src/components/GameUI.tsx(233,7): error TS2339: Property 'div' does not exist on type 'JSX.IntrinsicElements'.
src/components/GameUI.tsx(234,9): error TS2339: Property 'div' does not exist on type 'JSX.IntrinsicElements'.
src/components/GameUI.tsx(238,11): error TS2339: Property 'div' does not exist on type 'JSX.IntrinsicElements'.
src/components/GameUI.tsx(239,13): error TS2339: Property 'img' does not exist on type 'JSX.IntrinsicElements'.
src/components/GameUI.tsx(250,13): error TS2339: Property 'div' does not exist on type 'JSX.IntrinsicElements'.
src/components/GameUI.tsx(250,107): error TS2339: Property 'div' does not exist on type 'JSX.IntrinsicElements'.
src/components/GameUI.tsx(251,11): error TS2339: Property 'div' does not exist on type 'JSX.IntrinsicElements'.
src/components/GameUI.tsx(254,11): error TS2339: Property 'h1' does not exist on type 'JSX.IntrinsicElements'.
src/components/GameUI.tsx(255,21): error TS2339: Property 'br' does not exist on type 'JSX.IntrinsicElements'.
src/components/GameUI.tsx(256,11): error TS2339: Property 'h1' does not exist on type 'JSX.IntrinsicElements'.
src/components/GameUI.tsx(258,11): error TS2339: Property 'p' does not exist on type 'JSX.IntrinsicElements'.
src/components/GameUI.tsx(260,11): error TS2339: Property 'p' does not exist on type 'JSX.IntrinsicElements'.
src/components/GameUI.tsx(262,11): error TS2339: Property 'div' does not exist on type 'JSX.IntrinsicElements'.
src/components/GameUI.tsx(263,13): error TS2339: Property 'button' does not exist on type 'JSX.IntrinsicElements'.
src/components/GameUI.tsx(268,13): error TS2339: Property 'button' does not exist on type 'JSX.IntrinsicElements'.
src/components/GameUI.tsx(270,13): error TS2339: Property 'button' does not exist on type 'JSX.IntrinsicElements'.
src/components/GameUI.tsx(275,13): error TS2339: Property 'button' does not exist on type 'JSX.IntrinsicElements'.
src/components/GameUI.tsx(276,11): error TS2339: Property 'div' does not exist on type 'JSX.IntrinsicElements'.
src/components/GameUI.tsx(279,11): error TS2339: Property 'div' does not exist on type 'JSX.IntrinsicElements'.
src/components/GameUI.tsx(281,11): error TS2339: Property 'div' does not exist on type 'JSX.IntrinsicElements'.
src/components/GameUI.tsx(282,9): error TS2339: Property 'div' does not exist on type 'JSX.IntrinsicElements'.
src/components/GameUI.tsx(283,7): error TS2339: Property 'div' does not exist on type 'JSX.IntrinsicElements'.
src/components/GameUI.tsx(288,5): error TS2339: Property 'div' does not exist on type 'JSX.IntrinsicElements'.
src/components/GameUI.tsx(291,9): error TS2339: Property 'div' does not exist on type 'JSX.IntrinsicElements'.
src/components/GameUI.tsx(292,11): error TS2339: Property 'div' does not exist on type 'JSX.IntrinsicElements'.
src/components/GameUI.tsx(293,13): error TS2339: Property 'h2' does not exist on type 'JSX.IntrinsicElements'.
src/components/GameUI.tsx(295,13): error TS2339: Property 'h2' does not exist on type 'JSX.IntrinsicElements'.
src/components/GameUI.tsx(296,11): error TS2339: Property 'div' does not exist on type 'JSX.IntrinsicElements'.
src/components/GameUI.tsx(297,9): error TS2339: Property 'div' does not exist on type 'JSX.IntrinsicElements'.
src/components/GameUI.tsx(302,9): error TS2339: Property 'div' does not exist on type 'JSX.IntrinsicElements'.
src/components/GameUI.tsx(307,11): error TS2339: Property 'div' does not exist on type 'JSX.IntrinsicElements'.
src/components/GameUI.tsx(321,9): error TS2339: Property 'div' does not exist on type 'JSX.IntrinsicElements'.
src/components/GameUI.tsx(326,9): error TS2339: Property 'div' does not exist on type 'JSX.IntrinsicElements'.
src/components/GameUI.tsx(332,9): error TS2339: Property 'div' does not exist on type 'JSX.IntrinsicElements'.
src/components/GameUI.tsx(336,9): error TS2339: Property 'div' does not exist on type 'JSX.IntrinsicElements'.
src/components/GameUI.tsx(347,9): error TS2339: Property 'div' does not exist on type 'JSX.IntrinsicElements'.
src/components/GameUI.tsx(351,7): error TS2339: Property 'div' does not exist on type 'JSX.IntrinsicElements'.
src/components/GameUI.tsx(354,9): error TS2339: Property 'div' does not exist on type 'JSX.IntrinsicElements'.
src/components/GameUI.tsx(355,11): error TS2339: Property 'div' does not exist on type 'JSX.IntrinsicElements'.
src/components/GameUI.tsx(356,13): error TS2339: Property 'div' does not exist on type 'JSX.IntrinsicElements'.
src/components/GameUI.tsx(358,15): error TS2339: Property 'span' does not exist on type 'JSX.IntrinsicElements'.
src/components/GameUI.tsx(358,81): error TS2339: Property 'span' does not exist on type 'JSX.IntrinsicElements'.
src/components/GameUI.tsx(359,13): error TS2339: Property 'div' does not exist on type 'JSX.IntrinsicElements'.
src/components/GameUI.tsx(360,11): error TS2339: Property 'div' does not exist on type 'JSX.IntrinsicElements'.
src/components/GameUI.tsx(361,11): error TS2339: Property 'div' does not exist on type 'JSX.IntrinsicElements'.
src/components/GameUI.tsx(362,13): error TS2339: Property 'div' does not exist on type 'JSX.IntrinsicElements'.
src/components/GameUI.tsx(364,15): error TS2339: Property 'span' does not exist on type 'JSX.IntrinsicElements'.
src/components/GameUI.tsx(364,79): error TS2339: Property 'span' does not exist on type 'JSX.IntrinsicElements'.
src/components/GameUI.tsx(365,13): error TS2339: Property 'div' does not exist on type 'JSX.IntrinsicElements'.
src/components/GameUI.tsx(366,11): error TS2339: Property 'div' does not exist on type 'JSX.IntrinsicElements'.
src/components/GameUI.tsx(369,13): error TS2339: Property 'div' does not exist on type 'JSX.IntrinsicElements'.
src/components/GameUI.tsx(370,15): error TS2339: Property 'div' does not exist on type 'JSX.IntrinsicElements'.
src/components/GameUI.tsx(372,17): error TS2339: Property 'span' does not exist on type 'JSX.IntrinsicElements'.
src/components/GameUI.tsx(372,75): error TS2339: Property 'span' does not exist on type 'JSX.IntrinsicElements'.
src/components/GameUI.tsx(373,17): error TS2339: Property 'span' does not exist on type 'JSX.IntrinsicElements'.
src/components/GameUI.tsx(373,62): error TS2339: Property 'span' does not exist on type 'JSX.IntrinsicElements'.
src/components/GameUI.tsx(374,15): error TS2339: Property 'div' does not exist on type 'JSX.IntrinsicElements'.
src/components/GameUI.tsx(375,13): error TS2339: Property 'div' does not exist on type 'JSX.IntrinsicElements'.
src/components/GameUI.tsx(378,11): error TS2339: Property 'div' does not exist on type 'JSX.IntrinsicElements'.
src/components/GameUI.tsx(379,13): error TS2339: Property 'div' does not exist on type 'JSX.IntrinsicElements'.
src/components/GameUI.tsx(380,15): error TS2339: Property 'span' does not exist on type 'JSX.IntrinsicElements'.
src/components/GameUI.tsx(380,42): error TS2339: Property 'span' does not exist on type 'JSX.IntrinsicElements'.
src/components/GameUI.tsx(381,15): error TS2339: Property 'span' does not exist on type 'JSX.IntrinsicElements'.
src/components/GameUI.tsx(381,78): error TS2339: Property 'span' does not exist on type 'JSX.IntrinsicElements'.
src/components/GameUI.tsx(382,15): error TS2339: Property 'span' does not exist on type 'JSX.IntrinsicElements'.
src/components/GameUI.tsx(382,60): error TS2339: Property 'span' does not exist on type 'JSX.IntrinsicElements'.
src/components/GameUI.tsx(383,13): error TS2339: Property 'div' does not exist on type 'JSX.IntrinsicElements'.
src/components/GameUI.tsx(384,11): error TS2339: Property 'div' does not exist on type 'JSX.IntrinsicElements'.
src/components/GameUI.tsx(387,13): error TS2339: Property 'div' does not exist on type 'JSX.IntrinsicElements'.
src/components/GameUI.tsx(388,15): error TS2339: Property 'div' does not exist on type 'JSX.IntrinsicElements'.
src/components/GameUI.tsx(390,17): error TS2339: Property 'div' does not exist on type 'JSX.IntrinsicElements'.
src/components/GameUI.tsx(391,19): error TS2339: Property 'div' does not exist on type 'JSX.IntrinsicElements'.
src/components/GameUI.tsx(395,17): error TS2339: Property 'div' does not exist on type 'JSX.IntrinsicElements'.
src/components/GameUI.tsx(396,15): error TS2339: Property 'div' does not exist on type 'JSX.IntrinsicElements'.
src/components/GameUI.tsx(397,13): error TS2339: Property 'div' does not exist on type 'JSX.IntrinsicElements'.
src/components/GameUI.tsx(399,9): error TS2339: Property 'div' does not exist on type 'JSX.IntrinsicElements'.
src/components/GameUI.tsx(400,7): error TS2339: Property 'div' does not exist on type 'JSX.IntrinsicElements'.
src/components/GameUI.tsx(404,9): error TS2339: Property 'div' does not exist on type 'JSX.IntrinsicElements'.
src/components/GameUI.tsx(405,11): error TS2339: Property 'button' does not exist on type 'JSX.IntrinsicElements'.
src/components/GameUI.tsx(428,13): error TS2339: Property 'div' does not exist on type 'JSX.IntrinsicElements'.
src/components/GameUI.tsx(429,15): error TS2339: Property 'span' does not exist on type 'JSX.IntrinsicElements'.
src/components/GameUI.tsx(431,15): error TS2339: Property 'span' does not exist on type 'JSX.IntrinsicElements'.
src/components/GameUI.tsx(432,13): error TS2339: Property 'div' does not exist on type 'JSX.IntrinsicElements'.
src/components/GameUI.tsx(434,11): error TS2339: Property 'button' does not exist on type 'JSX.IntrinsicElements'.
src/components/GameUI.tsx(435,9): error TS2339: Property 'div' does not exist on type 'JSX.IntrinsicElements'.
src/components/GameUI.tsx(439,7): error TS2339: Property 'div' does not exist on type 'JSX.IntrinsicElements'.
src/components/GameUI.tsx(444,9): error TS2339: Property 'div' does not exist on type 'JSX.IntrinsicElements'.
src/components/GameUI.tsx(445,11): error TS2339: Property 'div' does not exist on type 'JSX.IntrinsicElements'.
src/components/GameUI.tsx(506,11): error TS2339: Property 'div' does not exist on type 'JSX.IntrinsicElements'.
src/components/GameUI.tsx(507,9): error TS2339: Property 'div' does not exist on type 'JSX.IntrinsicElements'.
src/components/GameUI.tsx(508,7): error TS2339: Property 'div' does not exist on type 'JSX.IntrinsicElements'.
src/components/GameUI.tsx(512,9): error TS2339: Property 'div' does not exist on type 'JSX.IntrinsicElements'.
src/components/GameUI.tsx(517,11): error TS2339: Property 'button' does not exist on type 'JSX.IntrinsicElements'.
src/components/GameUI.tsx(526,13): error TS2339: Property 'span' does not exist on type 'JSX.IntrinsicElements'.
src/components/GameUI.tsx(526,41): error TS2339: Property 'span' does not exist on type 'JSX.IntrinsicElements'.
src/components/GameUI.tsx(527,13): error TS2339: Property 'span' does not exist on type 'JSX.IntrinsicElements'.
src/components/GameUI.tsx(529,13): error TS2339: Property 'span' does not exist on type 'JSX.IntrinsicElements'.
src/components/GameUI.tsx(530,11): error TS2339: Property 'button' does not exist on type 'JSX.IntrinsicElements'.
src/components/GameUI.tsx(533,11): error TS2339: Property 'button' does not exist on type 'JSX.IntrinsicElements'.
src/components/GameUI.tsx(543,13): error TS2339: Property 'span' does not exist on type 'JSX.IntrinsicElements'.
src/components/GameUI.tsx(545,13): error TS2339: Property 'span' does not exist on type 'JSX.IntrinsicElements'.
src/components/GameUI.tsx(546,11): error TS2339: Property 'button' does not exist on type 'JSX.IntrinsicElements'.
src/components/GameUI.tsx(549,11): error TS2339: Property 'button' does not exist on type 'JSX.IntrinsicElements'.
src/components/GameUI.tsx(559,13): error TS2339: Property 'span' does not exist on type 'JSX.IntrinsicElements'.
src/components/GameUI.tsx(561,13): error TS2339: Property 'span' does not exist on type 'JSX.IntrinsicElements'.
src/components/GameUI.tsx(562,11): error TS2339: Property 'button' does not exist on type 'JSX.IntrinsicElements'.
src/components/GameUI.tsx(565,11): error TS2339: Property 'button' does not exist on type 'JSX.IntrinsicElements'.
src/components/GameUI.tsx(580,13): error TS2339: Property 'span' does not exist on type 'JSX.IntrinsicElements'.
src/components/GameUI.tsx(584,13): error TS2339: Property 'span' does not exist on type 'JSX.IntrinsicElements'.
src/components/GameUI.tsx(585,11): error TS2339: Property 'button' does not exist on type 'JSX.IntrinsicElements'.
src/components/GameUI.tsx(586,9): error TS2339: Property 'div' does not exist on type 'JSX.IntrinsicElements'.
src/components/GameUI.tsx(590,7): error TS2339: Property 'div' does not exist on type 'JSX.IntrinsicElements'.
src/components/GameUI.tsx(600,7): error TS2339: Property 'div' does not exist on type 'JSX.IntrinsicElements'.
src/components/GameUI.tsx(721,5): error TS2339: Property 'div' does not exist on type 'JSX.IntrinsicElements'.
src/components/LawsuitPanel.tsx(1,46): error TS2792: Cannot find module 'lucide-react'. Did you mean to set the 'moduleResolution' option to 'nodenext', or to add aliases to the 'paths' option?
src/components/LawsuitPanel.tsx(10,5): error TS2339: Property 'div' does not exist on type 'JSX.IntrinsicElements'.
src/components/LawsuitPanel.tsx(12,7): error TS2339: Property 'div' does not exist on type 'JSX.IntrinsicElements'.
src/components/LawsuitPanel.tsx(15,9): error TS2339: Property 'div' does not exist on type 'JSX.IntrinsicElements'.
src/components/LawsuitPanel.tsx(16,13): error TS2339: Property 'div' does not exist on type 'JSX.IntrinsicElements'.
src/components/LawsuitPanel.tsx(16,110): error TS2339: Property 'div' does not exist on type 'JSX.IntrinsicElements'.
src/components/LawsuitPanel.tsx(17,13): error TS2339: Property 'div' does not exist on type 'JSX.IntrinsicElements'.
src/components/LawsuitPanel.tsx(17,101): error TS2339: Property 'div' does not exist on type 'JSX.IntrinsicElements'.
src/components/LawsuitPanel.tsx(18,9): error TS2339: Property 'div' does not exist on type 'JSX.IntrinsicElements'.
src/components/LawsuitPanel.tsx(21,9): error TS2339: Property 'div' does not exist on type 'JSX.IntrinsicElements'.
src/components/LawsuitPanel.tsx(22,11): error TS2339: Property 'div' does not exist on type 'JSX.IntrinsicElements'.
src/components/LawsuitPanel.tsx(23,13): error TS2339: Property 'h2' does not exist on type 'JSX.IntrinsicElements'.
src/components/LawsuitPanel.tsx(23,88): error TS2339: Property 'h2' does not exist on type 'JSX.IntrinsicElements'.
src/components/LawsuitPanel.tsx(24,11): error TS2339: Property 'div' does not exist on type 'JSX.IntrinsicElements'.
src/components/LawsuitPanel.tsx(25,11): error TS2339: Property 'h3' does not exist on type 'JSX.IntrinsicElements'.
src/components/LawsuitPanel.tsx(25,124): error TS2339: Property 'h3' does not exist on type 'JSX.IntrinsicElements'.
src/components/LawsuitPanel.tsx(26,9): error TS2339: Property 'div' does not exist on type 'JSX.IntrinsicElements'.
src/components/LawsuitPanel.tsx(29,9): error TS2339: Property 'div' does not exist on type 'JSX.IntrinsicElements'.
src/components/LawsuitPanel.tsx(30,11): error TS2339: Property 'div' does not exist on type 'JSX.IntrinsicElements'.
src/components/LawsuitPanel.tsx(31,13): error TS2339: Property 'h2' does not exist on type 'JSX.IntrinsicElements'.
src/components/LawsuitPanel.tsx(31,123): error TS2339: Property 'h2' does not exist on type 'JSX.IntrinsicElements'.
src/components/LawsuitPanel.tsx(32,13): error TS2339: Property 'div' does not exist on type 'JSX.IntrinsicElements'.
src/components/LawsuitPanel.tsx(32,78): error TS2339: Property 'div' does not exist on type 'JSX.IntrinsicElements'.
src/components/LawsuitPanel.tsx(33,11): error TS2339: Property 'div' does not exist on type 'JSX.IntrinsicElements'.
src/components/LawsuitPanel.tsx(35,11): error TS2339: Property 'div' does not exist on type 'JSX.IntrinsicElements'.
src/components/LawsuitPanel.tsx(36,13): error TS2339: Property 'div' does not exist on type 'JSX.IntrinsicElements'.
src/components/LawsuitPanel.tsx(36,104): error TS2339: Property 'div' does not exist on type 'JSX.IntrinsicElements'.
src/components/LawsuitPanel.tsx(37,13): error TS2339: Property 'div' does not exist on type 'JSX.IntrinsicElements'.
src/components/LawsuitPanel.tsx(39,13): error TS2339: Property 'div' does not exist on type 'JSX.IntrinsicElements'.
src/components/LawsuitPanel.tsx(40,11): error TS2339: Property 'div' does not exist on type 'JSX.IntrinsicElements'.
src/components/LawsuitPanel.tsx(42,11): error TS2339: Property 'p' does not exist on type 'JSX.IntrinsicElements'.
src/components/LawsuitPanel.tsx(44,11): error TS2339: Property 'p' does not exist on type 'JSX.IntrinsicElements'.
src/components/LawsuitPanel.tsx(47,13): error TS2339: Property 'div' does not exist on type 'JSX.IntrinsicElements'.
src/components/LawsuitPanel.tsx(48,15): error TS2339: Property 'p' does not exist on type 'JSX.IntrinsicElements'.
src/components/LawsuitPanel.tsx(50,15): error TS2339: Property 'p' does not exist on type 'JSX.IntrinsicElements'.
src/components/LawsuitPanel.tsx(51,15): error TS2339: Property 'p' does not exist on type 'JSX.IntrinsicElements'.
src/components/LawsuitPanel.tsx(53,15): error TS2339: Property 'p' does not exist on type 'JSX.IntrinsicElements'.
src/components/LawsuitPanel.tsx(54,13): error TS2339: Property 'div' does not exist on type 'JSX.IntrinsicElements'.
src/components/LawsuitPanel.tsx(56,9): error TS2339: Property 'div' does not exist on type 'JSX.IntrinsicElements'.
src/components/LawsuitPanel.tsx(59,9): error TS2339: Property 'div' does not exist on type 'JSX.IntrinsicElements'.
src/components/LawsuitPanel.tsx(60,11): error TS2339: Property 'button' does not exist on type 'JSX.IntrinsicElements'.
src/components/LawsuitPanel.tsx(65,11): error TS2339: Property 'button' does not exist on type 'JSX.IntrinsicElements'.
src/components/LawsuitPanel.tsx(66,9): error TS2339: Property 'div' does not exist on type 'JSX.IntrinsicElements'.
src/components/LawsuitPanel.tsx(69,9): error TS2339: Property 'div' does not exist on type 'JSX.IntrinsicElements'.
src/components/LawsuitPanel.tsx(69,136): error TS2339: Property 'div' does not exist on type 'JSX.IntrinsicElements'.
src/components/LawsuitPanel.tsx(70,9): error TS2339: Property 'div' does not exist on type 'JSX.IntrinsicElements'.
src/components/LawsuitPanel.tsx(70,136): error TS2339: Property 'div' does not exist on type 'JSX.IntrinsicElements'.
src/components/LawsuitPanel.tsx(71,7): error TS2339: Property 'div' does not exist on type 'JSX.IntrinsicElements'.
src/components/LawsuitPanel.tsx(72,5): error TS2339: Property 'div' does not exist on type 'JSX.IntrinsicElements'.
src/components/LegalSystem.tsx(2,86): error TS2792: Cannot find module 'lucide-react'. Did you mean to set the 'moduleResolution' option to 'nodenext', or to add aliases to the 'paths' option?
src/components/LegalSystem.tsx(105,7): error TS2339: Property 'div' does not exist on type 'JSX.IntrinsicElements'.
src/components/LegalSystem.tsx(107,9): error TS2339: Property 'div' does not exist on type 'JSX.IntrinsicElements'.
src/components/LegalSystem.tsx(108,11): error TS2339: Property 'h3' does not exist on type 'JSX.IntrinsicElements'.
src/components/LegalSystem.tsx(108,92): error TS2339: Property 'h3' does not exist on type 'JSX.IntrinsicElements'.
src/components/LegalSystem.tsx(109,11): error TS2339: Property 'div' does not exist on type 'JSX.IntrinsicElements'.
src/components/LegalSystem.tsx(110,13): error TS2339: Property 'div' does not exist on type 'JSX.IntrinsicElements'.
src/components/LegalSystem.tsx(111,15): error TS2339: Property 'div' does not exist on type 'JSX.IntrinsicElements'.
src/components/LegalSystem.tsx(111,103): error TS2339: Property 'div' does not exist on type 'JSX.IntrinsicElements'.
src/components/LegalSystem.tsx(112,15): error TS2339: Property 'div' does not exist on type 'JSX.IntrinsicElements'.
src/components/LegalSystem.tsx(112,91): error TS2339: Property 'div' does not exist on type 'JSX.IntrinsicElements'.
src/components/LegalSystem.tsx(113,13): error TS2339: Property 'div' does not exist on type 'JSX.IntrinsicElements'.
src/components/LegalSystem.tsx(114,13): error TS2339: Property 'div' does not exist on type 'JSX.IntrinsicElements'.
src/components/LegalSystem.tsx(115,15): error TS2339: Property 'div' does not exist on type 'JSX.IntrinsicElements'.
src/components/LegalSystem.tsx(115,85): error TS2339: Property 'div' does not exist on type 'JSX.IntrinsicElements'.
src/components/LegalSystem.tsx(116,15): error TS2339: Property 'div' does not exist on type 'JSX.IntrinsicElements'.
src/components/LegalSystem.tsx(116,90): error TS2339: Property 'div' does not exist on type 'JSX.IntrinsicElements'.
src/components/LegalSystem.tsx(117,13): error TS2339: Property 'div' does not exist on type 'JSX.IntrinsicElements'.
src/components/LegalSystem.tsx(118,11): error TS2339: Property 'div' does not exist on type 'JSX.IntrinsicElements'.
src/components/LegalSystem.tsx(119,9): error TS2339: Property 'div' does not exist on type 'JSX.IntrinsicElements'.
src/components/LegalSystem.tsx(122,9): error TS2339: Property 'div' does not exist on type 'JSX.IntrinsicElements'.
src/components/LegalSystem.tsx(123,11): error TS2339: Property 'h3' does not exist on type 'JSX.IntrinsicElements'.
src/components/LegalSystem.tsx(123,82): error TS2339: Property 'h3' does not exist on type 'JSX.IntrinsicElements'.
src/components/LegalSystem.tsx(128,15): error TS2339: Property 'div' does not exist on type 'JSX.IntrinsicElements'.
src/components/LegalSystem.tsx(129,17): error TS2339: Property 'div' does not exist on type 'JSX.IntrinsicElements'.
src/components/LegalSystem.tsx(130,19): error TS2339: Property 'div' does not exist on type 'JSX.IntrinsicElements'.
src/components/LegalSystem.tsx(131,21): error TS2339: Property 'div' does not exist on type 'JSX.IntrinsicElements'.
src/components/LegalSystem.tsx(131,91): error TS2339: Property 'div' does not exist on type 'JSX.IntrinsicElements'.
src/components/LegalSystem.tsx(132,21): error TS2339: Property 'div' does not exist on type 'JSX.IntrinsicElements'.
src/components/LegalSystem.tsx(132,95): error TS2339: Property 'div' does not exist on type 'JSX.IntrinsicElements'.
src/components/LegalSystem.tsx(133,19): error TS2339: Property 'div' does not exist on type 'JSX.IntrinsicElements'.
src/components/LegalSystem.tsx(134,19): error TS2339: Property 'div' does not exist on type 'JSX.IntrinsicElements'.
src/components/LegalSystem.tsx(135,21): error TS2339: Property 'div' does not exist on type 'JSX.IntrinsicElements'.
src/components/LegalSystem.tsx(135,86): error TS2339: Property 'div' does not exist on type 'JSX.IntrinsicElements'.
src/components/LegalSystem.tsx(136,19): error TS2339: Property 'div' does not exist on type 'JSX.IntrinsicElements'.
src/components/LegalSystem.tsx(137,17): error TS2339: Property 'div' does not exist on type 'JSX.IntrinsicElements'.
src/components/LegalSystem.tsx(138,17): error TS2339: Property 'button' does not exist on type 'JSX.IntrinsicElements'.
src/components/LegalSystem.tsx(147,17): error TS2339: Property 'button' does not exist on type 'JSX.IntrinsicElements'.
src/components/LegalSystem.tsx(148,15): error TS2339: Property 'div' does not exist on type 'JSX.IntrinsicElements'.
src/components/LegalSystem.tsx(151,9): error TS2339: Property 'div' does not exist on type 'JSX.IntrinsicElements'.
src/components/LegalSystem.tsx(152,7): error TS2339: Property 'div' does not exist on type 'JSX.IntrinsicElements'.
src/components/MansionPanel.tsx(2,84): error TS2792: Cannot find module 'lucide-react'. Did you mean to set the 'moduleResolution' option to 'nodenext', or to add aliases to the 'paths' option?
src/components/MansionPanel.tsx(58,7): error TS2322: Type 'Element' is not assignable to type 'ReactNode'.
src/components/MansionPanel.tsx(70,7): error TS2322: Type 'Element' is not assignable to type 'ReactNode'.
src/components/MansionPanel.tsx(82,7): error TS2322: Type 'Element' is not assignable to type 'ReactNode'.
src/components/MansionPanel.tsx(94,7): error TS2322: Type 'Element' is not assignable to type 'ReactNode'.
src/components/MansionPanel.tsx(128,7): error TS2339: Property 'div' does not exist on type 'JSX.IntrinsicElements'.
src/components/MansionPanel.tsx(129,9): error TS2339: Property 'div' does not exist on type 'JSX.IntrinsicElements'.
src/components/MansionPanel.tsx(130,11): error TS2339: Property 'div' does not exist on type 'JSX.IntrinsicElements'.
src/components/MansionPanel.tsx(131,13): error TS2339: Property 'div' does not exist on type 'JSX.IntrinsicElements'.
src/components/MansionPanel.tsx(131,72): error TS2339: Property 'div' does not exist on type 'JSX.IntrinsicElements'.
src/components/MansionPanel.tsx(132,13): error TS2339: Property 'div' does not exist on type 'JSX.IntrinsicElements'.
src/components/MansionPanel.tsx(132,76): error TS2339: Property 'div' does not exist on type 'JSX.IntrinsicElements'.
src/components/MansionPanel.tsx(133,11): error TS2339: Property 'div' does not exist on type 'JSX.IntrinsicElements'.
src/components/MansionPanel.tsx(134,11): error TS2339: Property 'div' does not exist on type 'JSX.IntrinsicElements'.
src/components/MansionPanel.tsx(135,13): error TS2339: Property 'div' does not exist on type 'JSX.IntrinsicElements'.
src/components/MansionPanel.tsx(135,76): error TS2339: Property 'div' does not exist on type 'JSX.IntrinsicElements'.
src/components/MansionPanel.tsx(136,13): error TS2339: Property 'div' does not exist on type 'JSX.IntrinsicElements'.
src/components/MansionPanel.tsx(136,80): error TS2339: Property 'div' does not exist on type 'JSX.IntrinsicElements'.
src/components/MansionPanel.tsx(137,11): error TS2339: Property 'div' does not exist on type 'JSX.IntrinsicElements'.
src/components/MansionPanel.tsx(138,9): error TS2339: Property 'div' does not exist on type 'JSX.IntrinsicElements'.
src/components/MansionPanel.tsx(139,7): error TS2339: Property 'div' does not exist on type 'JSX.IntrinsicElements'.
src/components/MansionPanel.tsx(141,7): error TS2339: Property 'div' does not exist on type 'JSX.IntrinsicElements'.
src/components/MansionPanel.tsx(143,11): error TS2339: Property 'button' does not exist on type 'JSX.IntrinsicElements'.
src/components/MansionPanel.tsx(151,11): error TS2339: Property 'button' does not exist on type 'JSX.IntrinsicElements'.
src/components/MansionPanel.tsx(153,7): error TS2339: Property 'div' does not exist on type 'JSX.IntrinsicElements'.
src/components/MansionPanel.tsx(155,7): error TS2339: Property 'div' does not exist on type 'JSX.IntrinsicElements'.
src/components/MansionPanel.tsx(157,11): error TS2339: Property 'div' does not exist on type 'JSX.IntrinsicElements'.
src/components/MansionPanel.tsx(158,13): error TS2339: Property 'div' does not exist on type 'JSX.IntrinsicElements'.
src/components/MansionPanel.tsx(159,15): error TS2339: Property 'div' does not exist on type 'JSX.IntrinsicElements'.
src/components/MansionPanel.tsx(160,17): error TS2339: Property 'div' does not exist on type 'JSX.IntrinsicElements'.
src/components/MansionPanel.tsx(162,17): error TS2339: Property 'div' does not exist on type 'JSX.IntrinsicElements'.
src/components/MansionPanel.tsx(163,17): error TS2339: Property 'div' does not exist on type 'JSX.IntrinsicElements'.
src/components/MansionPanel.tsx(164,19): error TS2339: Property 'h4' does not exist on type 'JSX.IntrinsicElements'.
src/components/MansionPanel.tsx(164,88): error TS2339: Property 'h4' does not exist on type 'JSX.IntrinsicElements'.
src/components/MansionPanel.tsx(165,19): error TS2339: Property 'p' does not exist on type 'JSX.IntrinsicElements'.
src/components/MansionPanel.tsx(165,97): error TS2339: Property 'p' does not exist on type 'JSX.IntrinsicElements'.
src/components/MansionPanel.tsx(166,17): error TS2339: Property 'div' does not exist on type 'JSX.IntrinsicElements'.
src/components/MansionPanel.tsx(167,15): error TS2339: Property 'div' does not exist on type 'JSX.IntrinsicElements'.
src/components/MansionPanel.tsx(168,15): error TS2339: Property 'div' does not exist on type 'JSX.IntrinsicElements'.
src/components/MansionPanel.tsx(169,17): error TS2339: Property 'div' does not exist on type 'JSX.IntrinsicElements'.
src/components/MansionPanel.tsx(171,17): error TS2339: Property 'div' does not exist on type 'JSX.IntrinsicElements'.
src/components/MansionPanel.tsx(172,17): error TS2339: Property 'button' does not exist on type 'JSX.IntrinsicElements'.
src/components/MansionPanel.tsx(180,17): error TS2339: Property 'button' does not exist on type 'JSX.IntrinsicElements'.
src/components/MansionPanel.tsx(181,15): error TS2339: Property 'div' does not exist on type 'JSX.IntrinsicElements'.
src/components/MansionPanel.tsx(182,13): error TS2339: Property 'div' does not exist on type 'JSX.IntrinsicElements'.
src/components/MansionPanel.tsx(183,11): error TS2339: Property 'div' does not exist on type 'JSX.IntrinsicElements'.
src/components/MansionPanel.tsx(185,7): error TS2339: Property 'div' does not exist on type 'JSX.IntrinsicElements'.
src/components/minigames/EspionageMinigame.tsx(2,41): error TS2792: Cannot find module 'framer-motion'. Did you mean to set the 'moduleResolution' option to 'nodenext', or to add aliases to the 'paths' option?
src/components/minigames/EspionageMinigame.tsx(3,73): error TS2792: Cannot find module 'lucide-react'. Did you mean to set the 'moduleResolution' option to 'nodenext', or to add aliases to the 'paths' option?
src/components/minigames/EspionageMinigame.tsx(12,7): error TS2322: Type '({ onClose }: { onClose: () => void; }) => Element' is not assignable to type 'FC<{ onClose: () => void; }>'.
  Type 'Element' is not assignable to type 'ReactNode'.
src/components/minigames/EspionageMinigame.tsx(106,7): error TS2339: Property 'div' does not exist on type 'JSX.IntrinsicElements'.
src/components/minigames/EspionageMinigame.tsx(108,9): error TS2339: Property 'div' does not exist on type 'JSX.IntrinsicElements'.
src/components/minigames/EspionageMinigame.tsx(109,11): error TS2339: Property 'div' does not exist on type 'JSX.IntrinsicElements'.
src/components/minigames/EspionageMinigame.tsx(111,13): error TS2339: Property 'span' does not exist on type 'JSX.IntrinsicElements'.
src/components/minigames/EspionageMinigame.tsx(111,56): error TS2339: Property 'span' does not exist on type 'JSX.IntrinsicElements'.
src/components/minigames/EspionageMinigame.tsx(112,11): error TS2339: Property 'div' does not exist on type 'JSX.IntrinsicElements'.
src/components/minigames/EspionageMinigame.tsx(113,11): error TS2339: Property 'div' does not exist on type 'JSX.IntrinsicElements'.
src/components/minigames/EspionageMinigame.tsx(115,13): error TS2339: Property 'span' does not exist on type 'JSX.IntrinsicElements'.
src/components/minigames/EspionageMinigame.tsx(115,97): error TS2339: Property 'span' does not exist on type 'JSX.IntrinsicElements'.
src/components/minigames/EspionageMinigame.tsx(116,11): error TS2339: Property 'div' does not exist on type 'JSX.IntrinsicElements'.
src/components/minigames/EspionageMinigame.tsx(117,9): error TS2339: Property 'div' does not exist on type 'JSX.IntrinsicElements'.
src/components/minigames/EspionageMinigame.tsx(120,9): error TS2339: Property 'div' does not exist on type 'JSX.IntrinsicElements'.
src/components/minigames/EspionageMinigame.tsx(121,11): error TS2339: Property 'span' does not exist on type 'JSX.IntrinsicElements'.
src/components/minigames/EspionageMinigame.tsx(121,101): error TS2339: Property 'span' does not exist on type 'JSX.IntrinsicElements'.
src/components/minigames/EspionageMinigame.tsx(122,11): error TS2339: Property 'div' does not exist on type 'JSX.IntrinsicElements'.
src/components/minigames/EspionageMinigame.tsx(139,11): error TS2339: Property 'div' does not exist on type 'JSX.IntrinsicElements'.
src/components/minigames/EspionageMinigame.tsx(140,9): error TS2339: Property 'div' does not exist on type 'JSX.IntrinsicElements'.
src/components/minigames/EspionageMinigame.tsx(143,9): error TS2339: Property 'div' does not exist on type 'JSX.IntrinsicElements'.
src/components/minigames/EspionageMinigame.tsx(159,9): error TS2339: Property 'div' does not exist on type 'JSX.IntrinsicElements'.
src/components/minigames/EspionageMinigame.tsx(178,9): error TS2339: Property 'div' does not exist on type 'JSX.IntrinsicElements'.
src/components/minigames/EspionageMinigame.tsx(195,9): error TS2339: Property 'div' does not exist on type 'JSX.IntrinsicElements'.
src/components/minigames/EspionageMinigame.tsx(196,7): error TS2339: Property 'div' does not exist on type 'JSX.IntrinsicElements'.
src/components/minigames/EspionageMinigame.tsx(203,3): error TS2339: Property 'svg' does not exist on type 'JSX.IntrinsicElements'.
src/components/minigames/EspionageMinigame.tsx(215,5): error TS2339: Property 'circle' does not exist on type 'JSX.IntrinsicElements'.
src/components/minigames/EspionageMinigame.tsx(215,37): error TS2339: Property 'polyline' does not exist on type 'JSX.IntrinsicElements'.
src/components/minigames/EspionageMinigame.tsx(216,3): error TS2339: Property 'svg' does not exist on type 'JSX.IntrinsicElements'.
src/components/minigames/ServerDefense.tsx(2,41): error TS2792: Cannot find module 'framer-motion'. Did you mean to set the 'moduleResolution' option to 'nodenext', or to add aliases to the 'paths' option?
src/components/minigames/ServerDefense.tsx(3,97): error TS2792: Cannot find module 'lucide-react'. Did you mean to set the 'moduleResolution' option to 'nodenext', or to add aliases to the 'paths' option?
src/components/minigames/ServerDefense.tsx(69,14): error TS2322: Type '() => JSX.Element' is not assignable to type 'FC<{}>'.
  Type 'Element' is not assignable to type 'ReactNode'.
src/components/minigames/ServerDefense.tsx(248,5): error TS2339: Property 'div' does not exist on type 'JSX.IntrinsicElements'.
src/components/minigames/ServerDefense.tsx(257,11): error TS2339: Property 'div' does not exist on type 'JSX.IntrinsicElements'.
src/components/minigames/ServerDefense.tsx(258,13): error TS2339: Property 'div' does not exist on type 'JSX.IntrinsicElements'.
src/components/minigames/ServerDefense.tsx(260,15): error TS2339: Property 'div' does not exist on type 'JSX.IntrinsicElements'.
src/components/minigames/ServerDefense.tsx(261,17): error TS2339: Property 'h2' does not exist on type 'JSX.IntrinsicElements'.
src/components/minigames/ServerDefense.tsx(261,102): error TS2339: Property 'h2' does not exist on type 'JSX.IntrinsicElements'.
src/components/minigames/ServerDefense.tsx(262,17): error TS2339: Property 'div' does not exist on type 'JSX.IntrinsicElements'.
src/components/minigames/ServerDefense.tsx(262,93): error TS2339: Property 'div' does not exist on type 'JSX.IntrinsicElements'.
src/components/minigames/ServerDefense.tsx(263,15): error TS2339: Property 'div' does not exist on type 'JSX.IntrinsicElements'.
src/components/minigames/ServerDefense.tsx(264,13): error TS2339: Property 'div' does not exist on type 'JSX.IntrinsicElements'.
src/components/minigames/ServerDefense.tsx(266,13): error TS2339: Property 'div' does not exist on type 'JSX.IntrinsicElements'.
src/components/minigames/ServerDefense.tsx(267,15): error TS2339: Property 'div' does not exist on type 'JSX.IntrinsicElements'.
src/components/minigames/ServerDefense.tsx(268,17): error TS2339: Property 'span' does not exist on type 'JSX.IntrinsicElements'.
src/components/minigames/ServerDefense.tsx(268,65): error TS2339: Property 'span' does not exist on type 'JSX.IntrinsicElements'.
src/components/minigames/ServerDefense.tsx(269,17): error TS2339: Property 'span' does not exist on type 'JSX.IntrinsicElements'.
src/components/minigames/ServerDefense.tsx(269,75): error TS2339: Property 'span' does not exist on type 'JSX.IntrinsicElements'.
src/components/minigames/ServerDefense.tsx(270,15): error TS2339: Property 'div' does not exist on type 'JSX.IntrinsicElements'.
src/components/minigames/ServerDefense.tsx(271,15): error TS2339: Property 'div' does not exist on type 'JSX.IntrinsicElements'.
src/components/minigames/ServerDefense.tsx(272,17): error TS2339: Property 'span' does not exist on type 'JSX.IntrinsicElements'.
src/components/minigames/ServerDefense.tsx(272,84): error TS2339: Property 'span' does not exist on type 'JSX.IntrinsicElements'.
src/components/minigames/ServerDefense.tsx(273,17): error TS2339: Property 'span' does not exist on type 'JSX.IntrinsicElements'.
src/components/minigames/ServerDefense.tsx(275,17): error TS2339: Property 'span' does not exist on type 'JSX.IntrinsicElements'.
src/components/minigames/ServerDefense.tsx(276,15): error TS2339: Property 'div' does not exist on type 'JSX.IntrinsicElements'.
src/components/minigames/ServerDefense.tsx(277,15): error TS2339: Property 'div' does not exist on type 'JSX.IntrinsicElements'.
src/components/minigames/ServerDefense.tsx(278,17): error TS2339: Property 'span' does not exist on type 'JSX.IntrinsicElements'.
src/components/minigames/ServerDefense.tsx(278,74): error TS2339: Property 'span' does not exist on type 'JSX.IntrinsicElements'.
src/components/minigames/ServerDefense.tsx(279,17): error TS2339: Property 'span' does not exist on type 'JSX.IntrinsicElements'.
src/components/minigames/ServerDefense.tsx(279,87): error TS2339: Property 'span' does not exist on type 'JSX.IntrinsicElements'.
src/components/minigames/ServerDefense.tsx(280,15): error TS2339: Property 'div' does not exist on type 'JSX.IntrinsicElements'.
src/components/minigames/ServerDefense.tsx(281,13): error TS2339: Property 'div' does not exist on type 'JSX.IntrinsicElements'.
src/components/minigames/ServerDefense.tsx(286,11): error TS2339: Property 'div' does not exist on type 'JSX.IntrinsicElements'.
src/components/minigames/ServerDefense.tsx(289,11): error TS2339: Property 'div' does not exist on type 'JSX.IntrinsicElements'.
src/components/minigames/ServerDefense.tsx(291,13): error TS2339: Property 'div' does not exist on type 'JSX.IntrinsicElements'.
src/components/minigames/ServerDefense.tsx(292,15): error TS2339: Property 'h3' does not exist on type 'JSX.IntrinsicElements'.
src/components/minigames/ServerDefense.tsx(292,112): error TS2339: Property 'h3' does not exist on type 'JSX.IntrinsicElements'.
src/components/minigames/ServerDefense.tsx(300,19): error TS2339: Property 'button' does not exist on type 'JSX.IntrinsicElements'.
src/components/minigames/ServerDefense.tsx(312,21): error TS2339: Property 'div' does not exist on type 'JSX.IntrinsicElements'.
src/components/minigames/ServerDefense.tsx(314,23): error TS2339: Property 'span' does not exist on type 'JSX.IntrinsicElements'.
src/components/minigames/ServerDefense.tsx(314,87): error TS2339: Property 'span' does not exist on type 'JSX.IntrinsicElements'.
src/components/minigames/ServerDefense.tsx(315,21): error TS2339: Property 'div' does not exist on type 'JSX.IntrinsicElements'.
src/components/minigames/ServerDefense.tsx(316,21): error TS2339: Property 'span' does not exist on type 'JSX.IntrinsicElements'.
src/components/minigames/ServerDefense.tsx(316,115): error TS2339: Property 'span' does not exist on type 'JSX.IntrinsicElements'.
src/components/minigames/ServerDefense.tsx(317,21): error TS2339: Property 'div' does not exist on type 'JSX.IntrinsicElements'.
src/components/minigames/ServerDefense.tsx(318,23): error TS2339: Property 'span' does not exist on type 'JSX.IntrinsicElements'.
src/components/minigames/ServerDefense.tsx(318,87): error TS2339: Property 'span' does not exist on type 'JSX.IntrinsicElements'.
src/components/minigames/ServerDefense.tsx(319,23): error TS2339: Property 'div' does not exist on type 'JSX.IntrinsicElements'.
src/components/minigames/ServerDefense.tsx(320,25): error TS2339: Property 'div' does not exist on type 'JSX.IntrinsicElements'.
src/components/minigames/ServerDefense.tsx(321,25): error TS2339: Property 'div' does not exist on type 'JSX.IntrinsicElements'.
src/components/minigames/ServerDefense.tsx(322,23): error TS2339: Property 'div' does not exist on type 'JSX.IntrinsicElements'.
src/components/minigames/ServerDefense.tsx(323,21): error TS2339: Property 'div' does not exist on type 'JSX.IntrinsicElements'.
src/components/minigames/ServerDefense.tsx(324,19): error TS2339: Property 'button' does not exist on type 'JSX.IntrinsicElements'.
src/components/minigames/ServerDefense.tsx(328,15): error TS2339: Property 'div' does not exist on type 'JSX.IntrinsicElements'.
src/components/minigames/ServerDefense.tsx(330,19): error TS2339: Property 'button' does not exist on type 'JSX.IntrinsicElements'.
src/components/minigames/ServerDefense.tsx(336,19): error TS2339: Property 'button' does not exist on type 'JSX.IntrinsicElements'.
src/components/minigames/ServerDefense.tsx(338,19): error TS2339: Property 'div' does not exist on type 'JSX.IntrinsicElements'.
src/components/minigames/ServerDefense.tsx(341,19): error TS2339: Property 'div' does not exist on type 'JSX.IntrinsicElements'.
src/components/minigames/ServerDefense.tsx(343,15): error TS2339: Property 'div' does not exist on type 'JSX.IntrinsicElements'.
src/components/minigames/ServerDefense.tsx(344,13): error TS2339: Property 'div' does not exist on type 'JSX.IntrinsicElements'.
src/components/minigames/ServerDefense.tsx(347,13): error TS2339: Property 'div' does not exist on type 'JSX.IntrinsicElements'.
src/components/minigames/ServerDefense.tsx(355,15): error TS2339: Property 'div' does not exist on type 'JSX.IntrinsicElements'.
src/components/minigames/ServerDefense.tsx(361,15): error TS2339: Property 'svg' does not exist on type 'JSX.IntrinsicElements'.
src/components/minigames/ServerDefense.tsx(362,17): error TS2339: Property 'path' does not exist on type 'JSX.IntrinsicElements'.
src/components/minigames/ServerDefense.tsx(370,17): error TS2339: Property 'path' does not exist on type 'JSX.IntrinsicElements'.
src/components/minigames/ServerDefense.tsx(378,15): error TS2339: Property 'svg' does not exist on type 'JSX.IntrinsicElements'.
src/components/minigames/ServerDefense.tsx(381,15): error TS2339: Property 'div' does not exist on type 'JSX.IntrinsicElements'.
src/components/minigames/ServerDefense.tsx(385,17): error TS2339: Property 'div' does not exist on type 'JSX.IntrinsicElements'.
src/components/minigames/ServerDefense.tsx(400,17): error TS2339: Property 'div' does not exist on type 'JSX.IntrinsicElements'.
src/components/minigames/ServerDefense.tsx(401,15): error TS2339: Property 'div' does not exist on type 'JSX.IntrinsicElements'.
src/components/minigames/ServerDefense.tsx(417,21): error TS2339: Property 'div' does not exist on type 'JSX.IntrinsicElements'.
src/components/minigames/ServerDefense.tsx(419,25): error TS2339: Property 'div' does not exist on type 'JSX.IntrinsicElements'.
src/components/minigames/ServerDefense.tsx(424,23): error TS2339: Property 'div' does not exist on type 'JSX.IntrinsicElements'.
src/components/minigames/ServerDefense.tsx(426,23): error TS2339: Property 'div' does not exist on type 'JSX.IntrinsicElements'.
src/components/minigames/ServerDefense.tsx(427,21): error TS2339: Property 'div' does not exist on type 'JSX.IntrinsicElements'.
src/components/minigames/ServerDefense.tsx(442,21): error TS2339: Property 'div' does not exist on type 'JSX.IntrinsicElements'.
src/components/minigames/ServerDefense.tsx(443,23): error TS2339: Property 'div' does not exist on type 'JSX.IntrinsicElements'.
src/components/minigames/ServerDefense.tsx(447,21): error TS2339: Property 'div' does not exist on type 'JSX.IntrinsicElements'.
src/components/minigames/ServerDefense.tsx(448,21): error TS2339: Property 'div' does not exist on type 'JSX.IntrinsicElements'.
src/components/minigames/ServerDefense.tsx(450,21): error TS2339: Property 'div' does not exist on type 'JSX.IntrinsicElements'.
src/components/minigames/ServerDefense.tsx(464,21): error TS2339: Property 'h2' does not exist on type 'JSX.IntrinsicElements'.
src/components/minigames/ServerDefense.tsx(464,118): error TS2339: Property 'h2' does not exist on type 'JSX.IntrinsicElements'.
src/components/minigames/ServerDefense.tsx(465,21): error TS2339: Property 'p' does not exist on type 'JSX.IntrinsicElements'.
src/components/minigames/ServerDefense.tsx(465,163): error TS2339: Property 'p' does not exist on type 'JSX.IntrinsicElements'.
src/components/minigames/ServerDefense.tsx(466,21): error TS2339: Property 'div' does not exist on type 'JSX.IntrinsicElements'.
src/components/minigames/ServerDefense.tsx(467,23): error TS2339: Property 'div' does not exist on type 'JSX.IntrinsicElements'.
src/components/minigames/ServerDefense.tsx(468,25): error TS2339: Property 'div' does not exist on type 'JSX.IntrinsicElements'.
src/components/minigames/ServerDefense.tsx(468,97): error TS2339: Property 'div' does not exist on type 'JSX.IntrinsicElements'.
src/components/minigames/ServerDefense.tsx(469,25): error TS2339: Property 'div' does not exist on type 'JSX.IntrinsicElements'.
src/components/minigames/ServerDefense.tsx(469,84): error TS2339: Property 'div' does not exist on type 'JSX.IntrinsicElements'.
src/components/minigames/ServerDefense.tsx(470,23): error TS2339: Property 'div' does not exist on type 'JSX.IntrinsicElements'.
src/components/minigames/ServerDefense.tsx(471,23): error TS2339: Property 'div' does not exist on type 'JSX.IntrinsicElements'.
src/components/minigames/ServerDefense.tsx(472,25): error TS2339: Property 'div' does not exist on type 'JSX.IntrinsicElements'.
src/components/minigames/ServerDefense.tsx(472,101): error TS2339: Property 'div' does not exist on type 'JSX.IntrinsicElements'.
src/components/minigames/ServerDefense.tsx(473,25): error TS2339: Property 'div' does not exist on type 'JSX.IntrinsicElements'.
src/components/minigames/ServerDefense.tsx(473,90): error TS2339: Property 'div' does not exist on type 'JSX.IntrinsicElements'.
src/components/minigames/ServerDefense.tsx(474,23): error TS2339: Property 'div' does not exist on type 'JSX.IntrinsicElements'.
src/components/minigames/ServerDefense.tsx(475,21): error TS2339: Property 'div' does not exist on type 'JSX.IntrinsicElements'.
src/components/minigames/ServerDefense.tsx(489,21): error TS2339: Property 'h2' does not exist on type 'JSX.IntrinsicElements'.
src/components/minigames/ServerDefense.tsx(489,113): error TS2339: Property 'h2' does not exist on type 'JSX.IntrinsicElements'.
src/components/minigames/ServerDefense.tsx(490,21): error TS2339: Property 'p' does not exist on type 'JSX.IntrinsicElements'.
src/components/minigames/ServerDefense.tsx(490,183): error TS2339: Property 'p' does not exist on type 'JSX.IntrinsicElements'.
src/components/minigames/ServerDefense.tsx(491,21): error TS2339: Property 'div' does not exist on type 'JSX.IntrinsicElements'.
src/components/minigames/ServerDefense.tsx(492,23): error TS2339: Property 'div' does not exist on type 'JSX.IntrinsicElements'.
src/components/minigames/ServerDefense.tsx(492,117): error TS2339: Property 'div' does not exist on type 'JSX.IntrinsicElements'.
src/components/minigames/ServerDefense.tsx(493,23): error TS2339: Property 'div' does not exist on type 'JSX.IntrinsicElements'.
src/components/minigames/ServerDefense.tsx(493,100): error TS2339: Property 'div' does not exist on type 'JSX.IntrinsicElements'.
src/components/minigames/ServerDefense.tsx(494,21): error TS2339: Property 'div' does not exist on type 'JSX.IntrinsicElements'.
src/components/minigames/ServerDefense.tsx(501,13): error TS2339: Property 'div' does not exist on type 'JSX.IntrinsicElements'.
src/components/minigames/ServerDefense.tsx(502,11): error TS2339: Property 'div' does not exist on type 'JSX.IntrinsicElements'.
src/components/minigames/ServerDefense.tsx(505,11): error TS2339: Property 'div' does not exist on type 'JSX.IntrinsicElements'.
src/components/minigames/ServerDefense.tsx(506,13): error TS2339: Property 'div' does not exist on type 'JSX.IntrinsicElements'.
src/components/minigames/ServerDefense.tsx(507,15): error TS2339: Property 'span' does not exist on type 'JSX.IntrinsicElements'.
src/components/minigames/ServerDefense.tsx(507,80): error TS2339: Property 'span' does not exist on type 'JSX.IntrinsicElements'.
src/components/minigames/ServerDefense.tsx(508,15): error TS2339: Property 'span' does not exist on type 'JSX.IntrinsicElements'.
src/components/minigames/ServerDefense.tsx(508,70): error TS2339: Property 'span' does not exist on type 'JSX.IntrinsicElements'.
src/components/minigames/ServerDefense.tsx(509,15): error TS2339: Property 'span' does not exist on type 'JSX.IntrinsicElements'.
src/components/minigames/ServerDefense.tsx(509,62): error TS2339: Property 'span' does not exist on type 'JSX.IntrinsicElements'.
src/components/minigames/ServerDefense.tsx(510,13): error TS2339: Property 'div' does not exist on type 'JSX.IntrinsicElements'.
src/components/minigames/ServerDefense.tsx(511,13): error TS2339: Property 'div' does not exist on type 'JSX.IntrinsicElements'.
src/components/minigames/ServerDefense.tsx(513,15): error TS2339: Property 'span' does not exist on type 'JSX.IntrinsicElements'.
src/components/minigames/ServerDefense.tsx(513,76): error TS2339: Property 'span' does not exist on type 'JSX.IntrinsicElements'.
src/components/minigames/ServerDefense.tsx(514,13): error TS2339: Property 'div' does not exist on type 'JSX.IntrinsicElements'.
src/components/minigames/ServerDefense.tsx(515,11): error TS2339: Property 'div' does not exist on type 'JSX.IntrinsicElements'.
src/components/minigames/ServerDefense.tsx(518,5): error TS2339: Property 'div' does not exist on type 'JSX.IntrinsicElements'.
src/components/OfflineProgressPopup.tsx(3,38): error TS2792: Cannot find module 'lucide-react'. Did you mean to set the 'moduleResolution' option to 'nodenext', or to add aliases to the 'paths' option?
src/components/OfflineProgressPopup.tsx(31,5): error TS2339: Property 'div' does not exist on type 'JSX.IntrinsicElements'.
src/components/OfflineProgressPopup.tsx(32,7): error TS2339: Property 'div' does not exist on type 'JSX.IntrinsicElements'.
src/components/OfflineProgressPopup.tsx(34,9): error TS2339: Property 'div' does not exist on type 'JSX.IntrinsicElements'.
src/components/OfflineProgressPopup.tsx(35,11): error TS2339: Property 'h2' does not exist on type 'JSX.IntrinsicElements'.
src/components/OfflineProgressPopup.tsx(38,11): error TS2339: Property 'h2' does not exist on type 'JSX.IntrinsicElements'.
src/components/OfflineProgressPopup.tsx(39,11): error TS2339: Property 'button' does not exist on type 'JSX.IntrinsicElements'.
src/components/OfflineProgressPopup.tsx(45,11): error TS2339: Property 'button' does not exist on type 'JSX.IntrinsicElements'.
src/components/OfflineProgressPopup.tsx(46,9): error TS2339: Property 'div' does not exist on type 'JSX.IntrinsicElements'.
src/components/OfflineProgressPopup.tsx(49,9): error TS2339: Property 'div' does not exist on type 'JSX.IntrinsicElements'.
src/components/OfflineProgressPopup.tsx(50,11): error TS2339: Property 'div' does not exist on type 'JSX.IntrinsicElements'.
src/components/OfflineProgressPopup.tsx(50,73): error TS2339: Property 'div' does not exist on type 'JSX.IntrinsicElements'.
src/components/OfflineProgressPopup.tsx(51,11): error TS2339: Property 'div' does not exist on type 'JSX.IntrinsicElements'.
src/components/OfflineProgressPopup.tsx(53,11): error TS2339: Property 'div' does not exist on type 'JSX.IntrinsicElements'.
src/components/OfflineProgressPopup.tsx(55,13): error TS2339: Property 'div' does not exist on type 'JSX.IntrinsicElements'.
src/components/OfflineProgressPopup.tsx(57,13): error TS2339: Property 'div' does not exist on type 'JSX.IntrinsicElements'.
src/components/OfflineProgressPopup.tsx(59,9): error TS2339: Property 'div' does not exist on type 'JSX.IntrinsicElements'.
src/components/OfflineProgressPopup.tsx(62,9): error TS2339: Property 'div' does not exist on type 'JSX.IntrinsicElements'.
src/components/OfflineProgressPopup.tsx(63,11): error TS2339: Property 'div' does not exist on type 'JSX.IntrinsicElements'.
src/components/OfflineProgressPopup.tsx(64,13): error TS2339: Property 'div' does not exist on type 'JSX.IntrinsicElements'.
src/components/OfflineProgressPopup.tsx(64,71): error TS2339: Property 'div' does not exist on type 'JSX.IntrinsicElements'.
src/components/OfflineProgressPopup.tsx(65,13): error TS2339: Property 'div' does not exist on type 'JSX.IntrinsicElements'.
src/components/OfflineProgressPopup.tsx(68,13): error TS2339: Property 'div' does not exist on type 'JSX.IntrinsicElements'.
src/components/OfflineProgressPopup.tsx(70,15): error TS2339: Property 'div' does not exist on type 'JSX.IntrinsicElements'.
src/components/OfflineProgressPopup.tsx(72,15): error TS2339: Property 'div' does not exist on type 'JSX.IntrinsicElements'.
src/components/OfflineProgressPopup.tsx(74,11): error TS2339: Property 'div' does not exist on type 'JSX.IntrinsicElements'.
src/components/OfflineProgressPopup.tsx(75,9): error TS2339: Property 'div' does not exist on type 'JSX.IntrinsicElements'.
src/components/OfflineProgressPopup.tsx(78,9): error TS2339: Property 'div' does not exist on type 'JSX.IntrinsicElements'.
src/components/OfflineProgressPopup.tsx(79,11): error TS2339: Property 'button' does not exist on type 'JSX.IntrinsicElements'.
src/components/OfflineProgressPopup.tsx(84,11): error TS2339: Property 'button' does not exist on type 'JSX.IntrinsicElements'.
src/components/OfflineProgressPopup.tsx(85,11): error TS2339: Property 'button' does not exist on type 'JSX.IntrinsicElements'.
src/components/OfflineProgressPopup.tsx(91,11): error TS2339: Property 'button' does not exist on type 'JSX.IntrinsicElements'.
src/components/OfflineProgressPopup.tsx(92,9): error TS2339: Property 'div' does not exist on type 'JSX.IntrinsicElements'.
src/components/OfflineProgressPopup.tsx(95,9): error TS2339: Property 'div' does not exist on type 'JSX.IntrinsicElements'.
src/components/OfflineProgressPopup.tsx(97,9): error TS2339: Property 'div' does not exist on type 'JSX.IntrinsicElements'.
src/components/OfflineProgressPopup.tsx(98,7): error TS2339: Property 'div' does not exist on type 'JSX.IntrinsicElements'.
src/components/OfflineProgressPopup.tsx(99,5): error TS2339: Property 'div' does not exist on type 'JSX.IntrinsicElements'.
src/components/OptionsPanel.tsx(2,83): error TS2792: Cannot find module 'lucide-react'. Did you mean to set the 'moduleResolution' option to 'nodenext', or to add aliases to the 'paths' option?
src/components/OptionsPanel.tsx(34,7): error TS2339: Property 'div' does not exist on type 'JSX.IntrinsicElements'.
src/components/OptionsPanel.tsx(36,9): error TS2339: Property 'div' does not exist on type 'JSX.IntrinsicElements'.
src/components/OptionsPanel.tsx(37,11): error TS2339: Property 'div' does not exist on type 'JSX.IntrinsicElements'.
src/components/OptionsPanel.tsx(38,13): error TS2339: Property 'div' does not exist on type 'JSX.IntrinsicElements'.
src/components/OptionsPanel.tsx(40,15): error TS2339: Property 'span' does not exist on type 'JSX.IntrinsicElements'.
src/components/OptionsPanel.tsx(40,78): error TS2339: Property 'span' does not exist on type 'JSX.IntrinsicElements'.
src/components/OptionsPanel.tsx(41,13): error TS2339: Property 'div' does not exist on type 'JSX.IntrinsicElements'.
src/components/OptionsPanel.tsx(42,13): error TS2339: Property 'button' does not exist on type 'JSX.IntrinsicElements'.
src/components/OptionsPanel.tsx(49,13): error TS2339: Property 'button' does not exist on type 'JSX.IntrinsicElements'.
src/components/OptionsPanel.tsx(50,11): error TS2339: Property 'div' does not exist on type 'JSX.IntrinsicElements'.
src/components/OptionsPanel.tsx(51,9): error TS2339: Property 'div' does not exist on type 'JSX.IntrinsicElements'.
src/components/OptionsPanel.tsx(54,9): error TS2339: Property 'div' does not exist on type 'JSX.IntrinsicElements'.
src/components/OptionsPanel.tsx(55,11): error TS2339: Property 'h3' does not exist on type 'JSX.IntrinsicElements'.
src/components/OptionsPanel.tsx(57,11): error TS2339: Property 'h3' does not exist on type 'JSX.IntrinsicElements'.
src/components/OptionsPanel.tsx(59,13): error TS2339: Property 'button' does not exist on type 'JSX.IntrinsicElements'.
src/components/OptionsPanel.tsx(64,13): error TS2339: Property 'button' does not exist on type 'JSX.IntrinsicElements'.
src/components/OptionsPanel.tsx(66,13): error TS2339: Property 'div' does not exist on type 'JSX.IntrinsicElements'.
src/components/OptionsPanel.tsx(67,15): error TS2339: Property 'input' does not exist on type 'JSX.IntrinsicElements'.
src/components/OptionsPanel.tsx(74,15): error TS2339: Property 'div' does not exist on type 'JSX.IntrinsicElements'.
src/components/OptionsPanel.tsx(75,17): error TS2339: Property 'button' does not exist on type 'JSX.IntrinsicElements'.
src/components/OptionsPanel.tsx(80,17): error TS2339: Property 'button' does not exist on type 'JSX.IntrinsicElements'.
src/components/OptionsPanel.tsx(81,17): error TS2339: Property 'button' does not exist on type 'JSX.IntrinsicElements'.
src/components/OptionsPanel.tsx(87,17): error TS2339: Property 'button' does not exist on type 'JSX.IntrinsicElements'.
src/components/OptionsPanel.tsx(88,15): error TS2339: Property 'div' does not exist on type 'JSX.IntrinsicElements'.
src/components/OptionsPanel.tsx(89,13): error TS2339: Property 'div' does not exist on type 'JSX.IntrinsicElements'.
src/components/OptionsPanel.tsx(91,9): error TS2339: Property 'div' does not exist on type 'JSX.IntrinsicElements'.
src/components/OptionsPanel.tsx(92,7): error TS2339: Property 'div' does not exist on type 'JSX.IntrinsicElements'.
src/components/ProgressionPanel.tsx(3,62): error TS2792: Cannot find module 'lucide-react'. Did you mean to set the 'moduleResolution' option to 'nodenext', or to add aliases to the 'paths' option?
src/components/ProgressionPanel.tsx(31,7): error TS2339: Property 'div' does not exist on type 'JSX.IntrinsicElements'.
src/components/ProgressionPanel.tsx(33,9): error TS2339: Property 'div' does not exist on type 'JSX.IntrinsicElements'.
src/components/ProgressionPanel.tsx(34,11): error TS2339: Property 'h3' does not exist on type 'JSX.IntrinsicElements'.
src/components/ProgressionPanel.tsx(37,11): error TS2339: Property 'h3' does not exist on type 'JSX.IntrinsicElements'.
src/components/ProgressionPanel.tsx(39,11): error TS2339: Property 'div' does not exist on type 'JSX.IntrinsicElements'.
src/components/ProgressionPanel.tsx(40,13): error TS2339: Property 'div' does not exist on type 'JSX.IntrinsicElements'.
src/components/ProgressionPanel.tsx(41,15): error TS2339: Property 'span' does not exist on type 'JSX.IntrinsicElements'.
src/components/ProgressionPanel.tsx(41,31): error TS2339: Property 'span' does not exist on type 'JSX.IntrinsicElements'.
src/components/ProgressionPanel.tsx(42,15): error TS2339: Property 'span' does not exist on type 'JSX.IntrinsicElements'.
src/components/ProgressionPanel.tsx(42,55): error TS2339: Property 'span' does not exist on type 'JSX.IntrinsicElements'.
src/components/ProgressionPanel.tsx(43,13): error TS2339: Property 'div' does not exist on type 'JSX.IntrinsicElements'.
src/components/ProgressionPanel.tsx(44,13): error TS2339: Property 'div' does not exist on type 'JSX.IntrinsicElements'.
src/components/ProgressionPanel.tsx(45,15): error TS2339: Property 'span' does not exist on type 'JSX.IntrinsicElements'.
src/components/ProgressionPanel.tsx(45,32): error TS2339: Property 'span' does not exist on type 'JSX.IntrinsicElements'.
src/components/ProgressionPanel.tsx(46,15): error TS2339: Property 'span' does not exist on type 'JSX.IntrinsicElements'.
src/components/ProgressionPanel.tsx(46,94): error TS2339: Property 'span' does not exist on type 'JSX.IntrinsicElements'.
src/components/ProgressionPanel.tsx(47,13): error TS2339: Property 'div' does not exist on type 'JSX.IntrinsicElements'.
src/components/ProgressionPanel.tsx(50,15): error TS2339: Property 'div' does not exist on type 'JSX.IntrinsicElements'.
src/components/ProgressionPanel.tsx(51,17): error TS2339: Property 'div' does not exist on type 'JSX.IntrinsicElements'.
src/components/ProgressionPanel.tsx(53,17): error TS2339: Property 'div' does not exist on type 'JSX.IntrinsicElements'.
src/components/ProgressionPanel.tsx(54,17): error TS2339: Property 'button' does not exist on type 'JSX.IntrinsicElements'.
src/components/ProgressionPanel.tsx(59,17): error TS2339: Property 'button' does not exist on type 'JSX.IntrinsicElements'.
src/components/ProgressionPanel.tsx(60,15): error TS2339: Property 'div' does not exist on type 'JSX.IntrinsicElements'.
src/components/ProgressionPanel.tsx(62,15): error TS2339: Property 'div' does not exist on type 'JSX.IntrinsicElements'.
src/components/ProgressionPanel.tsx(64,15): error TS2339: Property 'div' does not exist on type 'JSX.IntrinsicElements'.
src/components/ProgressionPanel.tsx(66,11): error TS2339: Property 'div' does not exist on type 'JSX.IntrinsicElements'.
src/components/ProgressionPanel.tsx(67,9): error TS2339: Property 'div' does not exist on type 'JSX.IntrinsicElements'.
src/components/ProgressionPanel.tsx(70,9): error TS2339: Property 'div' does not exist on type 'JSX.IntrinsicElements'.
src/components/ProgressionPanel.tsx(71,11): error TS2339: Property 'h3' does not exist on type 'JSX.IntrinsicElements'.
src/components/ProgressionPanel.tsx(71,102): error TS2339: Property 'h3' does not exist on type 'JSX.IntrinsicElements'.
src/components/ProgressionPanel.tsx(72,11): error TS2339: Property 'div' does not exist on type 'JSX.IntrinsicElements'.
src/components/ProgressionPanel.tsx(73,13): error TS2339: Property 'div' does not exist on type 'JSX.IntrinsicElements'.
src/components/ProgressionPanel.tsx(74,15): error TS2339: Property 'div' does not exist on type 'JSX.IntrinsicElements'.
src/components/ProgressionPanel.tsx(74,90): error TS2339: Property 'div' does not exist on type 'JSX.IntrinsicElements'.
src/components/ProgressionPanel.tsx(75,15): error TS2339: Property 'div' does not exist on type 'JSX.IntrinsicElements'.
src/components/ProgressionPanel.tsx(75,98): error TS2339: Property 'div' does not exist on type 'JSX.IntrinsicElements'.
src/components/ProgressionPanel.tsx(76,13): error TS2339: Property 'div' does not exist on type 'JSX.IntrinsicElements'.
src/components/ProgressionPanel.tsx(77,13): error TS2339: Property 'div' does not exist on type 'JSX.IntrinsicElements'.
src/components/ProgressionPanel.tsx(78,15): error TS2339: Property 'div' does not exist on type 'JSX.IntrinsicElements'.
src/components/ProgressionPanel.tsx(78,90): error TS2339: Property 'div' does not exist on type 'JSX.IntrinsicElements'.
src/components/ProgressionPanel.tsx(79,15): error TS2339: Property 'div' does not exist on type 'JSX.IntrinsicElements'.
src/components/ProgressionPanel.tsx(79,89): error TS2339: Property 'div' does not exist on type 'JSX.IntrinsicElements'.
src/components/ProgressionPanel.tsx(80,13): error TS2339: Property 'div' does not exist on type 'JSX.IntrinsicElements'.
src/components/ProgressionPanel.tsx(81,11): error TS2339: Property 'div' does not exist on type 'JSX.IntrinsicElements'.
src/components/ProgressionPanel.tsx(82,9): error TS2339: Property 'div' does not exist on type 'JSX.IntrinsicElements'.
src/components/ProgressionPanel.tsx(85,9): error TS2339: Property 'div' does not exist on type 'JSX.IntrinsicElements'.
src/components/ProgressionPanel.tsx(86,11): error TS2339: Property 'div' does not exist on type 'JSX.IntrinsicElements'.
src/components/ProgressionPanel.tsx(87,13): error TS2339: Property 'h3' does not exist on type 'JSX.IntrinsicElements'.
src/components/ProgressionPanel.tsx(89,13): error TS2339: Property 'h3' does not exist on type 'JSX.IntrinsicElements'.
src/components/ProgressionPanel.tsx(90,13): error TS2339: Property 'button' does not exist on type 'JSX.IntrinsicElements'.
src/components/ProgressionPanel.tsx(95,13): error TS2339: Property 'button' does not exist on type 'JSX.IntrinsicElements'.
src/components/ProgressionPanel.tsx(96,11): error TS2339: Property 'div' does not exist on type 'JSX.IntrinsicElements'.
src/components/ProgressionPanel.tsx(98,11): error TS2339: Property 'div' does not exist on type 'JSX.IntrinsicElements'.
src/components/ProgressionPanel.tsx(99,13): error TS2339: Property 'div' does not exist on type 'JSX.IntrinsicElements'.
src/components/ProgressionPanel.tsx(99,51): error TS2339: Property 'span' does not exist on type 'JSX.IntrinsicElements'.
src/components/ProgressionPanel.tsx(99,71): error TS2339: Property 'span' does not exist on type 'JSX.IntrinsicElements'.
src/components/ProgressionPanel.tsx(99,78): error TS2339: Property 'span' does not exist on type 'JSX.IntrinsicElements'.
src/components/ProgressionPanel.tsx(99,124): error TS2339: Property 'span' does not exist on type 'JSX.IntrinsicElements'.
src/components/ProgressionPanel.tsx(99,131): error TS2339: Property 'div' does not exist on type 'JSX.IntrinsicElements'.
src/components/ProgressionPanel.tsx(100,13): error TS2339: Property 'div' does not exist on type 'JSX.IntrinsicElements'.
src/components/ProgressionPanel.tsx(100,51): error TS2339: Property 'span' does not exist on type 'JSX.IntrinsicElements'.
src/components/ProgressionPanel.tsx(100,68): error TS2339: Property 'span' does not exist on type 'JSX.IntrinsicElements'.
src/components/ProgressionPanel.tsx(100,75): error TS2339: Property 'span' does not exist on type 'JSX.IntrinsicElements'.
src/components/ProgressionPanel.tsx(100,120): error TS2339: Property 'span' does not exist on type 'JSX.IntrinsicElements'.
src/components/ProgressionPanel.tsx(100,127): error TS2339: Property 'div' does not exist on type 'JSX.IntrinsicElements'.
src/components/ProgressionPanel.tsx(101,13): error TS2339: Property 'div' does not exist on type 'JSX.IntrinsicElements'.
src/components/ProgressionPanel.tsx(101,51): error TS2339: Property 'span' does not exist on type 'JSX.IntrinsicElements'.
src/components/ProgressionPanel.tsx(101,67): error TS2339: Property 'span' does not exist on type 'JSX.IntrinsicElements'.
src/components/ProgressionPanel.tsx(101,74): error TS2339: Property 'span' does not exist on type 'JSX.IntrinsicElements'.
src/components/ProgressionPanel.tsx(101,119): error TS2339: Property 'span' does not exist on type 'JSX.IntrinsicElements'.
src/components/ProgressionPanel.tsx(101,126): error TS2339: Property 'div' does not exist on type 'JSX.IntrinsicElements'.
src/components/ProgressionPanel.tsx(102,13): error TS2339: Property 'div' does not exist on type 'JSX.IntrinsicElements'.
src/components/ProgressionPanel.tsx(102,77): error TS2339: Property 'span' does not exist on type 'JSX.IntrinsicElements'.
src/components/ProgressionPanel.tsx(102,93): error TS2339: Property 'span' does not exist on type 'JSX.IntrinsicElements'.
src/components/ProgressionPanel.tsx(102,100): error TS2339: Property 'span' does not exist on type 'JSX.IntrinsicElements'.
src/components/ProgressionPanel.tsx(102,140): error TS2339: Property 'span' does not exist on type 'JSX.IntrinsicElements'.
src/components/ProgressionPanel.tsx(102,147): error TS2339: Property 'div' does not exist on type 'JSX.IntrinsicElements'.
src/components/ProgressionPanel.tsx(103,11): error TS2339: Property 'div' does not exist on type 'JSX.IntrinsicElements'.
src/components/ProgressionPanel.tsx(104,9): error TS2339: Property 'div' does not exist on type 'JSX.IntrinsicElements'.
src/components/ProgressionPanel.tsx(107,9): error TS2339: Property 'div' does not exist on type 'JSX.IntrinsicElements'.
src/components/ProgressionPanel.tsx(108,11): error TS2339: Property 'div' does not exist on type 'JSX.IntrinsicElements'.
src/components/ProgressionPanel.tsx(109,13): error TS2339: Property 'span' does not exist on type 'JSX.IntrinsicElements'.
src/components/ProgressionPanel.tsx(109,100): error TS2339: Property 'span' does not exist on type 'JSX.IntrinsicElements'.
src/components/ProgressionPanel.tsx(110,13): error TS2339: Property 'span' does not exist on type 'JSX.IntrinsicElements'.
src/components/ProgressionPanel.tsx(110,84): error TS2339: Property 'span' does not exist on type 'JSX.IntrinsicElements'.
src/components/ProgressionPanel.tsx(111,11): error TS2339: Property 'div' does not exist on type 'JSX.IntrinsicElements'.
src/components/ProgressionPanel.tsx(112,11): error TS2339: Property 'div' does not exist on type 'JSX.IntrinsicElements'.
src/components/ProgressionPanel.tsx(113,13): error TS2339: Property 'div' does not exist on type 'JSX.IntrinsicElements'.
src/components/ProgressionPanel.tsx(117,11): error TS2339: Property 'div' does not exist on type 'JSX.IntrinsicElements'.
src/components/ProgressionPanel.tsx(118,11): error TS2339: Property 'div' does not exist on type 'JSX.IntrinsicElements'.
src/components/ProgressionPanel.tsx(120,11): error TS2339: Property 'div' does not exist on type 'JSX.IntrinsicElements'.
src/components/ProgressionPanel.tsx(121,9): error TS2339: Property 'div' does not exist on type 'JSX.IntrinsicElements'.
src/components/ProgressionPanel.tsx(124,9): error TS2339: Property 'div' does not exist on type 'JSX.IntrinsicElements'.
src/components/ProgressionPanel.tsx(125,11): error TS2339: Property 'h3' does not exist on type 'JSX.IntrinsicElements'.
src/components/ProgressionPanel.tsx(125,135): error TS2339: Property 'h3' does not exist on type 'JSX.IntrinsicElements'.
src/components/ProgressionPanel.tsx(126,11): error TS2339: Property 'div' does not exist on type 'JSX.IntrinsicElements'.
src/components/ProgressionPanel.tsx(128,15): error TS2339: Property 'div' does not exist on type 'JSX.IntrinsicElements'.
src/components/ProgressionPanel.tsx(129,17): error TS2339: Property 'p' does not exist on type 'JSX.IntrinsicElements'.
src/components/ProgressionPanel.tsx(129,96): error TS2339: Property 'p' does not exist on type 'JSX.IntrinsicElements'.
src/components/ProgressionPanel.tsx(130,15): error TS2339: Property 'div' does not exist on type 'JSX.IntrinsicElements'.
src/components/ProgressionPanel.tsx(133,17): error TS2339: Property 'div' does not exist on type 'JSX.IntrinsicElements'.
src/components/ProgressionPanel.tsx(135,19): error TS2339: Property 'div' does not exist on type 'JSX.IntrinsicElements'.
src/components/ProgressionPanel.tsx(136,21): error TS2339: Property 'div' does not exist on type 'JSX.IntrinsicElements'.
src/components/ProgressionPanel.tsx(136,102): error TS2339: Property 'div' does not exist on type 'JSX.IntrinsicElements'.
src/components/ProgressionPanel.tsx(137,21): error TS2339: Property 'div' does not exist on type 'JSX.IntrinsicElements'.
src/components/ProgressionPanel.tsx(137,122): error TS2339: Property 'div' does not exist on type 'JSX.IntrinsicElements'.
src/components/ProgressionPanel.tsx(138,19): error TS2339: Property 'div' does not exist on type 'JSX.IntrinsicElements'.
src/components/ProgressionPanel.tsx(139,17): error TS2339: Property 'div' does not exist on type 'JSX.IntrinsicElements'.
src/components/ProgressionPanel.tsx(142,11): error TS2339: Property 'div' does not exist on type 'JSX.IntrinsicElements'.
src/components/ProgressionPanel.tsx(143,9): error TS2339: Property 'div' does not exist on type 'JSX.IntrinsicElements'.
src/components/ProgressionPanel.tsx(144,7): error TS2339: Property 'div' does not exist on type 'JSX.IntrinsicElements'.
src/components/PurchaseFeedback.tsx(2,47): error TS2792: Cannot find module 'lucide-react'. Did you mean to set the 'moduleResolution' option to 'nodenext', or to add aliases to the 'paths' option?
src/components/PurchaseFeedback.tsx(31,5): error TS2339: Property 'div' does not exist on type 'JSX.IntrinsicElements'.
src/components/PurchaseFeedback.tsx(39,7): error TS2339: Property 'div' does not exist on type 'JSX.IntrinsicElements'.
src/components/PurchaseFeedback.tsx(40,9): error TS2339: Property 'div' does not exist on type 'JSX.IntrinsicElements'.
src/components/PurchaseFeedback.tsx(42,13): error TS2339: Property 'div' does not exist on type 'JSX.IntrinsicElements'.
src/components/PurchaseFeedback.tsx(44,15): error TS2339: Property 'span' does not exist on type 'JSX.IntrinsicElements'.
src/components/PurchaseFeedback.tsx(44,39): error TS2339: Property 'span' does not exist on type 'JSX.IntrinsicElements'.
src/components/PurchaseFeedback.tsx(45,13): error TS2339: Property 'div' does not exist on type 'JSX.IntrinsicElements'.
src/components/PurchaseFeedback.tsx(48,13): error TS2339: Property 'div' does not exist on type 'JSX.IntrinsicElements'.
src/components/PurchaseFeedback.tsx(50,15): error TS2339: Property 'span' does not exist on type 'JSX.IntrinsicElements'.
src/components/PurchaseFeedback.tsx(50,42): error TS2339: Property 'span' does not exist on type 'JSX.IntrinsicElements'.
src/components/PurchaseFeedback.tsx(51,13): error TS2339: Property 'div' does not exist on type 'JSX.IntrinsicElements'.
src/components/PurchaseFeedback.tsx(53,9): error TS2339: Property 'div' does not exist on type 'JSX.IntrinsicElements'.
src/components/PurchaseFeedback.tsx(54,7): error TS2339: Property 'div' does not exist on type 'JSX.IntrinsicElements'.
src/components/PurchaseFeedback.tsx(55,5): error TS2339: Property 'div' does not exist on type 'JSX.IntrinsicElements'.
src/components/ShopPanel.tsx(2,152): error TS2792: Cannot find module 'lucide-react'. Did you mean to set the 'moduleResolution' option to 'nodenext', or to add aliases to the 'paths' option?
src/components/ShopPanel.tsx(75,7): error TS2322: Type 'Element' is not assignable to type 'ReactNode'.
src/components/ShopPanel.tsx(86,7): error TS2322: Type 'Element' is not assignable to type 'ReactNode'.
src/components/ShopPanel.tsx(97,7): error TS2322: Type 'Element' is not assignable to type 'ReactNode'.
src/components/ShopPanel.tsx(108,7): error TS2322: Type 'Element' is not assignable to type 'ReactNode'.
src/components/ShopPanel.tsx(119,7): error TS2322: Type 'Element' is not assignable to type 'ReactNode'.
src/components/ShopPanel.tsx(130,7): error TS2322: Type 'Element' is not assignable to type 'ReactNode'.
src/components/ShopPanel.tsx(141,7): error TS2322: Type 'Element' is not assignable to type 'ReactNode'.
src/components/ShopPanel.tsx(152,7): error TS2322: Type 'Element' is not assignable to type 'ReactNode'.
src/components/ShopPanel.tsx(166,7): error TS2322: Type 'Element' is not assignable to type 'ReactNode'.
src/components/ShopPanel.tsx(177,7): error TS2322: Type 'Element' is not assignable to type 'ReactNode'.
src/components/ShopPanel.tsx(188,7): error TS2322: Type 'Element' is not assignable to type 'ReactNode'.
src/components/ShopPanel.tsx(199,7): error TS2322: Type 'Element' is not assignable to type 'ReactNode'.
src/components/ShopPanel.tsx(257,7): error TS2339: Property 'div' does not exist on type 'JSX.IntrinsicElements'.
src/components/ShopPanel.tsx(258,9): error TS2339: Property 'div' does not exist on type 'JSX.IntrinsicElements'.
src/components/ShopPanel.tsx(259,11): error TS2339: Property 'div' does not exist on type 'JSX.IntrinsicElements'.
src/components/ShopPanel.tsx(260,13): error TS2339: Property 'div' does not exist on type 'JSX.IntrinsicElements'.
src/components/ShopPanel.tsx(261,15): error TS2339: Property 'div' does not exist on type 'JSX.IntrinsicElements'.
src/components/ShopPanel.tsx(263,15): error TS2339: Property 'div' does not exist on type 'JSX.IntrinsicElements'.
src/components/ShopPanel.tsx(264,15): error TS2339: Property 'h3' does not exist on type 'JSX.IntrinsicElements'.
src/components/ShopPanel.tsx(264,98): error TS2339: Property 'h3' does not exist on type 'JSX.IntrinsicElements'.
src/components/ShopPanel.tsx(265,13): error TS2339: Property 'div' does not exist on type 'JSX.IntrinsicElements'.
src/components/ShopPanel.tsx(266,13): error TS2339: Property 'p' does not exist on type 'JSX.IntrinsicElements'.
src/components/ShopPanel.tsx(266,90): error TS2339: Property 'p' does not exist on type 'JSX.IntrinsicElements'.
src/components/ShopPanel.tsx(267,13): error TS2339: Property 'div' does not exist on type 'JSX.IntrinsicElements'.
src/components/ShopPanel.tsx(268,15): error TS2339: Property 'div' does not exist on type 'JSX.IntrinsicElements'.
src/components/ShopPanel.tsx(268,84): error TS2339: Property 'span' does not exist on type 'JSX.IntrinsicElements'.
src/components/ShopPanel.tsx(268,116): error TS2339: Property 'span' does not exist on type 'JSX.IntrinsicElements'.
src/components/ShopPanel.tsx(268,123): error TS2339: Property 'div' does not exist on type 'JSX.IntrinsicElements'.
src/components/ShopPanel.tsx(269,15): error TS2339: Property 'div' does not exist on type 'JSX.IntrinsicElements'.
src/components/ShopPanel.tsx(269,83): error TS2339: Property 'span' does not exist on type 'JSX.IntrinsicElements'.
src/components/ShopPanel.tsx(269,111): error TS2339: Property 'span' does not exist on type 'JSX.IntrinsicElements'.
src/components/ShopPanel.tsx(269,118): error TS2339: Property 'div' does not exist on type 'JSX.IntrinsicElements'.
src/components/ShopPanel.tsx(270,13): error TS2339: Property 'div' does not exist on type 'JSX.IntrinsicElements'.
src/components/ShopPanel.tsx(271,11): error TS2339: Property 'div' does not exist on type 'JSX.IntrinsicElements'.
src/components/ShopPanel.tsx(272,11): error TS2339: Property 'div' does not exist on type 'JSX.IntrinsicElements'.
src/components/ShopPanel.tsx(273,13): error TS2339: Property 'div' does not exist on type 'JSX.IntrinsicElements'.
src/components/ShopPanel.tsx(275,13): error TS2339: Property 'div' does not exist on type 'JSX.IntrinsicElements'.
src/components/ShopPanel.tsx(276,13): error TS2339: Property 'button' does not exist on type 'JSX.IntrinsicElements'.
src/components/ShopPanel.tsx(284,13): error TS2339: Property 'button' does not exist on type 'JSX.IntrinsicElements'.
src/components/ShopPanel.tsx(285,11): error TS2339: Property 'div' does not exist on type 'JSX.IntrinsicElements'.
src/components/ShopPanel.tsx(286,9): error TS2339: Property 'div' does not exist on type 'JSX.IntrinsicElements'.
src/components/ShopPanel.tsx(287,7): error TS2339: Property 'div' does not exist on type 'JSX.IntrinsicElements'.
src/components/ShopPanel.tsx(293,7): error TS2339: Property 'div' does not exist on type 'JSX.IntrinsicElements'.
src/components/ShopPanel.tsx(294,9): error TS2339: Property 'div' does not exist on type 'JSX.IntrinsicElements'.
src/components/ShopPanel.tsx(295,11): error TS2339: Property 'div' does not exist on type 'JSX.IntrinsicElements'.
src/components/ShopPanel.tsx(295,125): error TS2339: Property 'div' does not exist on type 'JSX.IntrinsicElements'.
src/components/ShopPanel.tsx(296,11): error TS2339: Property 'div' does not exist on type 'JSX.IntrinsicElements'.
src/components/ShopPanel.tsx(296,122): error TS2339: Property 'div' does not exist on type 'JSX.IntrinsicElements'.
src/components/ShopPanel.tsx(297,9): error TS2339: Property 'div' does not exist on type 'JSX.IntrinsicElements'.
src/components/ShopPanel.tsx(298,9): error TS2339: Property 'div' does not exist on type 'JSX.IntrinsicElements'.
src/components/ShopPanel.tsx(299,11): error TS2339: Property 'span' does not exist on type 'JSX.IntrinsicElements'.
src/components/ShopPanel.tsx(299,48): error TS2339: Property 'span' does not exist on type 'JSX.IntrinsicElements'.
src/components/ShopPanel.tsx(300,11): error TS2339: Property 'span' does not exist on type 'JSX.IntrinsicElements'.
src/components/ShopPanel.tsx(300,38): error TS2339: Property 'span' does not exist on type 'JSX.IntrinsicElements'.
src/components/ShopPanel.tsx(301,9): error TS2339: Property 'div' does not exist on type 'JSX.IntrinsicElements'.
src/components/ShopPanel.tsx(302,7): error TS2339: Property 'div' does not exist on type 'JSX.IntrinsicElements'.
src/components/ShopPanel.tsx(304,7): error TS2339: Property 'div' does not exist on type 'JSX.IntrinsicElements'.
src/components/ShopPanel.tsx(305,9): error TS2339: Property 'button' does not exist on type 'JSX.IntrinsicElements'.
src/components/ShopPanel.tsx(305,270): error TS2339: Property 'button' does not exist on type 'JSX.IntrinsicElements'.
src/components/ShopPanel.tsx(306,9): error TS2339: Property 'button' does not exist on type 'JSX.IntrinsicElements'.
src/components/ShopPanel.tsx(306,406): error TS2339: Property 'button' does not exist on type 'JSX.IntrinsicElements'.
src/components/ShopPanel.tsx(307,7): error TS2339: Property 'div' does not exist on type 'JSX.IntrinsicElements'.
src/components/ShopPanel.tsx(309,7): error TS2339: Property 'div' does not exist on type 'JSX.IntrinsicElements'.
src/components/ShopPanel.tsx(311,11): error TS2339: Property 'div' does not exist on type 'JSX.IntrinsicElements'.
src/components/ShopPanel.tsx(311,73): error TS2339: Property 'div' does not exist on type 'JSX.IntrinsicElements'.
src/components/ShopPanel.tsx(313,11): error TS2339: Property 'div' does not exist on type 'JSX.IntrinsicElements'.
src/components/ShopPanel.tsx(316,17): error TS2339: Property 'div' does not exist on type 'JSX.IntrinsicElements'.
src/components/ShopPanel.tsx(317,19): error TS2339: Property 'div' does not exist on type 'JSX.IntrinsicElements'.
src/components/ShopPanel.tsx(318,21): error TS2339: Property 'h3' does not exist on type 'JSX.IntrinsicElements'.
src/components/ShopPanel.tsx(318,85): error TS2339: Property 'h3' does not exist on type 'JSX.IntrinsicElements'.
src/components/ShopPanel.tsx(319,21): error TS2339: Property 'div' does not exist on type 'JSX.IntrinsicElements'.
src/components/ShopPanel.tsx(319,110): error TS2339: Property 'div' does not exist on type 'JSX.IntrinsicElements'.
src/components/ShopPanel.tsx(320,19): error TS2339: Property 'div' does not exist on type 'JSX.IntrinsicElements'.
src/components/ShopPanel.tsx(321,17): error TS2339: Property 'div' does not exist on type 'JSX.IntrinsicElements'.
src/components/ShopPanel.tsx(322,17): error TS2339: Property 'div' does not exist on type 'JSX.IntrinsicElements'.
src/components/ShopPanel.tsx(322,80): error TS2339: Property 'div' does not exist on type 'JSX.IntrinsicElements'.
src/components/ShopPanel.tsx(325,15): error TS2339: Property 'div' does not exist on type 'JSX.IntrinsicElements'.
src/components/ShopPanel.tsx(327,17): error TS2339: Property 'h3' does not exist on type 'JSX.IntrinsicElements'.
src/components/ShopPanel.tsx(327,93): error TS2339: Property 'h3' does not exist on type 'JSX.IntrinsicElements'.
src/components/ShopPanel.tsx(328,17): error TS2339: Property 'p' does not exist on type 'JSX.IntrinsicElements'.
src/components/ShopPanel.tsx(328,134): error TS2339: Property 'p' does not exist on type 'JSX.IntrinsicElements'.
src/components/ShopPanel.tsx(329,15): error TS2339: Property 'div' does not exist on type 'JSX.IntrinsicElements'.
src/components/ShopPanel.tsx(331,11): error TS2339: Property 'div' does not exist on type 'JSX.IntrinsicElements'.
src/components/ShopPanel.tsx(333,7): error TS2339: Property 'div' does not exist on type 'JSX.IntrinsicElements'.
src/components/SinisterLab.tsx(2,55): error TS2792: Cannot find module 'lucide-react'. Did you mean to set the 'moduleResolution' option to 'nodenext', or to add aliases to the 'paths' option?
src/components/SinisterLab.tsx(122,7): error TS2339: Property 'div' does not exist on type 'JSX.IntrinsicElements'.
src/components/SinisterLab.tsx(124,9): error TS2339: Property 'div' does not exist on type 'JSX.IntrinsicElements'.
src/components/SinisterLab.tsx(125,11): error TS2339: Property 'div' does not exist on type 'JSX.IntrinsicElements'.
src/components/SinisterLab.tsx(126,13): error TS2339: Property 'div' does not exist on type 'JSX.IntrinsicElements'.
src/components/SinisterLab.tsx(126,86): error TS2339: Property 'div' does not exist on type 'JSX.IntrinsicElements'.
src/components/SinisterLab.tsx(127,13): error TS2339: Property 'div' does not exist on type 'JSX.IntrinsicElements'.
src/components/SinisterLab.tsx(127,76): error TS2339: Property 'div' does not exist on type 'JSX.IntrinsicElements'.
src/components/SinisterLab.tsx(128,11): error TS2339: Property 'div' does not exist on type 'JSX.IntrinsicElements'.
src/components/SinisterLab.tsx(129,11): error TS2339: Property 'div' does not exist on type 'JSX.IntrinsicElements'.
src/components/SinisterLab.tsx(130,13): error TS2339: Property 'div' does not exist on type 'JSX.IntrinsicElements'.
src/components/SinisterLab.tsx(130,88): error TS2339: Property 'div' does not exist on type 'JSX.IntrinsicElements'.
src/components/SinisterLab.tsx(131,13): error TS2339: Property 'div' does not exist on type 'JSX.IntrinsicElements'.
src/components/SinisterLab.tsx(131,85): error TS2339: Property 'div' does not exist on type 'JSX.IntrinsicElements'.
src/components/SinisterLab.tsx(132,11): error TS2339: Property 'div' does not exist on type 'JSX.IntrinsicElements'.
src/components/SinisterLab.tsx(133,9): error TS2339: Property 'div' does not exist on type 'JSX.IntrinsicElements'.
src/components/SinisterLab.tsx(136,9): error TS2339: Property 'div' does not exist on type 'JSX.IntrinsicElements'.
src/components/SinisterLab.tsx(137,11): error TS2339: Property 'button' does not exist on type 'JSX.IntrinsicElements'.
src/components/SinisterLab.tsx(148,11): error TS2339: Property 'button' does not exist on type 'JSX.IntrinsicElements'.
src/components/SinisterLab.tsx(150,13): error TS2339: Property 'div' does not exist on type 'JSX.IntrinsicElements'.
src/components/SinisterLab.tsx(152,9): error TS2339: Property 'div' does not exist on type 'JSX.IntrinsicElements'.
src/components/SinisterLab.tsx(155,9): error TS2339: Property 'div' does not exist on type 'JSX.IntrinsicElements'.
src/components/SinisterLab.tsx(156,11): error TS2339: Property 'h3' does not exist on type 'JSX.IntrinsicElements'.
src/components/SinisterLab.tsx(156,99): error TS2339: Property 'h3' does not exist on type 'JSX.IntrinsicElements'.
src/components/SinisterLab.tsx(157,11): error TS2339: Property 'div' does not exist on type 'JSX.IntrinsicElements'.
src/components/SinisterLab.tsx(159,15): error TS2339: Property 'button' does not exist on type 'JSX.IntrinsicElements'.
src/components/SinisterLab.tsx(170,21): error TS2339: Property 'div' does not exist on type 'JSX.IntrinsicElements'.
src/components/SinisterLab.tsx(170,70): error TS2339: Property 'div' does not exist on type 'JSX.IntrinsicElements'.
src/components/SinisterLab.tsx(171,21): error TS2339: Property 'div' does not exist on type 'JSX.IntrinsicElements'.
src/components/SinisterLab.tsx(173,21): error TS2339: Property 'div' does not exist on type 'JSX.IntrinsicElements'.
src/components/SinisterLab.tsx(174,21): error TS2339: Property 'div' does not exist on type 'JSX.IntrinsicElements'.
src/components/SinisterLab.tsx(174,92): error TS2339: Property 'div' does not exist on type 'JSX.IntrinsicElements'.
src/components/SinisterLab.tsx(175,21): error TS2339: Property 'div' does not exist on type 'JSX.IntrinsicElements'.
src/components/SinisterLab.tsx(177,21): error TS2339: Property 'div' does not exist on type 'JSX.IntrinsicElements'.
src/components/SinisterLab.tsx(182,15): error TS2339: Property 'button' does not exist on type 'JSX.IntrinsicElements'.
src/components/SinisterLab.tsx(184,11): error TS2339: Property 'div' does not exist on type 'JSX.IntrinsicElements'.
src/components/SinisterLab.tsx(185,9): error TS2339: Property 'div' does not exist on type 'JSX.IntrinsicElements'.
src/components/SinisterLab.tsx(188,9): error TS2339: Property 'div' does not exist on type 'JSX.IntrinsicElements'.
src/components/SinisterLab.tsx(189,11): error TS2339: Property 'h3' does not exist on type 'JSX.IntrinsicElements'.
src/components/SinisterLab.tsx(191,11): error TS2339: Property 'h3' does not exist on type 'JSX.IntrinsicElements'.
src/components/SinisterLab.tsx(193,13): error TS2339: Property 'div' does not exist on type 'JSX.IntrinsicElements'.
src/components/SinisterLab.tsx(194,15): error TS2339: Property 'p' does not exist on type 'JSX.IntrinsicElements'.
src/components/SinisterLab.tsx(194,109): error TS2339: Property 'p' does not exist on type 'JSX.IntrinsicElements'.
src/components/SinisterLab.tsx(195,13): error TS2339: Property 'div' does not exist on type 'JSX.IntrinsicElements'.
src/components/SinisterLab.tsx(197,13): error TS2339: Property 'div' does not exist on type 'JSX.IntrinsicElements'.
src/components/SinisterLab.tsx(199,17): error TS2339: Property 'button' does not exist on type 'JSX.IntrinsicElements'.
src/components/SinisterLab.tsx(207,19): error TS2339: Property 'div' does not exist on type 'JSX.IntrinsicElements'.
src/components/SinisterLab.tsx(208,21): error TS2339: Property 'div' does not exist on type 'JSX.IntrinsicElements'.
src/components/SinisterLab.tsx(208,70): error TS2339: Property 'div' does not exist on type 'JSX.IntrinsicElements'.
src/components/SinisterLab.tsx(209,21): error TS2339: Property 'div' does not exist on type 'JSX.IntrinsicElements'.
src/components/SinisterLab.tsx(209,103): error TS2339: Property 'div' does not exist on type 'JSX.IntrinsicElements'.
src/components/SinisterLab.tsx(210,19): error TS2339: Property 'div' does not exist on type 'JSX.IntrinsicElements'.
src/components/SinisterLab.tsx(211,19): error TS2339: Property 'div' does not exist on type 'JSX.IntrinsicElements'.
src/components/SinisterLab.tsx(211,103): error TS2339: Property 'div' does not exist on type 'JSX.IntrinsicElements'.
src/components/SinisterLab.tsx(212,19): error TS2339: Property 'div' does not exist on type 'JSX.IntrinsicElements'.
src/components/SinisterLab.tsx(212,92): error TS2339: Property 'div' does not exist on type 'JSX.IntrinsicElements'.
src/components/SinisterLab.tsx(213,17): error TS2339: Property 'button' does not exist on type 'JSX.IntrinsicElements'.
src/components/SinisterLab.tsx(215,13): error TS2339: Property 'div' does not exist on type 'JSX.IntrinsicElements'.
src/components/SinisterLab.tsx(217,9): error TS2339: Property 'div' does not exist on type 'JSX.IntrinsicElements'.
src/components/SinisterLab.tsx(220,9): error TS2339: Property 'div' does not exist on type 'JSX.IntrinsicElements'.
src/components/SinisterLab.tsx(221,11): error TS2339: Property 'h4' does not exist on type 'JSX.IntrinsicElements'.
src/components/SinisterLab.tsx(221,95): error TS2339: Property 'h4' does not exist on type 'JSX.IntrinsicElements'.
src/components/SinisterLab.tsx(222,11): error TS2339: Property 'ul' does not exist on type 'JSX.IntrinsicElements'.
src/components/SinisterLab.tsx(223,13): error TS2339: Property 'li' does not exist on type 'JSX.IntrinsicElements'.
src/components/SinisterLab.tsx(223,54): error TS2339: Property 'li' does not exist on type 'JSX.IntrinsicElements'.
src/components/SinisterLab.tsx(224,13): error TS2339: Property 'li' does not exist on type 'JSX.IntrinsicElements'.
src/components/SinisterLab.tsx(224,56): error TS2339: Property 'li' does not exist on type 'JSX.IntrinsicElements'.
src/components/SinisterLab.tsx(225,13): error TS2339: Property 'li' does not exist on type 'JSX.IntrinsicElements'.
src/components/SinisterLab.tsx(225,54): error TS2339: Property 'li' does not exist on type 'JSX.IntrinsicElements'.
src/components/SinisterLab.tsx(226,13): error TS2339: Property 'li' does not exist on type 'JSX.IntrinsicElements'.
src/components/SinisterLab.tsx(226,54): error TS2339: Property 'li' does not exist on type 'JSX.IntrinsicElements'.
src/components/SinisterLab.tsx(227,11): error TS2339: Property 'ul' does not exist on type 'JSX.IntrinsicElements'.
src/components/SinisterLab.tsx(228,9): error TS2339: Property 'div' does not exist on type 'JSX.IntrinsicElements'.
src/components/SinisterLab.tsx(229,7): error TS2339: Property 'div' does not exist on type 'JSX.IntrinsicElements'.
src/components/StatisticsPanel.tsx(2,77): error TS2792: Cannot find module 'lucide-react'. Did you mean to set the 'moduleResolution' option to 'nodenext', or to add aliases to the 'paths' option?
src/components/StatisticsPanel.tsx(46,7): error TS2339: Property 'div' does not exist on type 'JSX.IntrinsicElements'.
src/components/StatisticsPanel.tsx(48,9): error TS2339: Property 'div' does not exist on type 'JSX.IntrinsicElements'.
src/components/StatisticsPanel.tsx(49,11): error TS2339: Property 'div' does not exist on type 'JSX.IntrinsicElements'.
src/components/StatisticsPanel.tsx(51,13): error TS2339: Property 'span' does not exist on type 'JSX.IntrinsicElements'.
src/components/StatisticsPanel.tsx(51,91): error TS2339: Property 'span' does not exist on type 'JSX.IntrinsicElements'.
src/components/StatisticsPanel.tsx(52,11): error TS2339: Property 'div' does not exist on type 'JSX.IntrinsicElements'.
src/components/StatisticsPanel.tsx(53,11): error TS2339: Property 'div' does not exist on type 'JSX.IntrinsicElements'.
src/components/StatisticsPanel.tsx(54,13): error TS2339: Property 'div' does not exist on type 'JSX.IntrinsicElements'.
src/components/StatisticsPanel.tsx(54,51): error TS2339: Property 'span' does not exist on type 'JSX.IntrinsicElements'.
src/components/StatisticsPanel.tsx(54,65): error TS2339: Property 'span' does not exist on type 'JSX.IntrinsicElements'.
src/components/StatisticsPanel.tsx(54,72): error TS2339: Property 'span' does not exist on type 'JSX.IntrinsicElements'.
src/components/StatisticsPanel.tsx(54,114): error TS2339: Property 'span' does not exist on type 'JSX.IntrinsicElements'.
src/components/StatisticsPanel.tsx(54,121): error TS2339: Property 'div' does not exist on type 'JSX.IntrinsicElements'.
src/components/StatisticsPanel.tsx(55,13): error TS2339: Property 'div' does not exist on type 'JSX.IntrinsicElements'.
src/components/StatisticsPanel.tsx(55,51): error TS2339: Property 'span' does not exist on type 'JSX.IntrinsicElements'.
src/components/StatisticsPanel.tsx(55,65): error TS2339: Property 'span' does not exist on type 'JSX.IntrinsicElements'.
src/components/StatisticsPanel.tsx(55,72): error TS2339: Property 'span' does not exist on type 'JSX.IntrinsicElements'.
src/components/StatisticsPanel.tsx(55,117): error TS2339: Property 'span' does not exist on type 'JSX.IntrinsicElements'.
src/components/StatisticsPanel.tsx(55,124): error TS2339: Property 'div' does not exist on type 'JSX.IntrinsicElements'.
src/components/StatisticsPanel.tsx(56,13): error TS2339: Property 'div' does not exist on type 'JSX.IntrinsicElements'.
src/components/StatisticsPanel.tsx(56,51): error TS2339: Property 'span' does not exist on type 'JSX.IntrinsicElements'.
src/components/StatisticsPanel.tsx(56,63): error TS2339: Property 'span' does not exist on type 'JSX.IntrinsicElements'.
src/components/StatisticsPanel.tsx(56,70): error TS2339: Property 'span' does not exist on type 'JSX.IntrinsicElements'.
src/components/StatisticsPanel.tsx(56,92): error TS2339: Property 'span' does not exist on type 'JSX.IntrinsicElements'.
src/components/StatisticsPanel.tsx(56,99): error TS2339: Property 'div' does not exist on type 'JSX.IntrinsicElements'.
src/components/StatisticsPanel.tsx(57,13): error TS2339: Property 'div' does not exist on type 'JSX.IntrinsicElements'.
src/components/StatisticsPanel.tsx(57,51): error TS2339: Property 'span' does not exist on type 'JSX.IntrinsicElements'.
src/components/StatisticsPanel.tsx(57,62): error TS2339: Property 'span' does not exist on type 'JSX.IntrinsicElements'.
src/components/StatisticsPanel.tsx(57,69): error TS2339: Property 'span' does not exist on type 'JSX.IntrinsicElements'.
src/components/StatisticsPanel.tsx(57,102): error TS2339: Property 'span' does not exist on type 'JSX.IntrinsicElements'.
src/components/StatisticsPanel.tsx(57,109): error TS2339: Property 'div' does not exist on type 'JSX.IntrinsicElements'.
src/components/StatisticsPanel.tsx(58,11): error TS2339: Property 'div' does not exist on type 'JSX.IntrinsicElements'.
src/components/StatisticsPanel.tsx(59,9): error TS2339: Property 'div' does not exist on type 'JSX.IntrinsicElements'.
src/components/StatisticsPanel.tsx(62,9): error TS2339: Property 'div' does not exist on type 'JSX.IntrinsicElements'.
src/components/StatisticsPanel.tsx(63,11): error TS2339: Property 'div' does not exist on type 'JSX.IntrinsicElements'.
src/components/StatisticsPanel.tsx(65,13): error TS2339: Property 'span' does not exist on type 'JSX.IntrinsicElements'.
src/components/StatisticsPanel.tsx(65,86): error TS2339: Property 'span' does not exist on type 'JSX.IntrinsicElements'.
src/components/StatisticsPanel.tsx(66,11): error TS2339: Property 'div' does not exist on type 'JSX.IntrinsicElements'.
src/components/StatisticsPanel.tsx(67,11): error TS2339: Property 'div' does not exist on type 'JSX.IntrinsicElements'.
src/components/StatisticsPanel.tsx(68,13): error TS2339: Property 'div' does not exist on type 'JSX.IntrinsicElements'.
src/components/StatisticsPanel.tsx(68,51): error TS2339: Property 'span' does not exist on type 'JSX.IntrinsicElements'.
src/components/StatisticsPanel.tsx(68,64): error TS2339: Property 'span' does not exist on type 'JSX.IntrinsicElements'.
src/components/StatisticsPanel.tsx(68,71): error TS2339: Property 'span' does not exist on type 'JSX.IntrinsicElements'.
src/components/StatisticsPanel.tsx(68,111): error TS2339: Property 'span' does not exist on type 'JSX.IntrinsicElements'.
src/components/StatisticsPanel.tsx(68,118): error TS2339: Property 'div' does not exist on type 'JSX.IntrinsicElements'.
src/components/StatisticsPanel.tsx(69,13): error TS2339: Property 'div' does not exist on type 'JSX.IntrinsicElements'.
src/components/StatisticsPanel.tsx(69,51): error TS2339: Property 'span' does not exist on type 'JSX.IntrinsicElements'.
src/components/StatisticsPanel.tsx(69,64): error TS2339: Property 'span' does not exist on type 'JSX.IntrinsicElements'.
src/components/StatisticsPanel.tsx(69,71): error TS2339: Property 'span' does not exist on type 'JSX.IntrinsicElements'.
src/components/StatisticsPanel.tsx(69,111): error TS2339: Property 'span' does not exist on type 'JSX.IntrinsicElements'.
src/components/StatisticsPanel.tsx(69,118): error TS2339: Property 'div' does not exist on type 'JSX.IntrinsicElements'.
src/components/StatisticsPanel.tsx(70,13): error TS2339: Property 'div' does not exist on type 'JSX.IntrinsicElements'.
src/components/StatisticsPanel.tsx(70,51): error TS2339: Property 'span' does not exist on type 'JSX.IntrinsicElements'.
src/components/StatisticsPanel.tsx(70,63): error TS2339: Property 'span' does not exist on type 'JSX.IntrinsicElements'.
src/components/StatisticsPanel.tsx(70,70): error TS2339: Property 'span' does not exist on type 'JSX.IntrinsicElements'.
src/components/StatisticsPanel.tsx(70,114): error TS2339: Property 'span' does not exist on type 'JSX.IntrinsicElements'.
src/components/StatisticsPanel.tsx(70,121): error TS2339: Property 'div' does not exist on type 'JSX.IntrinsicElements'.
src/components/StatisticsPanel.tsx(71,13): error TS2339: Property 'div' does not exist on type 'JSX.IntrinsicElements'.
src/components/StatisticsPanel.tsx(71,51): error TS2339: Property 'span' does not exist on type 'JSX.IntrinsicElements'.
src/components/StatisticsPanel.tsx(71,62): error TS2339: Property 'span' does not exist on type 'JSX.IntrinsicElements'.
src/components/StatisticsPanel.tsx(71,69): error TS2339: Property 'span' does not exist on type 'JSX.IntrinsicElements'.
src/components/StatisticsPanel.tsx(71,116): error TS2339: Property 'span' does not exist on type 'JSX.IntrinsicElements'.
src/components/StatisticsPanel.tsx(71,123): error TS2339: Property 'div' does not exist on type 'JSX.IntrinsicElements'.
src/components/StatisticsPanel.tsx(72,11): error TS2339: Property 'div' does not exist on type 'JSX.IntrinsicElements'.
src/components/StatisticsPanel.tsx(73,9): error TS2339: Property 'div' does not exist on type 'JSX.IntrinsicElements'.
src/components/StatisticsPanel.tsx(76,9): error TS2339: Property 'div' does not exist on type 'JSX.IntrinsicElements'.
src/components/StatisticsPanel.tsx(77,11): error TS2339: Property 'div' does not exist on type 'JSX.IntrinsicElements'.
src/components/StatisticsPanel.tsx(77,95): error TS2339: Property 'div' does not exist on type 'JSX.IntrinsicElements'.
src/components/StatisticsPanel.tsx(78,11): error TS2339: Property 'div' does not exist on type 'JSX.IntrinsicElements'.
src/components/StatisticsPanel.tsx(79,13): error TS2339: Property 'span' does not exist on type 'JSX.IntrinsicElements'.
src/components/StatisticsPanel.tsx(79,24): error TS2339: Property 'span' does not exist on type 'JSX.IntrinsicElements'.
src/components/StatisticsPanel.tsx(79,31): error TS2339: Property 'span' does not exist on type 'JSX.IntrinsicElements'.
src/components/StatisticsPanel.tsx(79,93): error TS2339: Property 'span' does not exist on type 'JSX.IntrinsicElements'.
src/components/StatisticsPanel.tsx(80,11): error TS2339: Property 'div' does not exist on type 'JSX.IntrinsicElements'.
src/components/StatisticsPanel.tsx(81,11): error TS2339: Property 'div' does not exist on type 'JSX.IntrinsicElements'.
src/components/StatisticsPanel.tsx(82,13): error TS2339: Property 'div' does not exist on type 'JSX.IntrinsicElements'.
src/components/StatisticsPanel.tsx(86,11): error TS2339: Property 'div' does not exist on type 'JSX.IntrinsicElements'.
src/components/StatisticsPanel.tsx(87,11): error TS2339: Property 'div' does not exist on type 'JSX.IntrinsicElements'.
src/components/StatisticsPanel.tsx(87,129): error TS2339: Property 'div' does not exist on type 'JSX.IntrinsicElements'.
src/components/StatisticsPanel.tsx(88,9): error TS2339: Property 'div' does not exist on type 'JSX.IntrinsicElements'.
src/components/StatisticsPanel.tsx(91,9): error TS2339: Property 'div' does not exist on type 'JSX.IntrinsicElements'.
src/components/StatisticsPanel.tsx(92,11): error TS2339: Property 'button' does not exist on type 'JSX.IntrinsicElements'.
src/components/StatisticsPanel.tsx(94,11): error TS2339: Property 'button' does not exist on type 'JSX.IntrinsicElements'.
src/components/StatisticsPanel.tsx(95,11): error TS2339: Property 'button' does not exist on type 'JSX.IntrinsicElements'.
src/components/StatisticsPanel.tsx(97,11): error TS2339: Property 'button' does not exist on type 'JSX.IntrinsicElements'.
src/components/StatisticsPanel.tsx(98,9): error TS2339: Property 'div' does not exist on type 'JSX.IntrinsicElements'.
src/components/StatisticsPanel.tsx(99,7): error TS2339: Property 'div' does not exist on type 'JSX.IntrinsicElements'.
src/components/SuitcasePanel.tsx(2,67): error TS2792: Cannot find module 'lucide-react'. Did you mean to set the 'moduleResolution' option to 'nodenext', or to add aliases to the 'paths' option?
src/components/SuitcasePanel.tsx(56,7): error TS2339: Property 'div' does not exist on type 'JSX.IntrinsicElements'.
src/components/SuitcasePanel.tsx(58,9): error TS2339: Property 'div' does not exist on type 'JSX.IntrinsicElements'.
src/components/SuitcasePanel.tsx(59,11): error TS2339: Property 'button' does not exist on type 'JSX.IntrinsicElements'.
src/components/SuitcasePanel.tsx(67,13): error TS2339: Property 'div' does not exist on type 'JSX.IntrinsicElements'.
src/components/SuitcasePanel.tsx(69,13): error TS2339: Property 'div' does not exist on type 'JSX.IntrinsicElements'.
src/components/SuitcasePanel.tsx(70,11): error TS2339: Property 'button' does not exist on type 'JSX.IntrinsicElements'.
src/components/SuitcasePanel.tsx(71,11): error TS2339: Property 'button' does not exist on type 'JSX.IntrinsicElements'.
src/components/SuitcasePanel.tsx(79,13): error TS2339: Property 'div' does not exist on type 'JSX.IntrinsicElements'.
src/components/SuitcasePanel.tsx(81,13): error TS2339: Property 'div' does not exist on type 'JSX.IntrinsicElements'.
src/components/SuitcasePanel.tsx(82,11): error TS2339: Property 'button' does not exist on type 'JSX.IntrinsicElements'.
src/components/SuitcasePanel.tsx(83,9): error TS2339: Property 'div' does not exist on type 'JSX.IntrinsicElements'.
src/components/SuitcasePanel.tsx(86,9): error TS2339: Property 'div' does not exist on type 'JSX.IntrinsicElements'.
src/components/SuitcasePanel.tsx(88,13): error TS2339: Property 'div' does not exist on type 'JSX.IntrinsicElements'.
src/components/SuitcasePanel.tsx(90,17): error TS2339: Property 'div' does not exist on type 'JSX.IntrinsicElements'.
src/components/SuitcasePanel.tsx(91,19): error TS2339: Property 'div' does not exist on type 'JSX.IntrinsicElements'.
src/components/SuitcasePanel.tsx(93,21): error TS2339: Property 'h3' does not exist on type 'JSX.IntrinsicElements'.
src/components/SuitcasePanel.tsx(95,21): error TS2339: Property 'h3' does not exist on type 'JSX.IntrinsicElements'.
src/components/SuitcasePanel.tsx(96,19): error TS2339: Property 'div' does not exist on type 'JSX.IntrinsicElements'.
src/components/SuitcasePanel.tsx(98,19): error TS2339: Property 'div' does not exist on type 'JSX.IntrinsicElements'.
src/components/SuitcasePanel.tsx(100,21): error TS2339: Property 'span' does not exist on type 'JSX.IntrinsicElements'.
src/components/SuitcasePanel.tsx(100,123): error TS2339: Property 'span' does not exist on type 'JSX.IntrinsicElements'.
src/components/SuitcasePanel.tsx(101,19): error TS2339: Property 'div' does not exist on type 'JSX.IntrinsicElements'.
src/components/SuitcasePanel.tsx(103,19): error TS2339: Property 'p' does not exist on type 'JSX.IntrinsicElements'.
src/components/SuitcasePanel.tsx(105,19): error TS2339: Property 'p' does not exist on type 'JSX.IntrinsicElements'.
src/components/SuitcasePanel.tsx(107,19): error TS2339: Property 'div' does not exist on type 'JSX.IntrinsicElements'.
src/components/SuitcasePanel.tsx(108,21): error TS2339: Property 'button' does not exist on type 'JSX.IntrinsicElements'.
src/components/SuitcasePanel.tsx(113,21): error TS2339: Property 'button' does not exist on type 'JSX.IntrinsicElements'.
src/components/SuitcasePanel.tsx(114,21): error TS2339: Property 'button' does not exist on type 'JSX.IntrinsicElements'.
src/components/SuitcasePanel.tsx(123,21): error TS2339: Property 'button' does not exist on type 'JSX.IntrinsicElements'.
src/components/SuitcasePanel.tsx(124,19): error TS2339: Property 'div' does not exist on type 'JSX.IntrinsicElements'.
src/components/SuitcasePanel.tsx(125,17): error TS2339: Property 'div' does not exist on type 'JSX.IntrinsicElements'.
src/components/SuitcasePanel.tsx(127,17): error TS2339: Property 'div' does not exist on type 'JSX.IntrinsicElements'.
src/components/SuitcasePanel.tsx(129,19): error TS2339: Property 'p' does not exist on type 'JSX.IntrinsicElements'.
src/components/SuitcasePanel.tsx(129,91): error TS2339: Property 'p' does not exist on type 'JSX.IntrinsicElements'.
src/components/SuitcasePanel.tsx(130,19): error TS2339: Property 'p' does not exist on type 'JSX.IntrinsicElements'.
src/components/SuitcasePanel.tsx(130,117): error TS2339: Property 'p' does not exist on type 'JSX.IntrinsicElements'.
src/components/SuitcasePanel.tsx(131,17): error TS2339: Property 'div' does not exist on type 'JSX.IntrinsicElements'.
src/components/SuitcasePanel.tsx(133,13): error TS2339: Property 'div' does not exist on type 'JSX.IntrinsicElements'.
src/components/SuitcasePanel.tsx(135,13): error TS2339: Property 'div' does not exist on type 'JSX.IntrinsicElements'.
src/components/SuitcasePanel.tsx(137,17): error TS2339: Property 'div' does not exist on type 'JSX.IntrinsicElements'.
src/components/SuitcasePanel.tsx(139,19): error TS2339: Property 'p' does not exist on type 'JSX.IntrinsicElements'.
src/components/SuitcasePanel.tsx(139,89): error TS2339: Property 'p' does not exist on type 'JSX.IntrinsicElements'.
src/components/SuitcasePanel.tsx(140,19): error TS2339: Property 'p' does not exist on type 'JSX.IntrinsicElements'.
src/components/SuitcasePanel.tsx(140,119): error TS2339: Property 'p' does not exist on type 'JSX.IntrinsicElements'.
src/components/SuitcasePanel.tsx(141,17): error TS2339: Property 'div' does not exist on type 'JSX.IntrinsicElements'.
src/components/SuitcasePanel.tsx(144,19): error TS2339: Property 'div' does not exist on type 'JSX.IntrinsicElements'.
src/components/SuitcasePanel.tsx(145,21): error TS2339: Property 'div' does not exist on type 'JSX.IntrinsicElements'.
src/components/SuitcasePanel.tsx(146,23): error TS2339: Property 'h3' does not exist on type 'JSX.IntrinsicElements'.
src/components/SuitcasePanel.tsx(146,119): error TS2339: Property 'h3' does not exist on type 'JSX.IntrinsicElements'.
src/components/SuitcasePanel.tsx(147,23): error TS2339: Property 'p' does not exist on type 'JSX.IntrinsicElements'.
src/components/SuitcasePanel.tsx(147,107): error TS2339: Property 'p' does not exist on type 'JSX.IntrinsicElements'.
src/components/SuitcasePanel.tsx(148,23): error TS2339: Property 'div' does not exist on type 'JSX.IntrinsicElements'.
src/components/SuitcasePanel.tsx(149,26): error TS2339: Property 'span' does not exist on type 'JSX.IntrinsicElements'.
src/components/SuitcasePanel.tsx(151,25): error TS2339: Property 'span' does not exist on type 'JSX.IntrinsicElements'.
src/components/SuitcasePanel.tsx(152,25): error TS2339: Property 'span' does not exist on type 'JSX.IntrinsicElements'.
src/components/SuitcasePanel.tsx(154,25): error TS2339: Property 'span' does not exist on type 'JSX.IntrinsicElements'.
src/components/SuitcasePanel.tsx(155,23): error TS2339: Property 'div' does not exist on type 'JSX.IntrinsicElements'.
src/components/SuitcasePanel.tsx(156,21): error TS2339: Property 'div' does not exist on type 'JSX.IntrinsicElements'.
src/components/SuitcasePanel.tsx(157,21): error TS2339: Property 'button' does not exist on type 'JSX.IntrinsicElements'.
src/components/SuitcasePanel.tsx(168,21): error TS2339: Property 'button' does not exist on type 'JSX.IntrinsicElements'.
src/components/SuitcasePanel.tsx(169,19): error TS2339: Property 'div' does not exist on type 'JSX.IntrinsicElements'.
src/components/SuitcasePanel.tsx(172,13): error TS2339: Property 'div' does not exist on type 'JSX.IntrinsicElements'.
src/components/SuitcasePanel.tsx(174,9): error TS2339: Property 'div' does not exist on type 'JSX.IntrinsicElements'.
src/components/SuitcasePanel.tsx(175,7): error TS2339: Property 'div' does not exist on type 'JSX.IntrinsicElements'.
src/components/SynergyUpgradesPanel.tsx(3,48): error TS2792: Cannot find module 'lucide-react'. Did you mean to set the 'moduleResolution' option to 'nodenext', or to add aliases to the 'paths' option?
src/components/SynergyUpgradesPanel.tsx(56,7): error TS2339: Property 'div' does not exist on type 'JSX.IntrinsicElements'.
src/components/SynergyUpgradesPanel.tsx(58,9): error TS2339: Property 'div' does not exist on type 'JSX.IntrinsicElements'.
src/components/SynergyUpgradesPanel.tsx(59,11): error TS2339: Property 'div' does not exist on type 'JSX.IntrinsicElements'.
src/components/SynergyUpgradesPanel.tsx(60,13): error TS2339: Property 'div' does not exist on type 'JSX.IntrinsicElements'.
src/components/SynergyUpgradesPanel.tsx(60,83): error TS2339: Property 'div' does not exist on type 'JSX.IntrinsicElements'.
src/components/SynergyUpgradesPanel.tsx(61,13): error TS2339: Property 'div' does not exist on type 'JSX.IntrinsicElements'.
src/components/SynergyUpgradesPanel.tsx(61,87): error TS2339: Property 'div' does not exist on type 'JSX.IntrinsicElements'.
src/components/SynergyUpgradesPanel.tsx(62,11): error TS2339: Property 'div' does not exist on type 'JSX.IntrinsicElements'.
src/components/SynergyUpgradesPanel.tsx(63,11): error TS2339: Property 'div' does not exist on type 'JSX.IntrinsicElements'.
src/components/SynergyUpgradesPanel.tsx(64,13): error TS2339: Property 'div' does not exist on type 'JSX.IntrinsicElements'.
src/components/SynergyUpgradesPanel.tsx(64,85): error TS2339: Property 'div' does not exist on type 'JSX.IntrinsicElements'.
src/components/SynergyUpgradesPanel.tsx(65,13): error TS2339: Property 'div' does not exist on type 'JSX.IntrinsicElements'.
src/components/SynergyUpgradesPanel.tsx(65,99): error TS2339: Property 'div' does not exist on type 'JSX.IntrinsicElements'.
src/components/SynergyUpgradesPanel.tsx(66,11): error TS2339: Property 'div' does not exist on type 'JSX.IntrinsicElements'.
src/components/SynergyUpgradesPanel.tsx(67,9): error TS2339: Property 'div' does not exist on type 'JSX.IntrinsicElements'.
src/components/SynergyUpgradesPanel.tsx(71,11): error TS2339: Property 'div' does not exist on type 'JSX.IntrinsicElements'.
src/components/SynergyUpgradesPanel.tsx(72,13): error TS2339: Property 'h3' does not exist on type 'JSX.IntrinsicElements'.
src/components/SynergyUpgradesPanel.tsx(74,13): error TS2339: Property 'h3' does not exist on type 'JSX.IntrinsicElements'.
src/components/SynergyUpgradesPanel.tsx(75,13): error TS2339: Property 'div' does not exist on type 'JSX.IntrinsicElements'.
src/components/SynergyUpgradesPanel.tsx(77,17): error TS2339: Property 'div' does not exist on type 'JSX.IntrinsicElements'.
src/components/SynergyUpgradesPanel.tsx(78,19): error TS2339: Property 'div' does not exist on type 'JSX.IntrinsicElements'.
src/components/SynergyUpgradesPanel.tsx(78,90): error TS2339: Property 'div' does not exist on type 'JSX.IntrinsicElements'.
src/components/SynergyUpgradesPanel.tsx(79,19): error TS2339: Property 'div' does not exist on type 'JSX.IntrinsicElements'.
src/components/SynergyUpgradesPanel.tsx(79,101): error TS2339: Property 'div' does not exist on type 'JSX.IntrinsicElements'.
src/components/SynergyUpgradesPanel.tsx(80,17): error TS2339: Property 'div' does not exist on type 'JSX.IntrinsicElements'.
src/components/SynergyUpgradesPanel.tsx(82,13): error TS2339: Property 'div' does not exist on type 'JSX.IntrinsicElements'.
src/components/SynergyUpgradesPanel.tsx(83,11): error TS2339: Property 'div' does not exist on type 'JSX.IntrinsicElements'.
src/components/SynergyUpgradesPanel.tsx(87,9): error TS2339: Property 'div' does not exist on type 'JSX.IntrinsicElements'.
src/components/SynergyUpgradesPanel.tsx(88,11): error TS2339: Property 'h3' does not exist on type 'JSX.IntrinsicElements'.
src/components/SynergyUpgradesPanel.tsx(88,98): error TS2339: Property 'h3' does not exist on type 'JSX.IntrinsicElements'.
src/components/SynergyUpgradesPanel.tsx(89,11): error TS2339: Property 'div' does not exist on type 'JSX.IntrinsicElements'.
src/components/SynergyUpgradesPanel.tsx(91,15): error TS2339: Property 'div' does not exist on type 'JSX.IntrinsicElements'.
src/components/SynergyUpgradesPanel.tsx(93,17): error TS2339: Property 'p' does not exist on type 'JSX.IntrinsicElements'.
src/components/SynergyUpgradesPanel.tsx(93,102): error TS2339: Property 'p' does not exist on type 'JSX.IntrinsicElements'.
src/components/SynergyUpgradesPanel.tsx(94,15): error TS2339: Property 'div' does not exist on type 'JSX.IntrinsicElements'.
src/components/SynergyUpgradesPanel.tsx(101,19): error TS2339: Property 'div' does not exist on type 'JSX.IntrinsicElements'.
src/components/SynergyUpgradesPanel.tsx(105,21): error TS2339: Property 'div' does not exist on type 'JSX.IntrinsicElements'.
src/components/SynergyUpgradesPanel.tsx(106,23): error TS2339: Property 'div' does not exist on type 'JSX.IntrinsicElements'.
src/components/SynergyUpgradesPanel.tsx(107,25): error TS2339: Property 'div' does not exist on type 'JSX.IntrinsicElements'.
src/components/SynergyUpgradesPanel.tsx(109,25): error TS2339: Property 'div' does not exist on type 'JSX.IntrinsicElements'.
src/components/SynergyUpgradesPanel.tsx(110,25): error TS2339: Property 'div' does not exist on type 'JSX.IntrinsicElements'.
src/components/SynergyUpgradesPanel.tsx(111,27): error TS2339: Property 'h4' does not exist on type 'JSX.IntrinsicElements'.
src/components/SynergyUpgradesPanel.tsx(111,103): error TS2339: Property 'h4' does not exist on type 'JSX.IntrinsicElements'.
src/components/SynergyUpgradesPanel.tsx(112,27): error TS2339: Property 'span' does not exist on type 'JSX.IntrinsicElements'.
src/components/SynergyUpgradesPanel.tsx(112,121): error TS2339: Property 'span' does not exist on type 'JSX.IntrinsicElements'.
src/components/SynergyUpgradesPanel.tsx(113,25): error TS2339: Property 'div' does not exist on type 'JSX.IntrinsicElements'.
src/components/SynergyUpgradesPanel.tsx(114,23): error TS2339: Property 'div' does not exist on type 'JSX.IntrinsicElements'.
src/components/SynergyUpgradesPanel.tsx(115,23): error TS2339: Property 'div' does not exist on type 'JSX.IntrinsicElements'.
src/components/SynergyUpgradesPanel.tsx(117,23): error TS2339: Property 'div' does not exist on type 'JSX.IntrinsicElements'.
src/components/SynergyUpgradesPanel.tsx(118,21): error TS2339: Property 'div' does not exist on type 'JSX.IntrinsicElements'.
src/components/SynergyUpgradesPanel.tsx(120,21): error TS2339: Property 'p' does not exist on type 'JSX.IntrinsicElements'.
src/components/SynergyUpgradesPanel.tsx(120,120): error TS2339: Property 'p' does not exist on type 'JSX.IntrinsicElements'.
src/components/SynergyUpgradesPanel.tsx(122,21): error TS2339: Property 'button' does not exist on type 'JSX.IntrinsicElements'.
src/components/SynergyUpgradesPanel.tsx(130,21): error TS2339: Property 'button' does not exist on type 'JSX.IntrinsicElements'.
src/components/SynergyUpgradesPanel.tsx(131,19): error TS2339: Property 'div' does not exist on type 'JSX.IntrinsicElements'.
src/components/SynergyUpgradesPanel.tsx(135,11): error TS2339: Property 'div' does not exist on type 'JSX.IntrinsicElements'.
src/components/SynergyUpgradesPanel.tsx(136,9): error TS2339: Property 'div' does not exist on type 'JSX.IntrinsicElements'.
src/components/SynergyUpgradesPanel.tsx(139,9): error TS2339: Property 'div' does not exist on type 'JSX.IntrinsicElements'.
src/components/SynergyUpgradesPanel.tsx(140,11): error TS2339: Property 'h4' does not exist on type 'JSX.IntrinsicElements'.
src/components/SynergyUpgradesPanel.tsx(140,99): error TS2339: Property 'h4' does not exist on type 'JSX.IntrinsicElements'.
src/components/SynergyUpgradesPanel.tsx(141,11): error TS2339: Property 'div' does not exist on type 'JSX.IntrinsicElements'.
src/components/SynergyUpgradesPanel.tsx(142,13): error TS2339: Property 'div' does not exist on type 'JSX.IntrinsicElements'.
src/components/SynergyUpgradesPanel.tsx(142,103): error TS2339: Property 'div' does not exist on type 'JSX.IntrinsicElements'.
src/components/SynergyUpgradesPanel.tsx(143,13): error TS2339: Property 'div' does not exist on type 'JSX.IntrinsicElements'.
src/components/SynergyUpgradesPanel.tsx(143,112): error TS2339: Property 'div' does not exist on type 'JSX.IntrinsicElements'.
src/components/SynergyUpgradesPanel.tsx(144,13): error TS2339: Property 'div' does not exist on type 'JSX.IntrinsicElements'.
src/components/SynergyUpgradesPanel.tsx(144,108): error TS2339: Property 'div' does not exist on type 'JSX.IntrinsicElements'.
src/components/SynergyUpgradesPanel.tsx(145,13): error TS2339: Property 'div' does not exist on type 'JSX.IntrinsicElements'.
src/components/SynergyUpgradesPanel.tsx(145,107): error TS2339: Property 'div' does not exist on type 'JSX.IntrinsicElements'.
src/components/SynergyUpgradesPanel.tsx(146,11): error TS2339: Property 'div' does not exist on type 'JSX.IntrinsicElements'.
src/components/SynergyUpgradesPanel.tsx(147,9): error TS2339: Property 'div' does not exist on type 'JSX.IntrinsicElements'.
src/components/SynergyUpgradesPanel.tsx(148,7): error TS2339: Property 'div' does not exist on type 'JSX.IntrinsicElements'.
src/components/TrophyPanel.tsx(2,51): error TS2792: Cannot find module 'lucide-react'. Did you mean to set the 'moduleResolution' option to 'nodenext', or to add aliases to the 'paths' option?
src/components/TrophyPanel.tsx(52,7): error TS2339: Property 'div' does not exist on type 'JSX.IntrinsicElements'.
src/components/TrophyPanel.tsx(55,11): error TS2339: Property 'div' does not exist on type 'JSX.IntrinsicElements'.
src/components/TrophyPanel.tsx(56,13): error TS2339: Property 'div' does not exist on type 'JSX.IntrinsicElements'.
src/components/TrophyPanel.tsx(58,15): error TS2339: Property 'span' does not exist on type 'JSX.IntrinsicElements'.
src/components/TrophyPanel.tsx(58,85): error TS2339: Property 'span' does not exist on type 'JSX.IntrinsicElements'.
src/components/TrophyPanel.tsx(59,13): error TS2339: Property 'div' does not exist on type 'JSX.IntrinsicElements'.
src/components/TrophyPanel.tsx(61,13): error TS2339: Property 'div' does not exist on type 'JSX.IntrinsicElements'.
src/components/TrophyPanel.tsx(65,15): error TS2339: Property 'div' does not exist on type 'JSX.IntrinsicElements'.
src/components/TrophyPanel.tsx(65,123): error TS2339: Property 'div' does not exist on type 'JSX.IntrinsicElements'.
src/components/TrophyPanel.tsx(66,13): error TS2339: Property 'div' does not exist on type 'JSX.IntrinsicElements'.
src/components/TrophyPanel.tsx(68,13): error TS2339: Property 'div' does not exist on type 'JSX.IntrinsicElements'.
src/components/TrophyPanel.tsx(69,15): error TS2339: Property 'div' does not exist on type 'JSX.IntrinsicElements'.
src/components/TrophyPanel.tsx(73,13): error TS2339: Property 'div' does not exist on type 'JSX.IntrinsicElements'.
src/components/TrophyPanel.tsx(74,13): error TS2339: Property 'div' does not exist on type 'JSX.IntrinsicElements'.
src/components/TrophyPanel.tsx(76,13): error TS2339: Property 'div' does not exist on type 'JSX.IntrinsicElements'.
src/components/TrophyPanel.tsx(77,11): error TS2339: Property 'div' does not exist on type 'JSX.IntrinsicElements'.
src/components/TrophyPanel.tsx(82,11): error TS2339: Property 'div' does not exist on type 'JSX.IntrinsicElements'.
src/components/TrophyPanel.tsx(83,13): error TS2339: Property 'div' does not exist on type 'JSX.IntrinsicElements'.
src/components/TrophyPanel.tsx(85,15): error TS2339: Property 'span' does not exist on type 'JSX.IntrinsicElements'.
src/components/TrophyPanel.tsx(85,87): error TS2339: Property 'span' does not exist on type 'JSX.IntrinsicElements'.
src/components/TrophyPanel.tsx(86,13): error TS2339: Property 'div' does not exist on type 'JSX.IntrinsicElements'.
src/components/TrophyPanel.tsx(88,13): error TS2339: Property 'div' does not exist on type 'JSX.IntrinsicElements'.
src/components/TrophyPanel.tsx(92,15): error TS2339: Property 'div' does not exist on type 'JSX.IntrinsicElements'.
src/components/TrophyPanel.tsx(92,122): error TS2339: Property 'div' does not exist on type 'JSX.IntrinsicElements'.
src/components/TrophyPanel.tsx(93,13): error TS2339: Property 'div' does not exist on type 'JSX.IntrinsicElements'.
src/components/TrophyPanel.tsx(95,13): error TS2339: Property 'div' does not exist on type 'JSX.IntrinsicElements'.
src/components/TrophyPanel.tsx(96,15): error TS2339: Property 'div' does not exist on type 'JSX.IntrinsicElements'.
src/components/TrophyPanel.tsx(100,13): error TS2339: Property 'div' does not exist on type 'JSX.IntrinsicElements'.
src/components/TrophyPanel.tsx(101,13): error TS2339: Property 'div' does not exist on type 'JSX.IntrinsicElements'.
src/components/TrophyPanel.tsx(103,13): error TS2339: Property 'div' does not exist on type 'JSX.IntrinsicElements'.
src/components/TrophyPanel.tsx(104,11): error TS2339: Property 'div' does not exist on type 'JSX.IntrinsicElements'.
src/components/TrophyPanel.tsx(108,9): error TS2339: Property 'div' does not exist on type 'JSX.IntrinsicElements'.
src/components/TrophyPanel.tsx(109,11): error TS2339: Property 'h3' does not exist on type 'JSX.IntrinsicElements'.
src/components/TrophyPanel.tsx(109,125): error TS2339: Property 'h3' does not exist on type 'JSX.IntrinsicElements'.
src/components/TrophyPanel.tsx(111,13): error TS2339: Property 'div' does not exist on type 'JSX.IntrinsicElements'.
src/components/TrophyPanel.tsx(112,15): error TS2339: Property 'p' does not exist on type 'JSX.IntrinsicElements'.
src/components/TrophyPanel.tsx(112,94): error TS2339: Property 'p' does not exist on type 'JSX.IntrinsicElements'.
src/components/TrophyPanel.tsx(113,13): error TS2339: Property 'div' does not exist on type 'JSX.IntrinsicElements'.
src/components/TrophyPanel.tsx(115,13): error TS2339: Property 'div' does not exist on type 'JSX.IntrinsicElements'.
src/components/TrophyPanel.tsx(117,17): error TS2339: Property 'div' does not exist on type 'JSX.IntrinsicElements'.
src/components/TrophyPanel.tsx(118,19): error TS2339: Property 'div' does not exist on type 'JSX.IntrinsicElements'.
src/components/TrophyPanel.tsx(120,21): error TS2339: Property 'div' does not exist on type 'JSX.IntrinsicElements'.
src/components/TrophyPanel.tsx(121,23): error TS2339: Property 'span' does not exist on type 'JSX.IntrinsicElements'.
src/components/TrophyPanel.tsx(121,112): error TS2339: Property 'span' does not exist on type 'JSX.IntrinsicElements'.
src/components/TrophyPanel.tsx(122,23): error TS2339: Property 'span' does not exist on type 'JSX.IntrinsicElements'.
src/components/TrophyPanel.tsx(124,23): error TS2339: Property 'span' does not exist on type 'JSX.IntrinsicElements'.
src/components/TrophyPanel.tsx(125,21): error TS2339: Property 'div' does not exist on type 'JSX.IntrinsicElements'.
src/components/TrophyPanel.tsx(126,19): error TS2339: Property 'div' does not exist on type 'JSX.IntrinsicElements'.
src/components/TrophyPanel.tsx(128,17): error TS2339: Property 'div' does not exist on type 'JSX.IntrinsicElements'.
src/components/TrophyPanel.tsx(130,13): error TS2339: Property 'div' does not exist on type 'JSX.IntrinsicElements'.
src/components/TrophyPanel.tsx(132,9): error TS2339: Property 'div' does not exist on type 'JSX.IntrinsicElements'.
src/components/TrophyPanel.tsx(133,7): error TS2339: Property 'div' does not exist on type 'JSX.IntrinsicElements'.
src/components/TutorialPanel.tsx(2,79): error TS2792: Cannot find module 'lucide-react'. Did you mean to set the 'moduleResolution' option to 'nodenext', or to add aliases to the 'paths' option?
src/components/TutorialPanel.tsx(6,7): error TS2322: Type '() => JSX.Element' is not assignable to type 'FC<{}>'.
  Type 'Element' is not assignable to type 'ReactNode'.
src/components/TutorialPanel.tsx(14,9): error TS2339: Property 'div' does not exist on type 'JSX.IntrinsicElements'.
src/components/TutorialPanel.tsx(15,11): error TS2339: Property 'p' does not exist on type 'JSX.IntrinsicElements'.
src/components/TutorialPanel.tsx(15,121): error TS2339: Property 'p' does not exist on type 'JSX.IntrinsicElements'.
src/components/TutorialPanel.tsx(16,11): error TS2339: Property 'div' does not exist on type 'JSX.IntrinsicElements'.
src/components/TutorialPanel.tsx(17,13): error TS2339: Property 'h4' does not exist on type 'JSX.IntrinsicElements'.
src/components/TutorialPanel.tsx(17,86): error TS2339: Property 'h4' does not exist on type 'JSX.IntrinsicElements'.
src/components/TutorialPanel.tsx(18,13): error TS2339: Property 'p' does not exist on type 'JSX.IntrinsicElements'.
src/components/TutorialPanel.tsx(18,160): error TS2339: Property 'p' does not exist on type 'JSX.IntrinsicElements'.
src/components/TutorialPanel.tsx(19,11): error TS2339: Property 'div' does not exist on type 'JSX.IntrinsicElements'.
src/components/TutorialPanel.tsx(20,9): error TS2339: Property 'div' does not exist on type 'JSX.IntrinsicElements'.
src/components/TutorialPanel.tsx(26,9): error TS2339: Property 'div' does not exist on type 'JSX.IntrinsicElements'.
src/components/TutorialPanel.tsx(27,11): error TS2339: Property 'div' does not exist on type 'JSX.IntrinsicElements'.
src/components/TutorialPanel.tsx(28,13): error TS2339: Property 'h4' does not exist on type 'JSX.IntrinsicElements'.
src/components/TutorialPanel.tsx(28,90): error TS2339: Property 'h4' does not exist on type 'JSX.IntrinsicElements'.
src/components/TutorialPanel.tsx(29,13): error TS2339: Property 'p' does not exist on type 'JSX.IntrinsicElements'.
src/components/TutorialPanel.tsx(29,135): error TS2339: Property 'p' does not exist on type 'JSX.IntrinsicElements'.
src/components/TutorialPanel.tsx(30,11): error TS2339: Property 'div' does not exist on type 'JSX.IntrinsicElements'.
src/components/TutorialPanel.tsx(31,11): error TS2339: Property 'div' does not exist on type 'JSX.IntrinsicElements'.
src/components/TutorialPanel.tsx(32,13): error TS2339: Property 'h4' does not exist on type 'JSX.IntrinsicElements'.
src/components/TutorialPanel.tsx(32,89): error TS2339: Property 'h4' does not exist on type 'JSX.IntrinsicElements'.
src/components/TutorialPanel.tsx(33,13): error TS2339: Property 'p' does not exist on type 'JSX.IntrinsicElements'.
src/components/TutorialPanel.tsx(33,139): error TS2339: Property 'p' does not exist on type 'JSX.IntrinsicElements'.
src/components/TutorialPanel.tsx(34,11): error TS2339: Property 'div' does not exist on type 'JSX.IntrinsicElements'.
src/components/TutorialPanel.tsx(35,9): error TS2339: Property 'div' does not exist on type 'JSX.IntrinsicElements'.
src/components/TutorialPanel.tsx(41,9): error TS2339: Property 'div' does not exist on type 'JSX.IntrinsicElements'.
src/components/TutorialPanel.tsx(42,11): error TS2339: Property 'div' does not exist on type 'JSX.IntrinsicElements'.
src/components/TutorialPanel.tsx(43,13): error TS2339: Property 'h4' does not exist on type 'JSX.IntrinsicElements'.
src/components/TutorialPanel.tsx(43,100): error TS2339: Property 'h4' does not exist on type 'JSX.IntrinsicElements'.
src/components/TutorialPanel.tsx(44,13): error TS2339: Property 'ul' does not exist on type 'JSX.IntrinsicElements'.
src/components/TutorialPanel.tsx(45,15): error TS2339: Property 'li' does not exist on type 'JSX.IntrinsicElements'.
src/components/TutorialPanel.tsx(45,40): error TS2339: Property 'li' does not exist on type 'JSX.IntrinsicElements'.
src/components/TutorialPanel.tsx(46,15): error TS2339: Property 'li' does not exist on type 'JSX.IntrinsicElements'.
src/components/TutorialPanel.tsx(46,38): error TS2339: Property 'li' does not exist on type 'JSX.IntrinsicElements'.
src/components/TutorialPanel.tsx(47,15): error TS2339: Property 'li' does not exist on type 'JSX.IntrinsicElements'.
src/components/TutorialPanel.tsx(47,47): error TS2339: Property 'li' does not exist on type 'JSX.IntrinsicElements'.
src/components/TutorialPanel.tsx(48,15): error TS2339: Property 'li' does not exist on type 'JSX.IntrinsicElements'.
src/components/TutorialPanel.tsx(48,50): error TS2339: Property 'li' does not exist on type 'JSX.IntrinsicElements'.
src/components/TutorialPanel.tsx(49,13): error TS2339: Property 'ul' does not exist on type 'JSX.IntrinsicElements'.
src/components/TutorialPanel.tsx(50,11): error TS2339: Property 'div' does not exist on type 'JSX.IntrinsicElements'.
src/components/TutorialPanel.tsx(51,9): error TS2339: Property 'div' does not exist on type 'JSX.IntrinsicElements'.
src/components/TutorialPanel.tsx(61,5): error TS2339: Property 'div' does not exist on type 'JSX.IntrinsicElements'.
src/components/TutorialPanel.tsx(62,7): error TS2339: Property 'div' does not exist on type 'JSX.IntrinsicElements'.
src/components/TutorialPanel.tsx(63,9): error TS2339: Property 'div' does not exist on type 'JSX.IntrinsicElements'.
src/components/TutorialPanel.tsx(64,11): error TS2339: Property 'h2' does not exist on type 'JSX.IntrinsicElements'.
src/components/TutorialPanel.tsx(66,11): error TS2339: Property 'h2' does not exist on type 'JSX.IntrinsicElements'.
src/components/TutorialPanel.tsx(67,11): error TS2339: Property 'button' does not exist on type 'JSX.IntrinsicElements'.
src/components/TutorialPanel.tsx(69,11): error TS2339: Property 'button' does not exist on type 'JSX.IntrinsicElements'.
src/components/TutorialPanel.tsx(70,9): error TS2339: Property 'div' does not exist on type 'JSX.IntrinsicElements'.
src/components/TutorialPanel.tsx(72,9): error TS2339: Property 'div' does not exist on type 'JSX.IntrinsicElements'.
src/components/TutorialPanel.tsx(74,9): error TS2339: Property 'div' does not exist on type 'JSX.IntrinsicElements'.
src/components/TutorialPanel.tsx(76,9): error TS2339: Property 'div' does not exist on type 'JSX.IntrinsicElements'.
src/components/TutorialPanel.tsx(77,11): error TS2339: Property 'div' does not exist on type 'JSX.IntrinsicElements'.
src/components/TutorialPanel.tsx(78,13): error TS2339: Property 'button' does not exist on type 'JSX.IntrinsicElements'.
src/components/TutorialPanel.tsx(84,13): error TS2339: Property 'button' does not exist on type 'JSX.IntrinsicElements'.
src/components/TutorialPanel.tsx(86,15): error TS2339: Property 'button' does not exist on type 'JSX.IntrinsicElements'.
src/components/TutorialPanel.tsx(91,15): error TS2339: Property 'button' does not exist on type 'JSX.IntrinsicElements'.
src/components/TutorialPanel.tsx(93,15): error TS2339: Property 'button' does not exist on type 'JSX.IntrinsicElements'.
src/components/TutorialPanel.tsx(98,15): error TS2339: Property 'button' does not exist on type 'JSX.IntrinsicElements'.
src/components/TutorialPanel.tsx(100,11): error TS2339: Property 'div' does not exist on type 'JSX.IntrinsicElements'.
src/components/TutorialPanel.tsx(101,11): error TS2339: Property 'div' does not exist on type 'JSX.IntrinsicElements'.
src/components/TutorialPanel.tsx(101,104): error TS2339: Property 'div' does not exist on type 'JSX.IntrinsicElements'.
src/components/TutorialPanel.tsx(102,9): error TS2339: Property 'div' does not exist on type 'JSX.IntrinsicElements'.
src/components/TutorialPanel.tsx(103,7): error TS2339: Property 'div' does not exist on type 'JSX.IntrinsicElements'.
src/components/TutorialPanel.tsx(104,5): error TS2339: Property 'div' does not exist on type 'JSX.IntrinsicElements'.
src/components/VisualEffects.tsx(2,50): error TS2792: Cannot find module 'lucide-react'. Did you mean to set the 'moduleResolution' option to 'nodenext', or to add aliases to the 'paths' option?
src/components/VisualEffects.tsx(53,11): error TS2339: Property 'div' does not exist on type 'JSX.IntrinsicElements'.
src/components/VisualEffects.tsx(58,13): error TS2339: Property 'div' does not exist on type 'JSX.IntrinsicElements'.
src/components/VisualEffects.tsx(60,15): error TS2339: Property 'span' does not exist on type 'JSX.IntrinsicElements'.
src/components/VisualEffects.tsx(60,54): error TS2339: Property 'span' does not exist on type 'JSX.IntrinsicElements'.
src/components/VisualEffects.tsx(61,13): error TS2339: Property 'div' does not exist on type 'JSX.IntrinsicElements'.
src/components/VisualEffects.tsx(64,13): error TS2339: Property 'div' does not exist on type 'JSX.IntrinsicElements'.
src/components/VisualEffects.tsx(76,13): error TS2339: Property 'div' does not exist on type 'JSX.IntrinsicElements'.
src/components/VisualEffects.tsx(77,11): error TS2339: Property 'div' does not exist on type 'JSX.IntrinsicElements'.
src/components/VisualEffects.tsx(82,11): error TS2339: Property 'div' does not exist on type 'JSX.IntrinsicElements'.
src/components/VisualEffects.tsx(87,13): error TS2339: Property 'div' does not exist on type 'JSX.IntrinsicElements'.
src/components/VisualEffects.tsx(89,15): error TS2339: Property 'span' does not exist on type 'JSX.IntrinsicElements'.
src/components/VisualEffects.tsx(89,57): error TS2339: Property 'span' does not exist on type 'JSX.IntrinsicElements'.
src/components/VisualEffects.tsx(90,13): error TS2339: Property 'div' does not exist on type 'JSX.IntrinsicElements'.
src/components/VisualEffects.tsx(93,13): error TS2339: Property 'div' does not exist on type 'JSX.IntrinsicElements'.
src/components/VisualEffects.tsx(95,17): error TS2339: Property 'div' does not exist on type 'JSX.IntrinsicElements'.
src/components/VisualEffects.tsx(105,13): error TS2339: Property 'div' does not exist on type 'JSX.IntrinsicElements'.
src/components/VisualEffects.tsx(106,11): error TS2339: Property 'div' does not exist on type 'JSX.IntrinsicElements'.
src/components/VisualEffects.tsx(111,11): error TS2339: Property 'div' does not exist on type 'JSX.IntrinsicElements'.
src/components/VisualEffects.tsx(117,13): error TS2339: Property 'div' does not exist on type 'JSX.IntrinsicElements'.
src/components/VisualEffects.tsx(122,17): error TS2339: Property 'div' does not exist on type 'JSX.IntrinsicElements'.
src/components/VisualEffects.tsx(132,13): error TS2339: Property 'div' does not exist on type 'JSX.IntrinsicElements'.
src/components/VisualEffects.tsx(133,11): error TS2339: Property 'div' does not exist on type 'JSX.IntrinsicElements'.
src/components/VisualEffects.tsx(138,11): error TS2339: Property 'div' does not exist on type 'JSX.IntrinsicElements'.
src/components/VisualEffects.tsx(144,13): error TS2339: Property 'div' does not exist on type 'JSX.IntrinsicElements'.
src/components/VisualEffects.tsx(146,15): error TS2339: Property 'div' does not exist on type 'JSX.IntrinsicElements'.
src/components/VisualEffects.tsx(163,15): error TS2339: Property 'div' does not exist on type 'JSX.IntrinsicElements'.
src/components/VisualEffects.tsx(167,13): error TS2339: Property 'div' does not exist on type 'JSX.IntrinsicElements'.
src/components/VisualEffects.tsx(168,11): error TS2339: Property 'div' does not exist on type 'JSX.IntrinsicElements'.
src/components/VisualEffects.tsx(177,5): error TS2339: Property 'div' does not exist on type 'JSX.IntrinsicElements'.
src/components/VisualEffects.tsx(190,7): error TS2339: Property 'style' does not exist on type 'JSX.IntrinsicElements'.
src/components/VisualEffects.tsx(195,9): error TS2339: Property 'style' does not exist on type 'JSX.IntrinsicElements'.
src/components/VisualEffects.tsx(196,5): error TS2339: Property 'div' does not exist on type 'JSX.IntrinsicElements'.
src/lib/progression/achievements.ts(130,33): error TS2339: Property 'totalUsers' does not exist on type 'GameStats'.
src/lib/progression/achievements.ts(131,15): error TS2322: Type '"crazy_bonus"' is not assignable to type '"income_multiplier" | "click_power" | "offline_multiplier" | "prestige_bonus"'.
src/lib/progression/achievements.ts(138,33): error TS2339: Property 'totalUsers' does not exist on type 'GameStats'.
src/lib/progression/achievements.ts(139,15): error TS2322: Type '"crazy_bonus"' is not assignable to type '"income_multiplier" | "click_power" | "offline_multiplier" | "prestige_bonus"'.
src/lib/progression/achievements.ts(146,33): error TS2339: Property 'totalUsers' does not exist on type 'GameStats'.
src/lib/progression/achievements.ts(147,15): error TS2322: Type '"crazy_bonus"' is not assignable to type '"income_multiplier" | "click_power" | "offline_multiplier" | "prestige_bonus"'.
src/lib/progression/achievements.ts(154,33): error TS2339: Property 'totalUsers' does not exist on type 'GameStats'.
src/lib/progression/achievements.ts(155,15): error TS2322: Type '"crazy_bonus"' is not assignable to type '"income_multiplier" | "click_power" | "offline_multiplier" | "prestige_bonus"'.
src/lib/progression/achievements.ts(162,33): error TS2339: Property 'totalUsers' does not exist on type 'GameStats'.
src/lib/progression/achievements.ts(163,15): error TS2322: Type '"crazy_bonus"' is not assignable to type '"income_multiplier" | "click_power" | "offline_multiplier" | "prestige_bonus"'.
src/lib/progression/achievements.ts(228,14): error TS2678: Type '"crazy_bonus"' is not comparable to type '"income_multiplier" | "click_power" | "offline_multiplier" | "prestige_bonus"'.
src/lib/stores/useAudio.tsx(1,24): error TS2792: Cannot find module 'zustand'. Did you mean to set the 'moduleResolution' option to 'nodenext', or to add aliases to the 'paths' option?
src/lib/stores/useMetamanGame.tsx(1,24): error TS2792: Cannot find module 'zustand'. Did you mean to set the 'moduleResolution' option to 'nodenext', or to add aliases to the 'paths' option?
src/lib/stores/useMetamanGame.tsx(2,39): error TS2792: Cannot find module 'zustand/middleware'. Did you mean to set the 'moduleResolution' option to 'nodenext', or to add aliases to the 'paths' option?
src/lib/upgrades/SynergySystem.ts(97,14): error TS2365: Operator '<' cannot be applied to types 'unknown' and 'number'.
src/lib/upgrades/SynergySystem.ts(124,14): error TS2365: Operator '>=' cannot be applied to types 'unknown' and 'number'.
src/lib/upgrades/SynergySystem.ts(183,14): error TS2365: Operator '>=' cannot be applied to types 'unknown' and 'number'.
src/lib/utils/adaptiveUI.ts(154,14): error TS2339: Property 'fontSize' does not exist on type 'CSSProperties'.
src/lib/utils/adaptiveUI.ts(155,14): error TS2339: Property 'lineHeight' does not exist on type 'CSSProperties'.
src/lib/utils/adaptiveUI.ts(158,14): error TS2339: Property 'minHeight' does not exist on type 'CSSProperties'.
src/lib/utils/adaptiveUI.ts(159,14): error TS2339: Property 'padding' does not exist on type 'CSSProperties'.
src/lib/utils/adaptiveUI.ts(162,14): error TS2339: Property 'width' does not exist on type 'CSSProperties'.
src/lib/utils/adaptiveUI.ts(163,14): error TS2339: Property 'height' does not exist on type 'CSSProperties'.
src/lib/utils/adaptiveUI.ts(166,14): error TS2339: Property 'gap' does not exist on type 'CSSProperties'.
src/lib/utils/adaptiveUI.ts(169,14): error TS2339: Property 'padding' does not exist on type 'CSSProperties'.
src/lib/utils/adaptiveUI.ts(172,14): error TS2339: Property 'borderRadius' does not exist on type 'CSSProperties'.
